******************************************************************************
                  TI ARM Linker Unix v20.2.2                   
******************************************************************************
>> Linked Wed May 25 15:01:10 2022

OUTPUT FILE NAME:   <lab1.out>
ENTRY POINT SYMBOL: "_c_int00_noargs"  address: 000035bd


MEMORY CONFIGURATION

         name            origin    length      used     unused   attr    fill
----------------------  --------  ---------  --------  --------  ----  --------
  FLASH                 00000000   00040000  0000527c  0003ad84  R  X
  SRAM                  20000000   00008000  00005ac9  00002537  RW X


SEGMENT ALLOCATION MAP

run origin  load origin   length   init length attrs members
----------  ----------- ---------- ----------- ----- -------
00000000    00000000    00005280   00005280    r-x
  00000000    00000000    0000026c   0000026c    r-- .intvecs
  0000026c    0000026c    00003ae0   00003ae0    r-x .text
  00003d4c    00003d4c    000014e0   000014e0    r-- .const
  00005230    00005230    00000050   00000050    r-- .cinit
20000000    20000000    00005ac9   00000000    rw-
  20000000    20000000    0000026c   00000000    rw- .vtable
  2000026c    2000026c    000055cc   00000000    rw- .bss
  20005838    20005838    00000200   00000000    rw- .stack
  20005a38    20005a38    00000091   00000000    rw- .data


SECTION ALLOCATION MAP

 output                                  attributes/
section   page    origin      length       input sections
--------  ----  ----------  ----------   ----------------
.intvecs   0    00000000    0000026c     
                  00000000    0000026c     startup_ccs.obj (.intvecs)

.text      0    0000026c    00003ae0     
                  0000026c    0000025c     freertos_demo.obj (.text:main)
                  000004c8    00000204     sprite.obj (.text:RoadMove)
                  000006cc    000001ee     uartstdio.obj (.text:UARTvprintf)
                  000008ba    00000002     startup_ccs.obj (.text:FaultISR)
                  000008bc    000001c4     FSM.obj (.text:StateMachineUpdate)
                  00000a80    0000018c     sprite.obj (.text:GameOver)
                  00000c0c    00000154     Task6.obj (.text:vTask6)
                  00000d60    00000148     sprite.obj (.text:Player_Point)
                  00000ea8    00000132     driverlib.lib : gpio.obj (.text:GPIOPadConfigSet)
                  00000fda    00000002     startup_ccs.obj (.text:IntDefaultHandler)
                  00000fdc    00000118     queue.obj (.text:xQueueGenericReceive)
                  000010f4    00000110     driverlib.lib : sysctl.obj (.text:SysCtlClockGet)
                  00001204    0000010c     tasks.obj (.text:xTaskIncrementTick)
                  00001310    00000100     SPI.obj (.text:Nokia5110_Init)
                  00001410    00000100     tasks.obj (.text:xTaskGenericCreate)
                  00001510    000000f4     driverlib.lib : sysctl.obj (.text:SysCtlClockSet)
                  00001604    000000f0     SPI.obj (.text:Nokia5110_PrintBMP)
                  000016f4    000000e8     queue.obj (.text:xQueueGenericSend)
                  000017dc    000000e4     tasks.obj (.text:xTaskResumeAll)
                  000018c0    000000d2     portasm.obj (.text)
                  00001992    00000002     startup_ccs.obj (.text:NmiSR)
                  00001994    000000c0     Task4.obj (.text:vTask4)
                  00001a54    000000ac     heap_2.obj (.text:pvPortMalloc)
                  00001b00    000000ac     Task1.obj (.text:vTask1)
                  00001bac    000000a8     Task5.obj (.text:vTask5)
                  00001c54    000000a4     timers.obj (.text:prvProcessReceivedCommands)
                  00001cf8    000000a0     Task1.obj (.text:PortFIntHandler)
                  00001d98    0000009c     rtsv7M4_T_le_v4SPD16_eabi.lib : memcpy_t2.asm.obj (.text)
                  00001e34    00000094     Task4.obj (.text:PortAIntHandler)
                  00001ec8    00000090     SPI.obj (.text:Nokia5110_OutChar)
                  00001f58    00000090     tasks.obj (.text:vTaskPriorityInherit)
                  00001fe8    0000008c     tasks.obj (.text:vTaskSwitchContext)
                  00002074    00000084     tasks.obj (.text:vTaskDelayUntil)
                  000020f8    00000084     queue.obj (.text:xQueueGenericReset)
                  0000217c    00000080     Task3.obj (.text:vTask3)
                  000021fc    0000007a     driverlib.lib : adc.obj (.text:ADCSequenceStepConfigure)
                  00002276    0000007a     rtsv7M4_T_le_v4SPD16_eabi.lib : memset_t2.asm.obj (.text)
                  000022f0    00000078     sprite.obj (.text:Enemy_Draw)
                  00002368    00000078     Config_Register.obj (.text:Uart_Init)
                  000023e0    00000078     tasks.obj (.text:xTaskPriorityDisinherit)
                  00002458    00000074     Config_Register.obj (.text:ADC_Init)
                  000024cc    00000074     tasks.obj (.text:xTaskRemoveFromEventList)
                  00002540    00000072     queue.obj (.text:prvCopyDataToQueue)
                  000025b2    00000002     rtsv7M4_T_le_v4SPD16_eabi.lib : _lock.c.obj (.text:_nop)
                  000025b4    00000070     timers.obj (.text:prvProcessTimerOrBlockTask)
                  00002624    00000068     driverlib.lib : interrupt.obj (.text:IntEnable)
                  0000268c    00000068     rtsv7M4_T_le_v4SPD16_eabi.lib : copy_decompress_lzss.c.obj (.text:decompress:lzss:__TI_decompress_lzss)
                  000026f4    00000068     tasks.obj (.text:vTaskPlaceOnEventListRestricted)
                  0000275c    00000068     tasks.obj (.text:vTaskStartScheduler)
                  000027c4    00000064     Task2.obj (.text:vTask2)
                  00002828    00000064     tasks.obj (.text:vTaskPlaceOnEventList)
                  0000288c    00000062     queue.obj (.text:prvUnlockQueue)
                  000028ee    00000002     rtsv7M4_T_le_v4SPD16_eabi.lib : div0.asm.obj (.text)
                  000028f0    00000060     uartstdio.obj (.text:UARTStdioConfig)
                  00002950    00000060     tasks.obj (.text:prvInitialiseTaskLists)
                  000029b0    00000060     timers.obj (.text:prvSwitchTimerLists)
                  00002a10    0000005e     rtsv7M4_T_le_v4SPD16_eabi.lib : i_divt2.asm.obj (.text)
                  00002a6e    00000002     freertos_demo.obj (.text:vApplicationStackOverflowHook)
                  00002a70    0000005c     timers.obj (.text:prvCheckForValidListAndQueue)
                  00002acc    0000005c     tasks.obj (.text:vTaskDelay)
                  00002b28    0000005c     queue.obj (.text:xQueueGenericSendFromISR)
                  00002b84    00000058     sprite.obj (.text:AutoFire)
                  00002bdc    00000058     sprite.obj (.text:Enemy_Move)
                  00002c34    00000058     SPI.obj (.text:lcdwrite)
                  00002c8c    00000058     tasks.obj (.text:prvCheckTasksWaitingTermination)
                  00002ce4    00000056     driverlib.lib : gpio.obj (.text:GPIOIntTypeSet)
                  00002d3a    00000056     tasks.obj (.text:prvInitialiseTCBVariables)
                  00002d90    00000056     queue.obj (.text:xQueueGiveFromISR)
                  00002de6    00000002     freertos_demo.obj (.text:vApplicationTickHook)
                  00002de8    00000054     sprite.obj (.text:Missile_Move)
                  00002e3c    00000054     tasks.obj (.text:xTaskCheckForTimeOut)
                  00002e90    00000050     driverlib.lib : adc.obj (.text:ADCSequenceConfigure)
                  00002ee0    0000004e     queue.obj (.text:xQueueCreateMutex)
                  00002f2e    00000002     --HOLE-- [fill = 0]
                  00002f30    0000004c     Config_Register.obj (.text:PortF_Init)
                  00002f7c    0000004c     tasks.obj (.text:prvAddCurrentTaskToDelayedList)
                  00002fc8    00000048     sprite.obj (.text:Enemy_Init)
                  00003010    00000048     driverlib.lib : gpio.obj (.text:GPIOPinConfigure)
                  00003058    00000048     uartstdio.obj (.text:UARTwrite)
                  000030a0    00000048     timers.obj (.text:prvProcessExpiredTimer)
                  000030e8    00000044     sprite.obj (.text:Bunker_Draw)
                  0000312c    00000044     driverlib.lib : gpio.obj (.text:_GPIOIntNumberGet)
                  00003170    00000044     rtsv7M4_T_le_v4SPD16_eabi.lib : autoinit.c.obj (.text:__TI_auto_init_nobinit_nopinit:__TI_auto_init_nobinit_nopinit)
                  000031b4    00000044     timers.obj (.text:prvInsertTimerInActiveList)
                  000031f8    00000044     heap_2.obj (.text:vPortFree)
                  0000323c    00000044     timers.obj (.text:xTimerGenericCommand)
                  00003280    00000040     rtsv7M4_T_le_v4SPD16_eabi.lib : u_divt2.asm.obj (.text)
                  000032c0    00000040     queue.obj (.text:vQueueWaitForMessageRestricted)
                  00003300    00000040     port.obj (.text:xPortStartScheduler)
                  00003340    00000040     timers.obj (.text:xTimerCreateTimerTask)
                  00003380    0000003c     sprite.obj (.text:Missile_Init)
                  000033bc    0000003c     SPI.obj (.text:Nokia5110_SetCursor)
                  000033f8    0000003c     driverlib.lib : ssi.obj (.text:SSIConfigSetExpClk)
                  00003434    0000003c     queue.obj (.text:xQueueGenericCreate)
                  00003470    0000003a     tasks.obj (.text:prvAllocateTCBAndStack)
                  000034aa    0000003a     timers.obj (.text:xTimerCreate)
                  000034e4    00000038     sprite.obj (.text:Player_Init)
                  0000351c    00000038     list.obj (.text:vListInsert)
                  00003554    00000034     driverlib.lib : interrupt.obj (.text:IntRegister)
                  00003588    00000034                   : sysctl.obj (.text:SysCtlPeripheralEnable)
                  000035bc    00000034     rtsv7M4_T_le_v4SPD16_eabi.lib : boot_cortex_m.c.obj (.text:_c_int00_noargs:_c_int00_noargs)
                  000035f0    00000034                                   : rand.c.obj (.text:rand)
                  00003624    00000030     Config_Register.obj (.text:Interrupt_GPIOA_Init)
                  00003654    00000030     Config_Register.obj (.text:Interrupt_GPIOF_Init)
                  00003684    00000030     heap_2.obj (.text:prvHeapInit)
                  000036b4    0000002e     driverlib.lib : adc.obj (.text:ADCIntStatus)
                  000036e2    0000002c     Task1.obj (.text:Level1)
                  0000370e    00000002     --HOLE-- [fill = 0]
                  00003710    0000002c     sprite.obj (.text:Player_Missile_Move)
                  0000373c    0000002c     port.obj (.text:xPortSysTickHandler)
                  00003768    0000002a     driverlib.lib : gpio.obj (.text:GPIODirModeSet)
                  00003792    00000002     --HOLE-- [fill = 0]
                  00003794    00000028     sprite.obj (.text:Player_Missile_Init)
                  000037bc    00000028     Config_Register.obj (.text:PortA_Init)
                  000037e4    00000028     tasks.obj (.text:prvResetNextTaskUnblockTime)
                  0000380c    00000028     timers.obj (.text:prvSampleTimeNow)
                  00003834    00000028     port.obj (.text:pxPortInitialiseStack)
                  0000385c    00000026     queue.obj (.text:prvCopyDataFromQueue)
                  00003882    00000002     --HOLE-- [fill = 0]
                  00003884    00000024     sprite.obj (.text:Bunker_Init)
                  000038a8    00000024     sprite.obj (.text:Missile_Draw)
                  000038cc    00000024     sprite.obj (.text:Player_Draw)
                  000038f0    00000020     SPI.obj (.text:Nokia5110_DrawFullImage)
                  00003910    00000020     timers.obj (.text:prvGetNextExpireTime)
                  00003930    00000020     list.obj (.text:uxListRemove)
                  00003950    00000020     queue.obj (.text:vQueueAddToRegistry)
                  00003970    00000020     tasks.obj (.text:xTaskGetSchedulerState)
                  00003990    0000001e     driverlib.lib : adc.obj (.text:ADCSequenceDataGet)
                  000039ae    0000001c     SPI.obj (.text:Nokia5110_Clear)
                  000039ca    0000001c     queue.obj (.text:prvIsQueueFull)
                  000039e6    00000002     --HOLE-- [fill = 0]
                  000039e8    0000001c     TaskTimer.obj (.text:prvOneShotTimerCallback)
                  00003a04    0000001c     port.obj (.text:vPortEnterCritical)
                  00003a20    0000001a     uartstdio.obj (.text:UARTprintf)
                  00003a3a    0000001a     queue.obj (.text:prvIsQueueEmpty)
                  00003a54    00000018     driverlib.lib : adc.obj (.text:ADCProcessorTrigger)
                  00003a6c    00000018                   : gpio.obj (.text:GPIOIntRegister)
                  00003a84    00000018                   : gpio.obj (.text:GPIOPinTypeGPIOOutput)
                  00003a9c    00000018     SPI.obj (.text:Nokia5110_ClearBuffer)
                  00003ab4    00000018     sprite.obj (.text:Player_Missile_Draw)
                  00003acc    00000018     tasks.obj (.text:pvTaskIncrementMutexHeldCount)
                  00003ae4    00000018     list.obj (.text:vListInsertEnd)
                  00003afc    00000018     port.obj (.text:vPortExitCritical)
                  00003b14    00000018     tasks.obj (.text:vTaskSetTimeOutState)
                  00003b2c    00000016     list.obj (.text:vListInitialise)
                  00003b42    00000014     SPI.obj (.text:Nokia5110_OutString)
                  00003b56    00000014     timers.obj (.text:prvTimerTask)
                  00003b6a    00000002     --HOLE-- [fill = 0]
                  00003b6c    00000014     port.obj (.text:vPortSetupTimerInterrupt)
                  00003b80    00000012     driverlib.lib : gpio.obj (.text:GPIOPinTypeADC)
                  00003b92    00000012                   : gpio.obj (.text:GPIOPinTypeGPIOInput)
                  00003ba4    00000012                   : gpio.obj (.text:GPIOPinTypeSSI)
                  00003bb6    00000012                   : gpio.obj (.text:GPIOPinTypeUART)
                  00003bc8    00000012                   : ssi.obj (.text:SSIDataGetNonBlocking)
                  00003bda    00000012     tasks.obj (.text:prvDeleteTCB)
                  00003bec    00000010     driverlib.lib : interrupt.obj (.text:IntMasterEnable)
                  00003bfc    00000010     port.obj (.text:prvTaskExitError)
                  00003c0c    00000010     freertos_demo.obj (.text:vApplicationIdleHook)
                  00003c1c    00000010     tasks.obj (.text:vTaskSuspendAll)
                  00003c2c    0000000e     driverlib.lib : adc.obj (.text:ADCHardwareOversampleConfigure)
                  00003c3a    0000000e                   : adc.obj (.text:ADCSequenceDisable)
                  00003c48    0000000e                   : adc.obj (.text:ADCSequenceEnable)
                  00003c56    0000000e                   : gpio.obj (.text:GPIOIntStatus)
                  00003c64    0000000e     rtsv7M4_T_le_v4SPD16_eabi.lib : copy_decompress_none.c.obj (.text:decompress:none:__TI_decompress_none)
                  00003c72    0000000c     driverlib.lib : cpu.obj (.text:CPUcpsie)
                  00003c7e    0000000c                   : gpio.obj (.text:GPIOIntEnable)
                  00003c8a    00000002     --HOLE-- [fill = 0]
                  00003c8c    0000000c     SPI.obj (.text:Nokia5110_DisplayBuffer)
                  00003c98    0000000c     rtsv7M4_T_le_v4SPD16_eabi.lib : copy_zero_init.c.obj (.text:decompress:ZI:__TI_zero_init)
                  00003ca4    0000000c     tasks.obj (.text:prvIdleTask)
                  00003cb0    0000000c     tasks.obj (.text:vTaskMissedYield)
                  00003cbc    0000000c     heap_2.obj (.text:xPortGetFreeHeapSize)
                  00003cc8    0000000c     tasks.obj (.text:xTaskGetTickCount)
                  00003cd4    0000000a     driverlib.lib : adc.obj (.text:ADCIntClear)
                  00003cde    0000000a                   : ssi.obj (.text:SSIDataPut)
                  00003ce8    0000000a                   : ssi.obj (.text:SSIDisable)
                  00003cf2    0000000a                   : ssi.obj (.text:SSIEnable)
                  00003cfc    0000000a                   : uart.obj (.text:UARTFIFOEnable)
                  00003d06    00000008                   : ssi.obj (.text:SSIBusy)
                  00003d0e    00000006                   : gpio.obj (.text:GPIOIntClear)
                  00003d14    00000006                   : gpio.obj (.text:GPIOPinRead)
                  00003d1a    00000006                   : gpio.obj (.text:GPIOPinWrite)
                  00003d20    00000006     startup_ccs.obj (.text:ResetISR)
                  00003d26    00000006     driverlib.lib : ssi.obj (.text:SSIClockSourceSet)
                  00003d2c    00000006                   : sysctl.obj (.text:SysCtlDelay)
                  00003d32    00000006                   : uart.obj (.text:UARTClockSourceSet)
                  00003d38    00000006                   : uart.obj (.text:UARTFIFOLevelSet)
                  00003d3e    00000006     list.obj (.text:vListInitialiseItem)
                  00003d44    00000004     rtsv7M4_T_le_v4SPD16_eabi.lib : pre_init.c.obj (.text:_system_pre_init)
                  00003d48    00000004                                   : exit.c.obj (.text:abort:abort)

.const     0    00003d4c    000014e0     
                  00003d4c    000001e0     SPI.obj (.const:ASCII)
                  00003f2c    000000d8     driverlib.lib : gpio.obj (.const:g_ppui32GPIOIntMapSnowflake)
                  00004004    000000d7     Images.obj (.const:.string:BigExplosion0)
                  000040db    000000d7     Images.obj (.const:.string:PlayerShip0)
                  000041b2    000000c7     Images.obj (.const:.string:Blank_car)
                  00004279    000000c7     Images.obj (.const:.string:Enemy_car)
                  00004340    000000c7     Images.obj (.const:.string:SmallEnemy10PointA)
                  00004407    000000c7     Images.obj (.const:.string:SmallExplosion0)
                  000044ce    000000c7     Images.obj (.const:.string:collide)
                  00004595    000000c7     Images.obj (.const:.string:player_car)
                  0000465c    000000c7     Images.obj (.const:.string:road1)
                  00004723    000000c7     Images.obj (.const:.string:road1_D)
                  000047ea    000000c7     Images.obj (.const:.string:road2)
                  000048b1    000000c7     Images.obj (.const:.string:road2_D)
                  00004978    000000c7     Images.obj (.const:.string:road3)
                  00004a3f    000000c7     Images.obj (.const:.string:road3_D)
                  00004b06    000000c7     Images.obj (.const:.string:road4)
                  00004bcd    000000c7     Images.obj (.const:.string:road4_D)
                  00004c94    000000c0     driverlib.lib : gpio.obj (.const:g_ppui32GPIOIntMapBlizzard)
                  00004d54    000000b3     Images.obj (.const:.string:Bunker0)
                  00004e07    000000b3     Images.obj (.const:.string:Bunker1)
                  00004eba    000000b3     Images.obj (.const:.string:Bunker2)
                  00004f6d    0000009b     Images.obj (.const:.string:Laser0)
                  00005008    0000009b     Images.obj (.const:.string:Missile0)
                  000050a3    00000001     --HOLE-- [fill = 0]
                  000050a4    00000090     driverlib.lib : gpio.obj (.const:g_pui32GPIOBaseAddrs)
                  00005134    00000070                   : interrupt.obj (.const)
                  000051a4    0000006c                   : sysctl.obj (.const:g_pui32Xtals)
                  00005210    0000000c     uartstdio.obj (.const:g_ui32UARTBase)
                  0000521c    0000000c     uartstdio.obj (.const:g_ui32UARTPeriph)
                  00005228    00000004     port.obj (.const)

.cinit     0    00005230    00000050     
                  00005230    0000001a     (.cinit..data.load) [load image, compression = lzss]
                  0000524a    00000002     --HOLE-- [fill = 0]
                  0000524c    0000000c     (__TI_handler_table)
                  00005258    00000008     (.cinit..bss.load) [load image, compression = zero_init]
                  00005260    00000008     (.cinit..vtable.load) [load image, compression = zero_init]
                  00005268    00000018     (__TI_cinit_table)

.init_array 
*          0    00000000    00000000     UNINITIALIZED

.vtable    0    20000000    0000026c     UNINITIALIZED
                  20000000    0000026c     driverlib.lib : interrupt.obj (.vtable)

.bss       0    2000026c    000055cc     UNINITIALIZED
                  2000026c    00004e20     heap_2.obj (.bss:ucHeap)
                  2000508c    000001f8     (.common:Screen)
                  20005284    00000140     tasks.obj (.bss:pxReadyTasksLists)
                  200053c4    0000012c     (.common:Enemy)
                  200054f0    0000012c     (.common:Missile)
                  2000561c    00000050     (.common:xQueueRegistry)
                  2000566c    0000003c     sprite.obj (.bss:d$1)
                  200056a8    0000003c     sprite.obj (.bss:e$2)
                  200056e4    00000028     (.common:Bunker)
                  2000570c    00000020     (.common:enemy)
                  2000572c    00000014     timers.obj (.bss:xActiveTimerList1)
                  20005740    00000014     timers.obj (.bss:xActiveTimerList2)
                  20005754    00000014     tasks.obj (.bss:xDelayedTaskList1)
                  20005768    00000014     tasks.obj (.bss:xDelayedTaskList2)
                  2000577c    00000014     tasks.obj (.bss:xPendingReadyList)
                  20005790    00000014     tasks.obj (.bss:xSuspendedTaskList)
                  200057a4    00000014     tasks.obj (.bss:xTasksWaitingTermination)
                  200057b8    00000014     (.common:Player)
                  200057cc    00000014     (.common:Player_Missile)
                  200057e0    00000010     (.common:player)
                  200057f0    00000008     tasks.obj (.bss)
                  200057f8    00000008     timers.obj (.bss)
                  20005800    00000008     heap_2.obj (.bss:xEnd)
                  20005808    00000008     heap_2.obj (.bss:xStart)
                  20005810    00000004     (.common:car_generation)
                  20005814    00000004     (.common:xOneShotTimer)
                  20005818    00000004     (.common:xQueue1)
                  2000581c    00000004     (.common:xSemaphore1)
                  20005820    00000004     (.common:xSemaphore3)
                  20005824    00000004     (.common:xTaskHandle1)
                  20005828    00000004     (.common:xTaskHandle2)
                  2000582c    00000004     (.common:xTaskHandle3)
                  20005830    00000004     (.common:xTaskHandle4)
                  20005834    00000004     (.common:xTaskHandle5)

.data      0    20005a38    00000091     UNINITIALIZED
                  20005a38    00000030     tasks.obj (.data)
                  20005a68    00000025     sprite.obj (.data)
                  20005a8d    00000002     Task1.obj (.data)
                  20005a8f    00000001     FSM.obj (.data)
                  20005a90    00000008     rtsv7M4_T_le_v4SPD16_eabi.lib : _lock.c.obj (.data:$O1$$)
                  20005a98    00000008     SPI.obj (.data)
                  20005aa0    00000008     heap_2.obj (.data)
                  20005aa8    00000008     timers.obj (.data)
                  20005ab0    00000005     uartstdio.obj (.data)
                  20005ab5    00000001     Task4.obj (.data)
                  20005ab6    00000002     Task3.obj (.data)
                  20005ab8    00000004     Task5.obj (.data)
                  20005abc    00000004     freertos_demo.obj (.data)
                  20005ac0    00000004     port.obj (.data)
                  20005ac4    00000004     rtsv7M4_T_le_v4SPD16_eabi.lib : rand.c.obj (.data)
                  20005ac8    00000001     TaskTimer.obj (.data)

.stack     0    20005838    00000200     UNINITIALIZED
                  20005838    00000004     rtsv7M4_T_le_v4SPD16_eabi.lib : boot_cortex_m.c.obj (.stack)
                  2000583c    000001fc     --HOLE--

__llvm_prf_cnts 
*          0    20000000    00000000     UNINITIALIZED

MODULE SUMMARY

       Module                       code    ro data   rw data
       ------                       ----    -------   -------
    ./
       Images.obj                   0       4063      0      
       sprite.obj                   2092    0         157    
       Task1.obj                    376     0         770    
       startup_ccs.obj              12      620       0      
       freertos_demo.obj            624     0         4      
       Task4.obj                    340     0         1      
       Task6.obj                    340     0         0      
       Task5.obj                    168     0         4      
       Task3.obj                    128     0         2      
       Task2.obj                    100     0         0      
       TaskTimer.obj                28      0         1      
    +--+----------------------------+-------+---------+---------+
       Total:                       4208    4683      939    
                                                             
    ./Config_Register/
       Config_Register.obj          448     0         0      
    +--+----------------------------+-------+---------+---------+
       Total:                       448     0         0      
                                                             
    ./FSM/
       FSM.obj                      452     0         1      
    +--+----------------------------+-------+---------+---------+
       Total:                       452     0         1      
                                                             
    ./Nokia5110/
       SPI.obj                      904     480       512    
    +--+----------------------------+-------+---------+---------+
       Total:                       904     480       512    
                                                             
    ./third_party/FreeRTOS/Source/
       tasks.obj                    2482    0         476    
       queue.obj                    1360    0         80     
       timers.obj                   886     0         56     
       list.obj                     140     0         0      
    +--+----------------------------+-------+---------+---------+
       Total:                       4868    0         612    
                                                             
    ./third_party/FreeRTOS/Source/portable/CCS/ARM_CM4F/
       port.obj                     236     4         4      
       portasm.obj                  210     0         0      
    +--+----------------------------+-------+---------+---------+
       Total:                       446     4         4      
                                                             
    ./third_party/FreeRTOS/Source/portable/MemMang/
       heap_2.obj                   300     0         20024  
    +--+----------------------------+-------+---------+---------+
       Total:                       300     0         20024  
                                                             
    ./utils/
       uartstdio.obj                688     24        5      
    +--+----------------------------+-------+---------+---------+
       Total:                       688     24        5      
                                                             
    /home/nghia/ti/SW-TM4C-2.1.4.178/driverlib/ccs/Debug/driverlib.lib
       gpio.obj                     738     552       0      
       interrupt.obj                172     112       620    
       sysctl.obj                   574     108       0      
       adc.obj                      354     0         0      
       ssi.obj                      122     0         0      
       uart.obj                     22      0         0      
       cpu.obj                      12      0         0      
    +--+----------------------------+-------+---------+---------+
       Total:                       1994    772       620    
                                                             
    /home/nghia/ti/ccs1020/ccs/tools/compiler/ti-cgt-arm_20.2.2.LTS/lib/rtsv7M4_T_le_v4SPD16_eabi.lib
       memcpy_t2.asm.obj            156     0         0      
       memset_t2.asm.obj            122     0         0      
       copy_decompress_lzss.c.obj   104     0         0      
       i_divt2.asm.obj              94      0         0      
       autoinit.c.obj               68      0         0      
       u_divt2.asm.obj              64      0         0      
       rand.c.obj                   52      0         4      
       boot_cortex_m.c.obj          52      0         0      
       copy_decompress_none.c.obj   14      0         0      
       copy_zero_init.c.obj         12      0         0      
       _lock.c.obj                  2       0         8      
       exit.c.obj                   4       0         0      
       pre_init.c.obj               4       0         0      
       div0.asm.obj                 2       0         0      
    +--+----------------------------+-------+---------+---------+
       Total:                       750     0         12     
                                                             
       Stack:                       0       0         512    
       Linker Generated:            0       78        0      
    +--+----------------------------+-------+---------+---------+
       Grand Total:                 15058   6041      23241  


LINKER GENERATED COPY TABLES

__TI_cinit_table @ 00005268 records: 3, size/record: 8, table size: 24
	.data: load addr=00005230, load size=0000001a bytes, run addr=20005a38, run size=00000091 bytes, compression=lzss
	.bss: load addr=00005258, load size=00000008 bytes, run addr=2000026c, run size=000055cc bytes, compression=zero_init
	.vtable: load addr=00005260, load size=00000008 bytes, run addr=20000000, run size=0000026c bytes, compression=zero_init


LINKER GENERATED HANDLER TABLE

__TI_handler_table @ 0000524c records: 3, size/record: 4, table size: 12
	index: 0, handler: __TI_zero_init
	index: 1, handler: __TI_decompress_lzss
	index: 2, handler: __TI_decompress_none


GLOBAL SYMBOLS: SORTED ALPHABETICALLY BY Name 

address   name                           
-------   ----                           
00003c2d  ADCHardwareOversampleConfigure 
00003cd5  ADCIntClear                    
000036b5  ADCIntStatus                   
00003a55  ADCProcessorTrigger            
00002e91  ADCSequenceConfigure           
00003991  ADCSequenceDataGet             
00003c3b  ADCSequenceDisable             
00003c49  ADCSequenceEnable              
000021fd  ADCSequenceStepConfigure       
00002459  ADC_Init                       
00002b85  AutoFire                       
00004004  BigExplosion0                  
000041b2  Blank_car                      
200056e4  Bunker                         
00004d54  Bunker0                        
00004e07  Bunker1                        
00004eba  Bunker2                        
000030e9  Bunker_Draw                    
00003885  Bunker_Init                    
00003d49  C$$EXIT                        
00003c73  CPUcpsie                       
200053c4  Enemy                          
000022f1  Enemy_Draw                     
00002fc9  Enemy_Init                     
00002bdd  Enemy_Move                     
00004279  Enemy_car                      
20005a7c  First_enemy                    
00003769  GPIODirModeSet                 
00003d0f  GPIOIntClear                   
00003c7f  GPIOIntEnable                  
00003a6d  GPIOIntRegister                
00003c57  GPIOIntStatus                  
00002ce5  GPIOIntTypeSet                 
00000ea9  GPIOPadConfigSet               
00003011  GPIOPinConfigure               
00003d15  GPIOPinRead                    
00003b81  GPIOPinTypeADC                 
00003b93  GPIOPinTypeGPIOInput           
00003a85  GPIOPinTypeGPIOOutput          
00003ba5  GPIOPinTypeSSI                 
00003bb7  GPIOPinTypeUART                
00003d1b  GPIOPinWrite                   
20005a8d  Game                           
00000a81  GameOver                       
20005abc  Idle                           
00002625  IntEnable                      
00003bed  IntMasterEnable                
00003555  IntRegister                    
00003625  Interrupt_GPIOA_Init           
00003655  Interrupt_GPIOF_Init           
00004f6d  Laser0                         
000036e3  Level1                         
200054f0  Missile                        
00005008  Missile0                       
000038a9  Missile_Draw                   
00003381  Missile_Init                   
00002de9  Missile_Move                   
000039af  Nokia5110_Clear                
00003a9d  Nokia5110_ClearBuffer          
00003c8d  Nokia5110_DisplayBuffer        
000038f1  Nokia5110_DrawFullImage        
00001311  Nokia5110_Init                 
00001ec9  Nokia5110_OutChar              
00003b43  Nokia5110_OutString            
00001605  Nokia5110_PrintBMP             
000033bd  Nokia5110_SetCursor            
20005a98  NokiaX                         
20005a9c  NokiaY                         
200057b8  Player                         
000040db  PlayerShip0                    
000038cd  Player_Draw                    
000034e5  Player_Init                    
200057cc  Player_Missile                 
00003ab5  Player_Missile_Draw            
00003795  Player_Missile_Init            
00003711  Player_Missile_Move            
00000d61  Player_Point                   
00001e35  PortAIntHandler                
000037bd  PortA_Init                     
00001cf9  PortFIntHandler                
00002f31  PortF_Init                     
00003d21  ResetISR                       
000004c9  RoadMove                       
00003d07  SSIBusy                        
00003d27  SSIClockSourceSet              
000033f9  SSIConfigSetExpClk             
00003bc9  SSIDataGetNonBlocking          
00003cdf  SSIDataPut                     
00003ce9  SSIDisable                     
00003cf3  SSIEnable                      
2000508c  Screen                         
00004340  SmallEnemy10PointA             
00004407  SmallExplosion0                
20005ac8  Special                        
20005a8e  Start                          
000008bd  StateMachineUpdate             
000010f5  SysCtlClockGet                 
00001511  SysCtlClockSet                 
00003d2d  SysCtlDelay                    
00003589  SysCtlPeripheralEnable         
00003d33  UARTClockSourceSet             
00003cfd  UARTFIFOEnable                 
00003d39  UARTFIFOLevelSet               
000028f1  UARTStdioConfig                
00003a21  UARTprintf                     
000006cd  UARTvprintf                    
00003059  UARTwrite                      
00002369  Uart_Init                      
20005a38  __STACK_END                    
00000200  __STACK_SIZE                   
20005a38  __STACK_TOP                    
00005268  __TI_CINIT_Base                
00005280  __TI_CINIT_Limit               
0000524c  __TI_Handler_Table_Base        
00005258  __TI_Handler_Table_Limit       
00003171  __TI_auto_init_nobinit_nopinit 
0000268d  __TI_decompress_lzss           
00003c65  __TI_decompress_none           
ffffffff  __TI_pprof_out_hndl            
ffffffff  __TI_prof_data_size            
ffffffff  __TI_prof_data_start           
00000000  __TI_static_base__             
00003c99  __TI_zero_init                 
00002a11  __aeabi_idiv                   
000028ef  __aeabi_idiv0                  
00002a11  __aeabi_idivmod                
000028ef  __aeabi_ldiv0                  
00002277  __aeabi_memclr                 
00002277  __aeabi_memclr4                
00002277  __aeabi_memclr8                
00001d99  __aeabi_memcpy                 
00001d99  __aeabi_memcpy4                
00001d99  __aeabi_memcpy8                
00002279  __aeabi_memset                 
00002279  __aeabi_memset4                
00002279  __aeabi_memset8                
00003281  __aeabi_uidiv                  
00003281  __aeabi_uidivmod               
ffffffff  __binit__                      
ffffffff  __c_args__                     
UNDEFED   __mpu_init                     
20005838  __stack                        
20000000  __start___llvm_prf_cnts        
20000000  __stop___llvm_prf_cnts         
000035bd  _c_int00_noargs                
20005a90  _lock                          
000025b3  _nop                           
UNDEFED   _system_post_cinit             
00003d45  _system_pre_init               
20005a94  _unlock                        
00003d49  abort                          
ffffffff  binit                          
20005810  car_generation                 
000044ce  collide                        
20005a70  collide_flag                   
20005a80  count                          
2000570c  enemy                          
20000000  g_pfnRAMVectors                
00000000  g_pfnVectors                   
20005a74  game_start                     
20005ab6  ledTimer                       
0000026d  main                           
00001d99  memcpy                         
0000227f  memset                         
200057e0  player                         
00004595  player_car                     
000039e9  prvOneShotTimerCallback        
00001a55  pvPortMalloc                   
00003acd  pvTaskIncrementMutexHeldCount  
20005a38  pxCurrentTCB                   
00003835  pxPortInitialiseStack          
20005ab8  ran                            
000035f1  rand                           
0000465c  road1                          
00004723  road1_D                        
000047ea  road2                          
000048b1  road2_D                        
00004978  road3                          
00004a3f  road3_D                        
00004b06  road4                          
00004bcd  road4_D                        
20005a84  road_flag                      
20005ab5  type                           
00005228  ulMaxSyscallInterruptPriority  
000018d1  ulPortGetIPSR                  
00003931  uxListRemove                   
00003c0d  vApplicationIdleHook           
00002a6f  vApplicationStackOverflowHook  
00002de7  vApplicationTickHook           
00003b2d  vListInitialise                
00003d3f  vListInitialiseItem            
0000351d  vListInsert                    
00003ae5  vListInsertEnd                 
00001985  vPortEnableVFP                 
00003a05  vPortEnterCritical             
00003afd  vPortExitCritical              
000031f9  vPortFree                      
00001949  vPortSVCHandler                
00003b6d  vPortSetupTimerInterrupt       
00001969  vPortStartFirstTask            
00003951  vQueueAddToRegistry            
000032c1  vQueueWaitForMessageRestricted 
00001b01  vTask1                         
000027c5  vTask2                         
0000217d  vTask3                         
00001995  vTask4                         
00001bad  vTask5                         
00000c0d  vTask6                         
00002acd  vTaskDelay                     
00002075  vTaskDelayUntil                
00003cb1  vTaskMissedYield               
00002829  vTaskPlaceOnEventList          
000026f5  vTaskPlaceOnEventListRestricted
00001f59  vTaskPriorityInherit           
00003b15  vTaskSetTimeOutState           
0000275d  vTaskStartScheduler            
00003c1d  vTaskSuspendAll                
00001fe9  vTaskSwitchContext             
20005a78  while_logic                    
20005814  xOneShotTimer                  
00003cbd  xPortGetFreeHeapSize           
000018e9  xPortPendSVHandler             
00003301  xPortStartScheduler            
0000373d  xPortSysTickHandler            
20005818  xQueue1                        
00002ee1  xQueueCreateMutex              
00003435  xQueueGenericCreate            
00000fdd  xQueueGenericReceive           
000020f9  xQueueGenericReset             
000016f5  xQueueGenericSend              
00002b29  xQueueGenericSendFromISR       
00002d91  xQueueGiveFromISR              
2000561c  xQueueRegistry                 
2000581c  xSemaphore1                    
20005820  xSemaphore3                    
00002e3d  xTaskCheckForTimeOut           
00001411  xTaskGenericCreate             
00003971  xTaskGetSchedulerState         
00003cc9  xTaskGetTickCount              
20005824  xTaskHandle1                   
20005828  xTaskHandle2                   
2000582c  xTaskHandle3                   
20005830  xTaskHandle4                   
20005834  xTaskHandle5                   
00001205  xTaskIncrementTick             
000023e1  xTaskPriorityDisinherit        
000024cd  xTaskRemoveFromEventList       
000017dd  xTaskResumeAll                 
000034ab  xTimerCreate                   
00003341  xTimerCreateTimerTask          
0000323d  xTimerGenericCommand           


GLOBAL SYMBOLS: SORTED BY Symbol Address 

address   name                           
-------   ----                           
00000000  __TI_static_base__             
00000000  g_pfnVectors                   
00000200  __STACK_SIZE                   
0000026d  main                           
000004c9  RoadMove                       
000006cd  UARTvprintf                    
000008bd  StateMachineUpdate             
00000a81  GameOver                       
00000c0d  vTask6                         
00000d61  Player_Point                   
00000ea9  GPIOPadConfigSet               
00000fdd  xQueueGenericReceive           
000010f5  SysCtlClockGet                 
00001205  xTaskIncrementTick             
00001311  Nokia5110_Init                 
00001411  xTaskGenericCreate             
00001511  SysCtlClockSet                 
00001605  Nokia5110_PrintBMP             
000016f5  xQueueGenericSend              
000017dd  xTaskResumeAll                 
000018d1  ulPortGetIPSR                  
000018e9  xPortPendSVHandler             
00001949  vPortSVCHandler                
00001969  vPortStartFirstTask            
00001985  vPortEnableVFP                 
00001995  vTask4                         
00001a55  pvPortMalloc                   
00001b01  vTask1                         
00001bad  vTask5                         
00001cf9  PortFIntHandler                
00001d99  __aeabi_memcpy                 
00001d99  __aeabi_memcpy4                
00001d99  __aeabi_memcpy8                
00001d99  memcpy                         
00001e35  PortAIntHandler                
00001ec9  Nokia5110_OutChar              
00001f59  vTaskPriorityInherit           
00001fe9  vTaskSwitchContext             
00002075  vTaskDelayUntil                
000020f9  xQueueGenericReset             
0000217d  vTask3                         
000021fd  ADCSequenceStepConfigure       
00002277  __aeabi_memclr                 
00002277  __aeabi_memclr4                
00002277  __aeabi_memclr8                
00002279  __aeabi_memset                 
00002279  __aeabi_memset4                
00002279  __aeabi_memset8                
0000227f  memset                         
000022f1  Enemy_Draw                     
00002369  Uart_Init                      
000023e1  xTaskPriorityDisinherit        
00002459  ADC_Init                       
000024cd  xTaskRemoveFromEventList       
000025b3  _nop                           
00002625  IntEnable                      
0000268d  __TI_decompress_lzss           
000026f5  vTaskPlaceOnEventListRestricted
0000275d  vTaskStartScheduler            
000027c5  vTask2                         
00002829  vTaskPlaceOnEventList          
000028ef  __aeabi_idiv0                  
000028ef  __aeabi_ldiv0                  
000028f1  UARTStdioConfig                
00002a11  __aeabi_idiv                   
00002a11  __aeabi_idivmod                
00002a6f  vApplicationStackOverflowHook  
00002acd  vTaskDelay                     
00002b29  xQueueGenericSendFromISR       
00002b85  AutoFire                       
00002bdd  Enemy_Move                     
00002ce5  GPIOIntTypeSet                 
00002d91  xQueueGiveFromISR              
00002de7  vApplicationTickHook           
00002de9  Missile_Move                   
00002e3d  xTaskCheckForTimeOut           
00002e91  ADCSequenceConfigure           
00002ee1  xQueueCreateMutex              
00002f31  PortF_Init                     
00002fc9  Enemy_Init                     
00003011  GPIOPinConfigure               
00003059  UARTwrite                      
000030e9  Bunker_Draw                    
00003171  __TI_auto_init_nobinit_nopinit 
000031f9  vPortFree                      
0000323d  xTimerGenericCommand           
00003281  __aeabi_uidiv                  
00003281  __aeabi_uidivmod               
000032c1  vQueueWaitForMessageRestricted 
00003301  xPortStartScheduler            
00003341  xTimerCreateTimerTask          
00003381  Missile_Init                   
000033bd  Nokia5110_SetCursor            
000033f9  SSIConfigSetExpClk             
00003435  xQueueGenericCreate            
000034ab  xTimerCreate                   
000034e5  Player_Init                    
0000351d  vListInsert                    
00003555  IntRegister                    
00003589  SysCtlPeripheralEnable         
000035bd  _c_int00_noargs                
000035f1  rand                           
00003625  Interrupt_GPIOA_Init           
00003655  Interrupt_GPIOF_Init           
000036b5  ADCIntStatus                   
000036e3  Level1                         
00003711  Player_Missile_Move            
0000373d  xPortSysTickHandler            
00003769  GPIODirModeSet                 
00003795  Player_Missile_Init            
000037bd  PortA_Init                     
00003835  pxPortInitialiseStack          
00003885  Bunker_Init                    
000038a9  Missile_Draw                   
000038cd  Player_Draw                    
000038f1  Nokia5110_DrawFullImage        
00003931  uxListRemove                   
00003951  vQueueAddToRegistry            
00003971  xTaskGetSchedulerState         
00003991  ADCSequenceDataGet             
000039af  Nokia5110_Clear                
000039e9  prvOneShotTimerCallback        
00003a05  vPortEnterCritical             
00003a21  UARTprintf                     
00003a55  ADCProcessorTrigger            
00003a6d  GPIOIntRegister                
00003a85  GPIOPinTypeGPIOOutput          
00003a9d  Nokia5110_ClearBuffer          
00003ab5  Player_Missile_Draw            
00003acd  pvTaskIncrementMutexHeldCount  
00003ae5  vListInsertEnd                 
00003afd  vPortExitCritical              
00003b15  vTaskSetTimeOutState           
00003b2d  vListInitialise                
00003b43  Nokia5110_OutString            
00003b6d  vPortSetupTimerInterrupt       
00003b81  GPIOPinTypeADC                 
00003b93  GPIOPinTypeGPIOInput           
00003ba5  GPIOPinTypeSSI                 
00003bb7  GPIOPinTypeUART                
00003bc9  SSIDataGetNonBlocking          
00003bed  IntMasterEnable                
00003c0d  vApplicationIdleHook           
00003c1d  vTaskSuspendAll                
00003c2d  ADCHardwareOversampleConfigure 
00003c3b  ADCSequenceDisable             
00003c49  ADCSequenceEnable              
00003c57  GPIOIntStatus                  
00003c65  __TI_decompress_none           
00003c73  CPUcpsie                       
00003c7f  GPIOIntEnable                  
00003c8d  Nokia5110_DisplayBuffer        
00003c99  __TI_zero_init                 
00003cb1  vTaskMissedYield               
00003cbd  xPortGetFreeHeapSize           
00003cc9  xTaskGetTickCount              
00003cd5  ADCIntClear                    
00003cdf  SSIDataPut                     
00003ce9  SSIDisable                     
00003cf3  SSIEnable                      
00003cfd  UARTFIFOEnable                 
00003d07  SSIBusy                        
00003d0f  GPIOIntClear                   
00003d15  GPIOPinRead                    
00003d1b  GPIOPinWrite                   
00003d21  ResetISR                       
00003d27  SSIClockSourceSet              
00003d2d  SysCtlDelay                    
00003d33  UARTClockSourceSet             
00003d39  UARTFIFOLevelSet               
00003d3f  vListInitialiseItem            
00003d45  _system_pre_init               
00003d49  C$$EXIT                        
00003d49  abort                          
00004004  BigExplosion0                  
000040db  PlayerShip0                    
000041b2  Blank_car                      
00004279  Enemy_car                      
00004340  SmallEnemy10PointA             
00004407  SmallExplosion0                
000044ce  collide                        
00004595  player_car                     
0000465c  road1                          
00004723  road1_D                        
000047ea  road2                          
000048b1  road2_D                        
00004978  road3                          
00004a3f  road3_D                        
00004b06  road4                          
00004bcd  road4_D                        
00004d54  Bunker0                        
00004e07  Bunker1                        
00004eba  Bunker2                        
00004f6d  Laser0                         
00005008  Missile0                       
00005228  ulMaxSyscallInterruptPriority  
0000524c  __TI_Handler_Table_Base        
00005258  __TI_Handler_Table_Limit       
00005268  __TI_CINIT_Base                
00005280  __TI_CINIT_Limit               
20000000  __start___llvm_prf_cnts        
20000000  __stop___llvm_prf_cnts         
20000000  g_pfnRAMVectors                
2000508c  Screen                         
200053c4  Enemy                          
200054f0  Missile                        
2000561c  xQueueRegistry                 
200056e4  Bunker                         
2000570c  enemy                          
200057b8  Player                         
200057cc  Player_Missile                 
200057e0  player                         
20005810  car_generation                 
20005814  xOneShotTimer                  
20005818  xQueue1                        
2000581c  xSemaphore1                    
20005820  xSemaphore3                    
20005824  xTaskHandle1                   
20005828  xTaskHandle2                   
2000582c  xTaskHandle3                   
20005830  xTaskHandle4                   
20005834  xTaskHandle5                   
20005838  __stack                        
20005a38  __STACK_END                    
20005a38  __STACK_TOP                    
20005a38  pxCurrentTCB                   
20005a70  collide_flag                   
20005a74  game_start                     
20005a78  while_logic                    
20005a7c  First_enemy                    
20005a80  count                          
20005a84  road_flag                      
20005a8d  Game                           
20005a8e  Start                          
20005a90  _lock                          
20005a94  _unlock                        
20005a98  NokiaX                         
20005a9c  NokiaY                         
20005ab5  type                           
20005ab6  ledTimer                       
20005ab8  ran                            
20005abc  Idle                           
20005ac8  Special                        
ffffffff  __TI_pprof_out_hndl            
ffffffff  __TI_prof_data_size            
ffffffff  __TI_prof_data_start           
ffffffff  __binit__                      
ffffffff  __c_args__                     
ffffffff  binit                          
UNDEFED   __mpu_init                     
UNDEFED   _system_post_cinit             

[251 symbols]
