<?xml version="1.0" encoding="ISO-8859-1" ?>
<link_info>
   <banner>TI ARM Linker Unix v20.2.2.LTS</banner>
   <copyright>Copyright (c) 1996-2018 Texas Instruments Incorporated</copyright>
   <link_time>0x626f5326</link_time>
   <link_errors>0x0</link_errors>
   <output_file>freertos_demo.out</output_file>
   <entry_point>
      <name>_c_int00_noargs</name>
      <address>0x1cfd</address>
   </entry_point>
   <input_file_list>
      <input_file id="fl-2">
         <path>./</path>
         <kind>object</kind>
         <file>freertos_demo.obj</file>
         <name>freertos_demo.obj</name>
      </input_file>
      <input_file id="fl-3">
         <path>./</path>
         <kind>object</kind>
         <file>led_task.obj</file>
         <name>led_task.obj</name>
      </input_file>
      <input_file id="fl-4">
         <path>./</path>
         <kind>object</kind>
         <file>startup_ccs.obj</file>
         <name>startup_ccs.obj</name>
      </input_file>
      <input_file id="fl-5">
         <path>./</path>
         <kind>object</kind>
         <file>switch_task.obj</file>
         <name>switch_task.obj</name>
      </input_file>
      <input_file id="fl-6">
         <path>./drivers/</path>
         <kind>object</kind>
         <file>buttons.obj</file>
         <name>buttons.obj</name>
      </input_file>
      <input_file id="fl-7">
         <path>./drivers/</path>
         <kind>object</kind>
         <file>rgb.obj</file>
         <name>rgb.obj</name>
      </input_file>
      <input_file id="fl-8">
         <path>./third_party/FreeRTOS/Source/</path>
         <kind>object</kind>
         <file>list.obj</file>
         <name>list.obj</name>
      </input_file>
      <input_file id="fl-9">
         <path>./third_party/FreeRTOS/Source/</path>
         <kind>object</kind>
         <file>queue.obj</file>
         <name>queue.obj</name>
      </input_file>
      <input_file id="fl-a">
         <path>./third_party/FreeRTOS/Source/</path>
         <kind>object</kind>
         <file>tasks.obj</file>
         <name>tasks.obj</name>
      </input_file>
      <input_file id="fl-b">
         <path>./third_party/FreeRTOS/Source/portable/CCS/ARM_CM4F/</path>
         <kind>object</kind>
         <file>port.obj</file>
         <name>port.obj</name>
      </input_file>
      <input_file id="fl-c">
         <path>./third_party/FreeRTOS/Source/portable/CCS/ARM_CM4F/</path>
         <kind>object</kind>
         <file>portasm.obj</file>
         <name>portasm.obj</name>
      </input_file>
      <input_file id="fl-d">
         <path>./third_party/FreeRTOS/Source/portable/MemMang/</path>
         <kind>object</kind>
         <file>heap_2.obj</file>
         <name>heap_2.obj</name>
      </input_file>
      <input_file id="fl-e">
         <path>./utils/</path>
         <kind>object</kind>
         <file>uartstdio.obj</file>
         <name>uartstdio.obj</name>
      </input_file>
      <input_file id="fl-f">
         <path>./utils/</path>
         <kind>object</kind>
         <file>ustdlib.obj</file>
         <name>ustdlib.obj</name>
      </input_file>
      <input_file id="fl-14">
         <kind>object</kind>
         <file>&lt;internal&gt;</file>
         <name>&lt;internal&gt;</name>
      </input_file>
      <input_file id="fl-ca">
         <path>/home/nghia/ti/ccs1020/ccs/tools/compiler/ti-cgt-arm_20.2.2.LTS/lib/</path>
         <kind>archive</kind>
         <file>rtsv7M4_T_le_v4SPD16_eabi.lib</file>
         <name>fs_toull_t2.asm.obj</name>
      </input_file>
      <input_file id="fl-cb">
         <path>/home/nghia/ti/ccs1020/ccs/tools/compiler/ti-cgt-arm_20.2.2.LTS/lib/</path>
         <kind>archive</kind>
         <file>rtsv7M4_T_le_v4SPD16_eabi.lib</file>
         <name>memcpy_t2.asm.obj</name>
      </input_file>
      <input_file id="fl-cc">
         <path>/home/nghia/ti/ccs1020/ccs/tools/compiler/ti-cgt-arm_20.2.2.LTS/lib/</path>
         <kind>archive</kind>
         <file>rtsv7M4_T_le_v4SPD16_eabi.lib</file>
         <name>memset_t2.asm.obj</name>
      </input_file>
      <input_file id="fl-cd">
         <path>/home/nghia/ti/ccs1020/ccs/tools/compiler/ti-cgt-arm_20.2.2.LTS/lib/</path>
         <kind>archive</kind>
         <file>rtsv7M4_T_le_v4SPD16_eabi.lib</file>
         <name>u_divt2.asm.obj</name>
      </input_file>
      <input_file id="fl-ce">
         <path>/home/nghia/ti/ccs1020/ccs/tools/compiler/ti-cgt-arm_20.2.2.LTS/lib/</path>
         <kind>archive</kind>
         <file>rtsv7M4_T_le_v4SPD16_eabi.lib</file>
         <name>copy_zero_init.c.obj</name>
      </input_file>
      <input_file id="fl-cf">
         <path>/home/nghia/ti/ccs1020/ccs/tools/compiler/ti-cgt-arm_20.2.2.LTS/lib/</path>
         <kind>archive</kind>
         <file>rtsv7M4_T_le_v4SPD16_eabi.lib</file>
         <name>copy_decompress_none.c.obj</name>
      </input_file>
      <input_file id="fl-d0">
         <path>/home/nghia/ti/ccs1020/ccs/tools/compiler/ti-cgt-arm_20.2.2.LTS/lib/</path>
         <kind>archive</kind>
         <file>rtsv7M4_T_le_v4SPD16_eabi.lib</file>
         <name>copy_decompress_lzss.c.obj</name>
      </input_file>
      <input_file id="fl-d1">
         <path>/home/nghia/ti/ccs1020/ccs/tools/compiler/ti-cgt-arm_20.2.2.LTS/lib/</path>
         <kind>archive</kind>
         <file>rtsv7M4_T_le_v4SPD16_eabi.lib</file>
         <name>boot_cortex_m.c.obj</name>
      </input_file>
      <input_file id="fl-d2">
         <path>/home/nghia/ti/ccs1020/ccs/tools/compiler/ti-cgt-arm_20.2.2.LTS/lib/</path>
         <kind>archive</kind>
         <file>rtsv7M4_T_le_v4SPD16_eabi.lib</file>
         <name>div0.asm.obj</name>
      </input_file>
      <input_file id="fl-d3">
         <path>/home/nghia/ti/ccs1020/ccs/tools/compiler/ti-cgt-arm_20.2.2.LTS/lib/</path>
         <kind>archive</kind>
         <file>rtsv7M4_T_le_v4SPD16_eabi.lib</file>
         <name>autoinit.c.obj</name>
      </input_file>
      <input_file id="fl-d4">
         <path>/home/nghia/ti/ccs1020/ccs/tools/compiler/ti-cgt-arm_20.2.2.LTS/lib/</path>
         <kind>archive</kind>
         <file>rtsv7M4_T_le_v4SPD16_eabi.lib</file>
         <name>pre_init.c.obj</name>
      </input_file>
      <input_file id="fl-d5">
         <path>/home/nghia/ti/ccs1020/ccs/tools/compiler/ti-cgt-arm_20.2.2.LTS/lib/</path>
         <kind>archive</kind>
         <file>rtsv7M4_T_le_v4SPD16_eabi.lib</file>
         <name>cpy_tbl.c.obj</name>
      </input_file>
      <input_file id="fl-d6">
         <path>/home/nghia/ti/ccs1020/ccs/tools/compiler/ti-cgt-arm_20.2.2.LTS/lib/</path>
         <kind>archive</kind>
         <file>rtsv7M4_T_le_v4SPD16_eabi.lib</file>
         <name>exit.c.obj</name>
      </input_file>
      <input_file id="fl-d7">
         <path>/home/nghia/ti/ccs1020/ccs/tools/compiler/ti-cgt-arm_20.2.2.LTS/lib/</path>
         <kind>archive</kind>
         <file>rtsv7M4_T_le_v4SPD16_eabi.lib</file>
         <name>_lock.c.obj</name>
      </input_file>
      <input_file id="fl-d8">
         <path>/home/nghia/ti/ccs1020/ccs/tools/compiler/ti-cgt-arm_20.2.2.LTS/lib/</path>
         <kind>archive</kind>
         <file>rtsv7M4_T_le_v4SPD16_eabi.lib</file>
         <name>args_main.c.obj</name>
      </input_file>
      <input_file id="fl-d9">
         <path>/home/nghia/ti/SW-TM4C-2.1.4.178/driverlib/ccs/Debug/</path>
         <kind>archive</kind>
         <file>driverlib.lib</file>
         <name>sysctl.obj</name>
      </input_file>
      <input_file id="fl-da">
         <path>/home/nghia/ti/SW-TM4C-2.1.4.178/driverlib/ccs/Debug/</path>
         <kind>archive</kind>
         <file>driverlib.lib</file>
         <name>uart.obj</name>
      </input_file>
      <input_file id="fl-db">
         <path>/home/nghia/ti/SW-TM4C-2.1.4.178/driverlib/ccs/Debug/</path>
         <kind>archive</kind>
         <file>driverlib.lib</file>
         <name>cpu.obj</name>
      </input_file>
      <input_file id="fl-dc">
         <path>/home/nghia/ti/SW-TM4C-2.1.4.178/driverlib/ccs/Debug/</path>
         <kind>archive</kind>
         <file>driverlib.lib</file>
         <name>interrupt.obj</name>
      </input_file>
   </input_file_list>
   <object_component_list>
      <object_component id="oc-12">
         <name>.intvecs</name>
         <load_address>0x0</load_address>
         <run_address>0x0</run_address>
         <size>0x26c</size>
         <input_file_ref idref="fl-4"/>
      </object_component>
      <object_component id="oc-1cb">
         <name>.text:UARTvprintf</name>
         <load_address>0x26c</load_address>
         <run_address>0x26c</run_address>
         <size>0x1ee</size>
         <input_file_ref idref="fl-e"/>
      </object_component>
      <object_component id="oc-33">
         <name>.text:FaultISR</name>
         <load_address>0x45a</load_address>
         <run_address>0x45a</run_address>
         <size>0x2</size>
         <input_file_ref idref="fl-4"/>
      </object_component>
      <object_component id="oc-214">
         <name>.text:LEDTask</name>
         <load_address>0x45c</load_address>
         <run_address>0x45c</run_address>
         <size>0x11c</size>
         <input_file_ref idref="fl-3"/>
      </object_component>
      <object_component id="oc-311">
         <name>.text:xQueueGenericReceive</name>
         <load_address>0x578</load_address>
         <run_address>0x578</run_address>
         <size>0x118</size>
         <input_file_ref idref="fl-9"/>
      </object_component>
      <object_component id="oc-1ed">
         <name>.text:RGBInit</name>
         <load_address>0x690</load_address>
         <run_address>0x690</run_address>
         <size>0x104</size>
         <input_file_ref idref="fl-7"/>
      </object_component>
      <object_component id="oc-9b">
         <name>.text:xTaskIncrementTick</name>
         <load_address>0x794</load_address>
         <run_address>0x794</run_address>
         <size>0x104</size>
         <input_file_ref idref="fl-a"/>
      </object_component>
      <object_component id="oc-205">
         <name>.text:xTaskGenericCreate</name>
         <load_address>0x898</load_address>
         <run_address>0x898</run_address>
         <size>0x100</size>
         <input_file_ref idref="fl-a"/>
      </object_component>
      <object_component id="oc-221">
         <name>.text:SwitchTask</name>
         <load_address>0x998</load_address>
         <run_address>0x998</run_address>
         <size>0xfc</size>
         <input_file_ref idref="fl-5"/>
      </object_component>
      <object_component id="oc-1e4">
         <name>.text:xQueueGenericSend</name>
         <load_address>0xa94</load_address>
         <run_address>0xa94</run_address>
         <size>0xe8</size>
         <input_file_ref idref="fl-9"/>
      </object_component>
      <object_component id="oc-285">
         <name>.text:xTaskResumeAll</name>
         <load_address>0xb7c</load_address>
         <run_address>0xb7c</run_address>
         <size>0xe4</size>
         <input_file_ref idref="fl-a"/>
      </object_component>
      <object_component id="oc-3f">
         <name>.text</name>
         <load_address>0xc60</load_address>
         <run_address>0xc60</run_address>
         <size>0xd2</size>
         <input_file_ref idref="fl-c"/>
      </object_component>
      <object_component id="oc-39">
         <name>.text:IntDefaultHandler</name>
         <load_address>0xd32</load_address>
         <run_address>0xd32</run_address>
         <size>0x2</size>
         <input_file_ref idref="fl-4"/>
      </object_component>
      <object_component id="oc-135">
         <name>.text:LEDTaskInit</name>
         <load_address>0xd34</load_address>
         <run_address>0xd34</run_address>
         <size>0xc8</size>
         <input_file_ref idref="fl-3"/>
      </object_component>
      <object_component id="oc-2d5">
         <name>.text:RGBEnable</name>
         <load_address>0xdfc</load_address>
         <run_address>0xdfc</run_address>
         <size>0xc0</size>
         <input_file_ref idref="fl-7"/>
      </object_component>
      <object_component id="oc-1d8">
         <name>.text:pvPortMalloc</name>
         <load_address>0xebc</load_address>
         <run_address>0xebc</run_address>
         <size>0xac</size>
         <input_file_ref idref="fl-d"/>
      </object_component>
      <object_component id="oc-58">
         <name>.text</name>
         <load_address>0xf68</load_address>
         <run_address>0xf68</run_address>
         <size>0x9c</size>
         <input_file_ref idref="fl-cb"/>
      </object_component>
      <object_component id="oc-1f9">
         <name>.text:RGBColorSet</name>
         <load_address>0x1004</load_address>
         <run_address>0x1004</run_address>
         <size>0x90</size>
         <input_file_ref idref="fl-7"/>
      </object_component>
      <object_component id="oc-3e0">
         <name>.text:vTaskPriorityInherit</name>
         <load_address>0x1094</load_address>
         <run_address>0x1094</run_address>
         <size>0x90</size>
         <input_file_ref idref="fl-a"/>
      </object_component>
      <object_component id="oc-94">
         <name>.text:vTaskSwitchContext</name>
         <load_address>0x1124</load_address>
         <run_address>0x1124</run_address>
         <size>0x8c</size>
         <input_file_ref idref="fl-a"/>
      </object_component>
      <object_component id="oc-32b">
         <name>.text:ButtonsPoll</name>
         <load_address>0x11b0</load_address>
         <run_address>0x11b0</run_address>
         <size>0x88</size>
         <input_file_ref idref="fl-6"/>
      </object_component>
      <object_component id="oc-317">
         <name>.text:vTaskDelayUntil</name>
         <load_address>0x1238</load_address>
         <run_address>0x1238</run_address>
         <size>0x84</size>
         <input_file_ref idref="fl-a"/>
      </object_component>
      <object_component id="oc-2e5">
         <name>.text:xQueueGenericReset</name>
         <load_address>0x12bc</load_address>
         <run_address>0x12bc</run_address>
         <size>0x84</size>
         <input_file_ref idref="fl-9"/>
      </object_component>
      <object_component id="oc-c3">
         <name>.text</name>
         <load_address>0x1340</load_address>
         <run_address>0x1340</run_address>
         <size>0x7a</size>
         <input_file_ref idref="fl-cc"/>
      </object_component>
      <object_component id="oc-2d">
         <name>.text:NmiSR</name>
         <load_address>0x13ba</load_address>
         <run_address>0x13ba</run_address>
         <size>0x2</size>
         <input_file_ref idref="fl-4"/>
      </object_component>
      <object_component id="oc-3aa">
         <name>.text:xTaskPriorityDisinherit</name>
         <load_address>0x13bc</load_address>
         <run_address>0x13bc</run_address>
         <size>0x78</size>
         <input_file_ref idref="fl-a"/>
      </object_component>
      <object_component id="oc-cf">
         <name>.text:main</name>
         <load_address>0x1434</load_address>
         <run_address>0x1434</run_address>
         <size>0x74</size>
         <input_file_ref idref="fl-2"/>
      </object_component>
      <object_component id="oc-2c7">
         <name>.text:xTaskRemoveFromEventList</name>
         <load_address>0x14a8</load_address>
         <run_address>0x14a8</run_address>
         <size>0x74</size>
         <input_file_ref idref="fl-a"/>
      </object_component>
      <object_component id="oc-2c1">
         <name>.text:prvCopyDataToQueue</name>
         <load_address>0x151c</load_address>
         <run_address>0x151c</run_address>
         <size>0x72</size>
         <input_file_ref idref="fl-9"/>
      </object_component>
      <object_component id="oc-372">
         <name>.text</name>
         <load_address>0x158e</load_address>
         <run_address>0x158e</run_address>
         <size>0x2</size>
         <input_file_ref idref="fl-d2"/>
      </object_component>
      <object_component id="oc-21b">
         <name>.text:ButtonsInit</name>
         <load_address>0x1590</load_address>
         <run_address>0x1590</run_address>
         <size>0x68</size>
         <input_file_ref idref="fl-6"/>
      </object_component>
      <object_component id="oc-31d">
         <name>.text:RGBDisable</name>
         <load_address>0x15f8</load_address>
         <run_address>0x15f8</run_address>
         <size>0x68</size>
         <input_file_ref idref="fl-7"/>
      </object_component>
      <object_component id="oc-15">
         <name>.text:decompress:lzss:__TI_decompress_lzss</name>
         <load_address>0x1660</load_address>
         <run_address>0x1660</run_address>
         <size>0x68</size>
         <input_file_ref idref="fl-d0"/>
      </object_component>
      <object_component id="oc-123">
         <name>.text:ConfigureUART</name>
         <load_address>0x16c8</load_address>
         <run_address>0x16c8</run_address>
         <size>0x64</size>
         <input_file_ref idref="fl-2"/>
      </object_component>
      <object_component id="oc-2bb">
         <name>.text:vTaskPlaceOnEventList</name>
         <load_address>0x172c</load_address>
         <run_address>0x172c</run_address>
         <size>0x64</size>
         <input_file_ref idref="fl-a"/>
      </object_component>
      <object_component id="oc-2af">
         <name>.text:prvUnlockQueue</name>
         <load_address>0x1790</load_address>
         <run_address>0x1790</run_address>
         <size>0x62</size>
         <input_file_ref idref="fl-9"/>
      </object_component>
      <object_component id="oc-ec">
         <name>.text:vApplicationStackOverflowHook</name>
         <load_address>0x17f2</load_address>
         <run_address>0x17f2</run_address>
         <size>0x2</size>
         <input_file_ref idref="fl-2"/>
      </object_component>
      <object_component id="oc-1c4">
         <name>.text:UARTStdioConfig</name>
         <load_address>0x17f4</load_address>
         <run_address>0x17f4</run_address>
         <size>0x60</size>
         <input_file_ref idref="fl-e"/>
      </object_component>
      <object_component id="oc-2fe">
         <name>.text:prvInitialiseTaskLists</name>
         <load_address>0x1854</load_address>
         <run_address>0x1854</run_address>
         <size>0x60</size>
         <input_file_ref idref="fl-a"/>
      </object_component>
      <object_component id="oc-141">
         <name>.text:vTaskStartScheduler</name>
         <load_address>0x18b4</load_address>
         <run_address>0x18b4</run_address>
         <size>0x60</size>
         <input_file_ref idref="fl-a"/>
      </object_component>
      <object_component id="oc-33a">
         <name>.text:prvCheckTasksWaitingTermination</name>
         <load_address>0x1914</load_address>
         <run_address>0x1914</run_address>
         <size>0x58</size>
         <input_file_ref idref="fl-a"/>
      </object_component>
      <object_component id="oc-2f2">
         <name>.text:prvInitialiseTCBVariables</name>
         <load_address>0x196c</load_address>
         <run_address>0x196c</run_address>
         <size>0x56</size>
         <input_file_ref idref="fl-a"/>
      </object_component>
      <object_component id="oc-2a9">
         <name>.text:xTaskCheckForTimeOut</name>
         <load_address>0x19c4</load_address>
         <run_address>0x19c4</run_address>
         <size>0x54</size>
         <input_file_ref idref="fl-a"/>
      </object_component>
      <object_component id="oc-12f">
         <name>.text:xQueueCreateMutex</name>
         <load_address>0x1a18</load_address>
         <run_address>0x1a18</run_address>
         <size>0x4e</size>
         <input_file_ref idref="fl-9"/>
      </object_component>
      <object_component id="oc-3a0">
         <name>.text:prvAddCurrentTaskToDelayedList</name>
         <load_address>0x1a68</load_address>
         <run_address>0x1a68</run_address>
         <size>0x4c</size>
         <input_file_ref idref="fl-a"/>
      </object_component>
      <object_component id="oc-13b">
         <name>.text:SwitchTaskInit</name>
         <load_address>0x1ab4</load_address>
         <run_address>0x1ab4</run_address>
         <size>0x48</size>
         <input_file_ref idref="fl-5"/>
      </object_component>
      <object_component id="oc-26b">
         <name>.text:UARTwrite</name>
         <load_address>0x1afc</load_address>
         <run_address>0x1afc</run_address>
         <size>0x48</size>
         <input_file_ref idref="fl-e"/>
      </object_component>
      <object_component id="oc-155">
         <name>.text:__TI_auto_init_nobinit_nopinit:__TI_auto_init_nobinit_nopinit</name>
         <load_address>0x1b44</load_address>
         <run_address>0x1b44</run_address>
         <size>0x44</size>
         <input_file_ref idref="fl-d3"/>
      </object_component>
      <object_component id="oc-3ba">
         <name>.text:vPortFree</name>
         <load_address>0x1b88</load_address>
         <run_address>0x1b88</run_address>
         <size>0x44</size>
         <input_file_ref idref="fl-d"/>
      </object_component>
      <object_component id="oc-271">
         <name>.text</name>
         <load_address>0x1bcc</load_address>
         <run_address>0x1bcc</run_address>
         <size>0x40</size>
         <input_file_ref idref="fl-cd"/>
      </object_component>
      <object_component id="oc-228">
         <name>.text:xPortStartScheduler</name>
         <load_address>0x1c0c</load_address>
         <run_address>0x1c0c</run_address>
         <size>0x40</size>
         <input_file_ref idref="fl-b"/>
      </object_component>
      <object_component id="oc-1ff">
         <name>.text:xQueueGenericCreate</name>
         <load_address>0x1c4c</load_address>
         <run_address>0x1c4c</run_address>
         <size>0x3c</size>
         <input_file_ref idref="fl-9"/>
      </object_component>
      <object_component id="oc-2ec">
         <name>.text:prvAllocateTCBAndStack</name>
         <load_address>0x1c88</load_address>
         <run_address>0x1c88</run_address>
         <size>0x3a</size>
         <input_file_ref idref="fl-a"/>
      </object_component>
      <object_component id="oc-39a">
         <name>.text:vListInsert</name>
         <load_address>0x1cc2</load_address>
         <run_address>0x1cc2</run_address>
         <size>0x38</size>
         <input_file_ref idref="fl-8"/>
      </object_component>
      <object_component id="oc-76">
         <name>.text:_c_int00_noargs:_c_int00_noargs</name>
         <load_address>0x1cfc</load_address>
         <run_address>0x1cfc</run_address>
         <size>0x34</size>
         <input_file_ref idref="fl-d1"/>
      </object_component>
      <object_component id="oc-27f">
         <name>.text:prvHeapInit</name>
         <load_address>0x1d30</load_address>
         <run_address>0x1d30</run_address>
         <size>0x30</size>
         <input_file_ref idref="fl-d"/>
      </object_component>
      <object_component id="oc-44">
         <name>.text:xPortSysTickHandler</name>
         <load_address>0x1d60</load_address>
         <run_address>0x1d60</run_address>
         <size>0x2c</size>
         <input_file_ref idref="fl-b"/>
      </object_component>
      <object_component id="oc-f6">
         <name>.text:prvResetNextTaskUnblockTime</name>
         <load_address>0x1d8c</load_address>
         <run_address>0x1d8c</run_address>
         <size>0x28</size>
         <input_file_ref idref="fl-a"/>
      </object_component>
      <object_component id="oc-2f8">
         <name>.text:pxPortInitialiseStack</name>
         <load_address>0x1db4</load_address>
         <run_address>0x1db4</run_address>
         <size>0x28</size>
         <input_file_ref idref="fl-b"/>
      </object_component>
      <object_component id="oc-3e6">
         <name>.text:prvCopyDataFromQueue</name>
         <load_address>0x1ddc</load_address>
         <run_address>0x1ddc</run_address>
         <size>0x26</size>
         <input_file_ref idref="fl-9"/>
      </object_component>
      <object_component id="oc-fc">
         <name>.text:uxListRemove</name>
         <load_address>0x1e02</load_address>
         <run_address>0x1e02</run_address>
         <size>0x20</size>
         <input_file_ref idref="fl-8"/>
      </object_component>
      <object_component id="oc-2b5">
         <name>.text:prvIsQueueFull</name>
         <load_address>0x1e22</load_address>
         <run_address>0x1e22</run_address>
         <size>0x1c</size>
         <input_file_ref idref="fl-9"/>
      </object_component>
      <object_component id="oc-2a3">
         <name>.text:vPortEnterCritical</name>
         <load_address>0x1e40</load_address>
         <run_address>0x1e40</run_address>
         <size>0x1c</size>
         <input_file_ref idref="fl-b"/>
      </object_component>
      <object_component id="oc-129">
         <name>.text:UARTprintf</name>
         <load_address>0x1e5c</load_address>
         <run_address>0x1e5c</run_address>
         <size>0x1a</size>
         <input_file_ref idref="fl-e"/>
      </object_component>
      <object_component id="oc-3da">
         <name>.text:prvIsQueueEmpty</name>
         <load_address>0x1e76</load_address>
         <run_address>0x1e76</run_address>
         <size>0x1a</size>
         <input_file_ref idref="fl-9"/>
      </object_component>
      <object_component id="oc-3ec">
         <name>.text:pvTaskIncrementMutexHeldCount</name>
         <load_address>0x1e90</load_address>
         <run_address>0x1e90</run_address>
         <size>0x18</size>
         <input_file_ref idref="fl-a"/>
      </object_component>
      <object_component id="oc-102">
         <name>.text:vListInsertEnd</name>
         <load_address>0x1ea8</load_address>
         <run_address>0x1ea8</run_address>
         <size>0x18</size>
         <input_file_ref idref="fl-8"/>
      </object_component>
      <object_component id="oc-29d">
         <name>.text:vPortExitCritical</name>
         <load_address>0x1ec0</load_address>
         <run_address>0x1ec0</run_address>
         <size>0x18</size>
         <input_file_ref idref="fl-b"/>
      </object_component>
      <object_component id="oc-297">
         <name>.text:vTaskSetTimeOutState</name>
         <load_address>0x1ed8</load_address>
         <run_address>0x1ed8</run_address>
         <size>0x18</size>
         <input_file_ref idref="fl-a"/>
      </object_component>
      <object_component id="oc-1de">
         <name>.text:vListInitialise</name>
         <load_address>0x1ef0</load_address>
         <run_address>0x1ef0</run_address>
         <size>0x16</size>
         <input_file_ref idref="fl-8"/>
      </object_component>
      <object_component id="oc-1f3">
         <name>.text:RGBIntensitySet</name>
         <load_address>0x1f08</load_address>
         <run_address>0x1f08</run_address>
         <size>0x14</size>
         <input_file_ref idref="fl-7"/>
      </object_component>
      <object_component id="oc-330">
         <name>.text:vPortSetupTimerInterrupt</name>
         <load_address>0x1f1c</load_address>
         <run_address>0x1f1c</run_address>
         <size>0x14</size>
         <input_file_ref idref="fl-b"/>
      </object_component>
      <object_component id="oc-3fe">
         <name>.text:prvDeleteTCB</name>
         <load_address>0x1f30</load_address>
         <run_address>0x1f30</run_address>
         <size>0x12</size>
         <input_file_ref idref="fl-a"/>
      </object_component>
      <object_component id="oc-3c8">
         <name>.text:prvTaskExitError</name>
         <load_address>0x1f42</load_address>
         <run_address>0x1f42</run_address>
         <size>0x10</size>
         <input_file_ref idref="fl-b"/>
      </object_component>
      <object_component id="oc-279">
         <name>.text:vTaskSuspendAll</name>
         <load_address>0x1f54</load_address>
         <run_address>0x1f54</run_address>
         <size>0x10</size>
         <input_file_ref idref="fl-a"/>
      </object_component>
      <object_component id="oc-1b">
         <name>.text:decompress:none:__TI_decompress_none</name>
         <load_address>0x1f64</load_address>
         <run_address>0x1f64</run_address>
         <size>0xe</size>
         <input_file_ref idref="fl-cf"/>
      </object_component>
      <object_component id="oc-6a">
         <name>.text:decompress:ZI:__TI_zero_init</name>
         <load_address>0x1f72</load_address>
         <run_address>0x1f72</run_address>
         <size>0xc</size>
         <input_file_ref idref="fl-ce"/>
      </object_component>
      <object_component id="oc-392">
         <name>.text:vTaskMissedYield</name>
         <load_address>0x1f80</load_address>
         <run_address>0x1f80</run_address>
         <size>0xc</size>
         <input_file_ref idref="fl-a"/>
      </object_component>
      <object_component id="oc-30b">
         <name>.text:xTaskGetTickCount</name>
         <load_address>0x1f8c</load_address>
         <run_address>0x1f8c</run_address>
         <size>0xc</size>
         <input_file_ref idref="fl-a"/>
      </object_component>
      <object_component id="oc-22e">
         <name>.text:prvIdleTask</name>
         <load_address>0x1f98</load_address>
         <run_address>0x1f98</run_address>
         <size>0x8</size>
         <input_file_ref idref="fl-a"/>
      </object_component>
      <object_component id="oc-27">
         <name>.text:ResetISR</name>
         <load_address>0x1fa0</load_address>
         <run_address>0x1fa0</run_address>
         <size>0x6</size>
         <input_file_ref idref="fl-4"/>
      </object_component>
      <object_component id="oc-1be">
         <name>.text:UARTClockSourceSet</name>
         <load_address>0x1fa6</load_address>
         <run_address>0x1fa6</run_address>
         <size>0x6</size>
         <input_file_ref idref="fl-da"/>
      </object_component>
      <object_component id="oc-3c1">
         <name>.text:vListInitialiseItem</name>
         <load_address>0x1fac</load_address>
         <run_address>0x1fac</run_address>
         <size>0x6</size>
         <input_file_ref idref="fl-8"/>
      </object_component>
      <object_component id="oc-c9">
         <name>.text:_system_pre_init</name>
         <load_address>0x1fb2</load_address>
         <run_address>0x1fb2</run_address>
         <size>0x4</size>
         <input_file_ref idref="fl-d4"/>
      </object_component>
      <object_component id="oc-149">
         <name>.text:abort:abort</name>
         <load_address>0x1fb6</load_address>
         <run_address>0x1fb6</run_address>
         <size>0x4</size>
         <input_file_ref idref="fl-d6"/>
      </object_component>
      <object_component id="oc-261">
         <name>.const:g_ui32UARTBase</name>
         <load_address>0x1fbc</load_address>
         <run_address>0x1fbc</run_address>
         <size>0xc</size>
         <input_file_ref idref="fl-e"/>
      </object_component>
      <object_component id="oc-25e">
         <name>.const:g_ui32UARTPeriph</name>
         <load_address>0x1fc8</load_address>
         <run_address>0x1fc8</run_address>
         <size>0xc</size>
         <input_file_ref idref="fl-e"/>
      </object_component>
      <object_component id="oc-91">
         <name>.const</name>
         <load_address>0x1fd4</load_address>
         <run_address>0x1fd4</run_address>
         <size>0x4</size>
         <input_file_ref idref="fl-b"/>
      </object_component>
      <object_component id="oc-45a">
         <name>.cinit..data.load</name>
         <load_address>0x1fd8</load_address>
         <run_address>0x1fd8</run_address>
         <size>0x17</size>
      </object_component>
      <object_component id="oc-458">
         <name>__TI_handler_table</name>
         <load_address>0x1ff0</load_address>
         <run_address>0x1ff0</run_address>
         <size>0xc</size>
      </object_component>
      <object_component id="oc-45b">
         <name>.cinit..bss.load</name>
         <load_address>0x2000</load_address>
         <run_address>0x2000</run_address>
         <size>0x8</size>
      </object_component>
      <object_component id="oc-459">
         <name>__TI_cinit_table</name>
         <load_address>0x2008</load_address>
         <run_address>0x2008</run_address>
         <size>0x10</size>
      </object_component>
      <object_component id="oc-20e">
         <name>.data:g_pui32Colors</name>
         <load_address>0x20007938</load_address>
         <run_address>0x20007938</run_address>
         <size>0xc</size>
         <input_file_ref idref="fl-3"/>
      </object_component>
      <object_component id="oc-324">
         <name>.data</name>
         <load_address>0x20007951</load_address>
         <run_address>0x20007951</run_address>
         <size>0x3</size>
         <input_file_ref idref="fl-6"/>
      </object_component>
      <object_component id="oc-2dd">
         <name>.data</name>
         <load_address>0x20007958</load_address>
         <run_address>0x20007958</run_address>
         <size>0x4</size>
         <input_file_ref idref="fl-7"/>
      </object_component>
      <object_component id="oc-8e">
         <name>.data</name>
         <load_address>0x20007908</load_address>
         <run_address>0x20007908</run_address>
         <size>0x30</size>
         <input_file_ref idref="fl-a"/>
      </object_component>
      <object_component id="oc-336">
         <name>.data</name>
         <load_address>0x20007954</load_address>
         <run_address>0x20007954</run_address>
         <size>0x4</size>
         <input_file_ref idref="fl-b"/>
      </object_component>
      <object_component id="oc-28b">
         <name>.data</name>
         <load_address>0x20007944</load_address>
         <run_address>0x20007944</run_address>
         <size>0x8</size>
         <input_file_ref idref="fl-d"/>
      </object_component>
      <object_component id="oc-264">
         <name>.data</name>
         <load_address>0x2000794c</load_address>
         <run_address>0x2000794c</run_address>
         <size>0x5</size>
         <input_file_ref idref="fl-e"/>
      </object_component>
      <object_component id="oc-20b">
         <name>.bss</name>
         <uninitialized>true</uninitialized>
         <run_address>0x20007700</run_address>
         <size>0x1</size>
         <input_file_ref idref="fl-3"/>
      </object_component>
      <object_component id="oc-2e0">
         <name>.bss:g_ui32Colors</name>
         <uninitialized>true</uninitialized>
         <run_address>0x200076d4</run_address>
         <size>0xc</size>
         <input_file_ref idref="fl-7"/>
      </object_component>
      <object_component id="oc-f2">
         <name>.bss:pxReadyTasksLists</name>
         <uninitialized>true</uninitialized>
         <run_address>0x20007530</run_address>
         <size>0x140</size>
         <input_file_ref idref="fl-a"/>
      </object_component>
      <object_component id="oc-3cf">
         <name>.bss:xDelayedTaskList1</name>
         <uninitialized>true</uninitialized>
         <run_address>0x20007670</run_address>
         <size>0x14</size>
         <input_file_ref idref="fl-a"/>
      </object_component>
      <object_component id="oc-3d2">
         <name>.bss:xDelayedTaskList2</name>
         <uninitialized>true</uninitialized>
         <run_address>0x20007684</run_address>
         <size>0x14</size>
         <input_file_ref idref="fl-a"/>
      </object_component>
      <object_component id="oc-108">
         <name>.bss</name>
         <uninitialized>true</uninitialized>
         <run_address>0x200076e0</run_address>
         <size>0x8</size>
         <input_file_ref idref="fl-a"/>
      </object_component>
      <object_component id="oc-37d">
         <name>.bss:xPendingReadyList</name>
         <uninitialized>true</uninitialized>
         <run_address>0x20007698</run_address>
         <size>0x14</size>
         <input_file_ref idref="fl-a"/>
      </object_component>
      <object_component id="oc-3d5">
         <name>.bss:xTasksWaitingTermination</name>
         <uninitialized>true</uninitialized>
         <run_address>0x200076c0</run_address>
         <size>0x14</size>
         <input_file_ref idref="fl-a"/>
      </object_component>
      <object_component id="oc-3a6">
         <name>.bss:xSuspendedTaskList</name>
         <uninitialized>true</uninitialized>
         <run_address>0x200076ac</run_address>
         <size>0x14</size>
         <input_file_ref idref="fl-a"/>
      </object_component>
      <object_component id="oc-379">
         <name>.bss:ucHeap</name>
         <uninitialized>true</uninitialized>
         <run_address>0x20000000</run_address>
         <size>0x7530</size>
         <input_file_ref idref="fl-d"/>
      </object_component>
      <object_component id="oc-28e">
         <name>.bss:xStart</name>
         <uninitialized>true</uninitialized>
         <run_address>0x200076f0</run_address>
         <size>0x8</size>
         <input_file_ref idref="fl-d"/>
      </object_component>
      <object_component id="oc-291">
         <name>.bss:xEnd</name>
         <uninitialized>true</uninitialized>
         <run_address>0x200076e8</run_address>
         <size>0x8</size>
         <input_file_ref idref="fl-d"/>
      </object_component>
      <object_component id="oc-147">
         <name>.common:g_pUARTSemaphore</name>
         <uninitialized>true</uninitialized>
         <run_address>0x200076fc</run_address>
         <size>0x4</size>
      </object_component>
      <object_component id="oc-211">
         <name>.common:g_pLEDQueue</name>
         <uninitialized>true</uninitialized>
         <run_address>0x200076f8</run_address>
         <size>0x4</size>
      </object_component>
      <object_component id="oc-24">
         <name>.stack</name>
         <uninitialized>true</uninitialized>
         <run_address>0x20007708</run_address>
         <size>0x4</size>
         <input_file_ref idref="fl-d1"/>
      </object_component>
      <object_component id="oc-45d">
         <name>.stack</name>
         <uninitialized>true</uninitialized>
         <run_address>0x20007708</run_address>
         <size>0x0</size>
      </object_component>
      <object_component id="oc-111">
         <name>.debug_info</name>
         <load_address>0x0</load_address>
         <run_address>0x0</run_address>
         <size>0x483</size>
         <input_file_ref idref="fl-2"/>
      </object_component>
      <object_component id="oc-ed">
         <name>.debug_info</name>
         <load_address>0x483</load_address>
         <run_address>0x483</run_address>
         <size>0x19c</size>
         <input_file_ref idref="fl-2"/>
      </object_component>
      <object_component id="oc-124">
         <name>.debug_info</name>
         <load_address>0x61f</load_address>
         <run_address>0x61f</run_address>
         <size>0x1a2</size>
         <input_file_ref idref="fl-2"/>
      </object_component>
      <object_component id="oc-d0">
         <name>.debug_info</name>
         <load_address>0x7c1</load_address>
         <run_address>0x7c1</run_address>
         <size>0x1c1</size>
         <input_file_ref idref="fl-2"/>
      </object_component>
      <object_component id="oc-198">
         <name>.debug_info</name>
         <load_address>0x982</load_address>
         <run_address>0x982</run_address>
         <size>0x2ef</size>
         <input_file_ref idref="fl-2"/>
      </object_component>
      <object_component id="oc-a4">
         <name>.debug_info</name>
         <load_address>0xc71</load_address>
         <run_address>0xc71</run_address>
         <size>0x26b</size>
         <input_file_ref idref="fl-2"/>
      </object_component>
      <object_component id="oc-53">
         <name>.debug_info</name>
         <load_address>0xedc</load_address>
         <run_address>0xedc</run_address>
         <size>0x84</size>
         <input_file_ref idref="fl-2"/>
      </object_component>
      <object_component id="oc-1b9">
         <name>.debug_info</name>
         <load_address>0xf60</load_address>
         <run_address>0xf60</run_address>
         <size>0x46</size>
         <input_file_ref idref="fl-2"/>
      </object_component>
      <object_component id="oc-1b4">
         <name>.debug_info</name>
         <load_address>0xfa6</load_address>
         <run_address>0xfa6</run_address>
         <size>0x2c</size>
         <input_file_ref idref="fl-2"/>
      </object_component>
      <object_component id="oc-189">
         <name>.debug_info</name>
         <load_address>0xfd2</load_address>
         <run_address>0xfd2</run_address>
         <size>0x2c</size>
         <input_file_ref idref="fl-2"/>
      </object_component>
      <object_component id="oc-10c">
         <name>.debug_info</name>
         <load_address>0xffe</load_address>
         <run_address>0xffe</run_address>
         <size>0x2a4</size>
         <input_file_ref idref="fl-2"/>
      </object_component>
      <object_component id="oc-a9">
         <name>.debug_info</name>
         <load_address>0x12a2</load_address>
         <run_address>0x12a2</run_address>
         <size>0xbb</size>
         <input_file_ref idref="fl-2"/>
      </object_component>
      <object_component id="oc-e4">
         <name>.debug_info</name>
         <load_address>0x135d</load_address>
         <run_address>0x135d</run_address>
         <size>0x53</size>
         <input_file_ref idref="fl-2"/>
      </object_component>
      <object_component id="oc-1d3">
         <name>.debug_info</name>
         <load_address>0x13b0</load_address>
         <run_address>0x13b0</run_address>
         <size>0x2c</size>
         <input_file_ref idref="fl-2"/>
      </object_component>
      <object_component id="oc-1a2">
         <name>.debug_info</name>
         <load_address>0x13dc</load_address>
         <run_address>0x13dc</run_address>
         <size>0x14c</size>
         <input_file_ref idref="fl-2"/>
      </object_component>
      <object_component id="oc-212">
         <name>.debug_info</name>
         <load_address>0x1528</load_address>
         <run_address>0x1528</run_address>
         <size>0x628</size>
         <input_file_ref idref="fl-3"/>
      </object_component>
      <object_component id="oc-20f">
         <name>.debug_info</name>
         <load_address>0x1b50</load_address>
         <run_address>0x1b50</run_address>
         <size>0x10e</size>
         <input_file_ref idref="fl-3"/>
      </object_component>
      <object_component id="oc-20c">
         <name>.debug_info</name>
         <load_address>0x1c5e</load_address>
         <run_address>0x1c5e</run_address>
         <size>0x112</size>
         <input_file_ref idref="fl-3"/>
      </object_component>
      <object_component id="oc-136">
         <name>.debug_info</name>
         <load_address>0x1d70</load_address>
         <run_address>0x1d70</run_address>
         <size>0x1cc</size>
         <input_file_ref idref="fl-3"/>
      </object_component>
      <object_component id="oc-215">
         <name>.debug_info</name>
         <load_address>0x1f3c</load_address>
         <run_address>0x1f3c</run_address>
         <size>0x2d4</size>
         <input_file_ref idref="fl-3"/>
      </object_component>
      <object_component id="oc-4c">
         <name>.debug_info</name>
         <load_address>0x2210</load_address>
         <run_address>0x2210</run_address>
         <size>0x351</size>
         <input_file_ref idref="fl-4"/>
      </object_component>
      <object_component id="oc-13">
         <name>.debug_info</name>
         <load_address>0x2561</load_address>
         <run_address>0x2561</run_address>
         <size>0x110</size>
         <input_file_ref idref="fl-4"/>
      </object_component>
      <object_component id="oc-28">
         <name>.debug_info</name>
         <load_address>0x2671</load_address>
         <run_address>0x2671</run_address>
         <size>0x140</size>
         <input_file_ref idref="fl-4"/>
      </object_component>
      <object_component id="oc-2e">
         <name>.debug_info</name>
         <load_address>0x27b1</load_address>
         <run_address>0x27b1</run_address>
         <size>0x131</size>
         <input_file_ref idref="fl-4"/>
      </object_component>
      <object_component id="oc-3a">
         <name>.debug_info</name>
         <load_address>0x28e2</load_address>
         <run_address>0x28e2</run_address>
         <size>0x149</size>
         <input_file_ref idref="fl-4"/>
      </object_component>
      <object_component id="oc-34">
         <name>.debug_info</name>
         <load_address>0x2a2b</load_address>
         <run_address>0x2a2b</run_address>
         <size>0x137</size>
         <input_file_ref idref="fl-4"/>
      </object_component>
      <object_component id="oc-32f">
         <name>.debug_info</name>
         <load_address>0x2b62</load_address>
         <run_address>0x2b62</run_address>
         <size>0x55d</size>
         <input_file_ref idref="fl-5"/>
      </object_component>
      <object_component id="oc-13c">
         <name>.debug_info</name>
         <load_address>0x30bf</load_address>
         <run_address>0x30bf</run_address>
         <size>0x17b</size>
         <input_file_ref idref="fl-5"/>
      </object_component>
      <object_component id="oc-222">
         <name>.debug_info</name>
         <load_address>0x323a</load_address>
         <run_address>0x323a</run_address>
         <size>0x2be</size>
         <input_file_ref idref="fl-5"/>
      </object_component>
      <object_component id="oc-3f8">
         <name>.debug_info</name>
         <load_address>0x34f8</load_address>
         <run_address>0x34f8</run_address>
         <size>0x2de</size>
         <input_file_ref idref="fl-6"/>
      </object_component>
      <object_component id="oc-325">
         <name>.debug_info</name>
         <load_address>0x37d6</load_address>
         <run_address>0x37d6</run_address>
         <size>0x159</size>
         <input_file_ref idref="fl-6"/>
      </object_component>
      <object_component id="oc-327">
         <name>.debug_info</name>
         <load_address>0x392f</load_address>
         <run_address>0x392f</run_address>
         <size>0x317</size>
         <input_file_ref idref="fl-6"/>
      </object_component>
      <object_component id="oc-21c">
         <name>.debug_info</name>
         <load_address>0x3c46</load_address>
         <run_address>0x3c46</run_address>
         <size>0x222</size>
         <input_file_ref idref="fl-6"/>
      </object_component>
      <object_component id="oc-2dc">
         <name>.debug_info</name>
         <load_address>0x3e68</load_address>
         <run_address>0x3e68</run_address>
         <size>0x321</size>
         <input_file_ref idref="fl-7"/>
      </object_component>
      <object_component id="oc-2e1">
         <name>.debug_info</name>
         <load_address>0x4189</load_address>
         <run_address>0x4189</run_address>
         <size>0x14b</size>
         <input_file_ref idref="fl-7"/>
      </object_component>
      <object_component id="oc-2de">
         <name>.debug_info</name>
         <load_address>0x42d4</load_address>
         <run_address>0x42d4</run_address>
         <size>0x14b</size>
         <input_file_ref idref="fl-7"/>
      </object_component>
      <object_component id="oc-1fa">
         <name>.debug_info</name>
         <load_address>0x441f</load_address>
         <run_address>0x441f</run_address>
         <size>0x251</size>
         <input_file_ref idref="fl-7"/>
      </object_component>
      <object_component id="oc-1f4">
         <name>.debug_info</name>
         <load_address>0x4670</load_address>
         <run_address>0x4670</run_address>
         <size>0x24e</size>
         <input_file_ref idref="fl-7"/>
      </object_component>
      <object_component id="oc-2d6">
         <name>.debug_info</name>
         <load_address>0x48be</load_address>
         <run_address>0x48be</run_address>
         <size>0x24a</size>
         <input_file_ref idref="fl-7"/>
      </object_component>
      <object_component id="oc-1ee">
         <name>.debug_info</name>
         <load_address>0x4b08</load_address>
         <run_address>0x4b08</run_address>
         <size>0x289</size>
         <input_file_ref idref="fl-7"/>
      </object_component>
      <object_component id="oc-31e">
         <name>.debug_info</name>
         <load_address>0x4d91</load_address>
         <run_address>0x4d91</run_address>
         <size>0x222</size>
         <input_file_ref idref="fl-7"/>
      </object_component>
      <object_component id="oc-1ae">
         <name>.debug_info</name>
         <load_address>0x4fb3</load_address>
         <run_address>0x4fb3</run_address>
         <size>0x32d</size>
         <input_file_ref idref="fl-8"/>
      </object_component>
      <object_component id="oc-103">
         <name>.debug_info</name>
         <load_address>0x52e0</load_address>
         <run_address>0x52e0</run_address>
         <size>0x26c</size>
         <input_file_ref idref="fl-8"/>
      </object_component>
      <object_component id="oc-39b">
         <name>.debug_info</name>
         <load_address>0x554c</load_address>
         <run_address>0x554c</run_address>
         <size>0x297</size>
         <input_file_ref idref="fl-8"/>
      </object_component>
      <object_component id="oc-3c2">
         <name>.debug_info</name>
         <load_address>0x57e3</load_address>
         <run_address>0x57e3</run_address>
         <size>0x219</size>
         <input_file_ref idref="fl-8"/>
      </object_component>
      <object_component id="oc-1df">
         <name>.debug_info</name>
         <load_address>0x59fc</load_address>
         <run_address>0x59fc</run_address>
         <size>0x211</size>
         <input_file_ref idref="fl-8"/>
      </object_component>
      <object_component id="oc-fd">
         <name>.debug_info</name>
         <load_address>0x5c0d</load_address>
         <run_address>0x5c0d</run_address>
         <size>0x244</size>
         <input_file_ref idref="fl-8"/>
      </object_component>
      <object_component id="oc-18e">
         <name>.debug_info</name>
         <load_address>0x5e51</load_address>
         <run_address>0x5e51</run_address>
         <size>0x110</size>
         <input_file_ref idref="fl-8"/>
      </object_component>
      <object_component id="oc-1eb">
         <name>.debug_info</name>
         <load_address>0x5f61</load_address>
         <run_address>0x5f61</run_address>
         <size>0x7be</size>
         <input_file_ref idref="fl-9"/>
      </object_component>
      <object_component id="oc-2b0">
         <name>.debug_info</name>
         <load_address>0x671f</load_address>
         <run_address>0x671f</run_address>
         <size>0x2e6</size>
         <input_file_ref idref="fl-9"/>
      </object_component>
      <object_component id="oc-3db">
         <name>.debug_info</name>
         <load_address>0x6a05</load_address>
         <run_address>0x6a05</run_address>
         <size>0x266</size>
         <input_file_ref idref="fl-9"/>
      </object_component>
      <object_component id="oc-3e7">
         <name>.debug_info</name>
         <load_address>0x6c6b</load_address>
         <run_address>0x6c6b</run_address>
         <size>0x263</size>
         <input_file_ref idref="fl-9"/>
      </object_component>
      <object_component id="oc-312">
         <name>.debug_info</name>
         <load_address>0x6ece</load_address>
         <run_address>0x6ece</run_address>
         <size>0x58f</size>
         <input_file_ref idref="fl-9"/>
      </object_component>
      <object_component id="oc-2b6">
         <name>.debug_info</name>
         <load_address>0x745d</load_address>
         <run_address>0x745d</run_address>
         <size>0x264</size>
         <input_file_ref idref="fl-9"/>
      </object_component>
      <object_component id="oc-2c2">
         <name>.debug_info</name>
         <load_address>0x76c1</load_address>
         <run_address>0x76c1</run_address>
         <size>0x2cc</size>
         <input_file_ref idref="fl-9"/>
      </object_component>
      <object_component id="oc-1e5">
         <name>.debug_info</name>
         <load_address>0x798d</load_address>
         <run_address>0x798d</run_address>
         <size>0x4ff</size>
         <input_file_ref idref="fl-9"/>
      </object_component>
      <object_component id="oc-2e6">
         <name>.debug_info</name>
         <load_address>0x7e8c</load_address>
         <run_address>0x7e8c</run_address>
         <size>0x2ea</size>
         <input_file_ref idref="fl-9"/>
      </object_component>
      <object_component id="oc-200">
         <name>.debug_info</name>
         <load_address>0x8176</load_address>
         <run_address>0x8176</run_address>
         <size>0x348</size>
         <input_file_ref idref="fl-9"/>
      </object_component>
      <object_component id="oc-130">
         <name>.debug_info</name>
         <load_address>0x84be</load_address>
         <run_address>0x84be</run_address>
         <size>0x2a7</size>
         <input_file_ref idref="fl-9"/>
      </object_component>
      <object_component id="oc-2d0">
         <name>.debug_info</name>
         <load_address>0x8765</load_address>
         <run_address>0x8765</run_address>
         <size>0x1cd</size>
         <input_file_ref idref="fl-9"/>
      </object_component>
      <object_component id="oc-e3">
         <name>.debug_info</name>
         <load_address>0x8932</load_address>
         <run_address>0x8932</run_address>
         <size>0x7a5</size>
         <input_file_ref idref="fl-a"/>
      </object_component>
      <object_component id="oc-8f">
         <name>.debug_info</name>
         <load_address>0x90d7</load_address>
         <run_address>0x90d7</run_address>
         <size>0x351</size>
         <input_file_ref idref="fl-a"/>
      </object_component>
      <object_component id="oc-f3">
         <name>.debug_info</name>
         <load_address>0x9428</load_address>
         <run_address>0x9428</run_address>
         <size>0x14d</size>
         <input_file_ref idref="fl-a"/>
      </object_component>
      <object_component id="oc-3d0">
         <name>.debug_info</name>
         <load_address>0x9575</load_address>
         <run_address>0x9575</run_address>
         <size>0x14d</size>
         <input_file_ref idref="fl-a"/>
      </object_component>
      <object_component id="oc-3d3">
         <name>.debug_info</name>
         <load_address>0x96c2</load_address>
         <run_address>0x96c2</run_address>
         <size>0x14d</size>
         <input_file_ref idref="fl-a"/>
      </object_component>
      <object_component id="oc-109">
         <name>.debug_info</name>
         <load_address>0x980f</load_address>
         <run_address>0x980f</run_address>
         <size>0x18f</size>
         <input_file_ref idref="fl-a"/>
      </object_component>
      <object_component id="oc-37e">
         <name>.debug_info</name>
         <load_address>0x999e</load_address>
         <run_address>0x999e</run_address>
         <size>0x14d</size>
         <input_file_ref idref="fl-a"/>
      </object_component>
      <object_component id="oc-3d6">
         <name>.debug_info</name>
         <load_address>0x9aeb</load_address>
         <run_address>0x9aeb</run_address>
         <size>0x15b</size>
         <input_file_ref idref="fl-a"/>
      </object_component>
      <object_component id="oc-3a7">
         <name>.debug_info</name>
         <load_address>0x9c46</load_address>
         <run_address>0x9c46</run_address>
         <size>0x14f</size>
         <input_file_ref idref="fl-a"/>
      </object_component>
      <object_component id="oc-f7">
         <name>.debug_info</name>
         <load_address>0x9d95</load_address>
         <run_address>0x9d95</run_address>
         <size>0x217</size>
         <input_file_ref idref="fl-a"/>
      </object_component>
      <object_component id="oc-9c">
         <name>.debug_info</name>
         <load_address>0x9fac</load_address>
         <run_address>0x9fac</run_address>
         <size>0x2e7</size>
         <input_file_ref idref="fl-a"/>
      </object_component>
      <object_component id="oc-286">
         <name>.debug_info</name>
         <load_address>0xa293</load_address>
         <run_address>0xa293</run_address>
         <size>0x2af</size>
         <input_file_ref idref="fl-a"/>
      </object_component>
      <object_component id="oc-2c8">
         <name>.debug_info</name>
         <load_address>0xa542</load_address>
         <run_address>0xa542</run_address>
         <size>0x2b8</size>
         <input_file_ref idref="fl-a"/>
      </object_component>
      <object_component id="oc-3ab">
         <name>.debug_info</name>
         <load_address>0xa7fa</load_address>
         <run_address>0xa7fa</run_address>
         <size>0x299</size>
         <input_file_ref idref="fl-a"/>
      </object_component>
      <object_component id="oc-3a1">
         <name>.debug_info</name>
         <load_address>0xaa93</load_address>
         <run_address>0xaa93</run_address>
         <size>0x272</size>
         <input_file_ref idref="fl-a"/>
      </object_component>
      <object_component id="oc-30c">
         <name>.debug_info</name>
         <load_address>0xad05</load_address>
         <run_address>0xad05</run_address>
         <size>0x20a</size>
         <input_file_ref idref="fl-a"/>
      </object_component>
      <object_component id="oc-2ed">
         <name>.debug_info</name>
         <load_address>0xaf0f</load_address>
         <run_address>0xaf0f</run_address>
         <size>0x2fd</size>
         <input_file_ref idref="fl-a"/>
      </object_component>
      <object_component id="oc-2f3">
         <name>.debug_info</name>
         <load_address>0xb20c</load_address>
         <run_address>0xb20c</run_address>
         <size>0x2f9</size>
         <input_file_ref idref="fl-a"/>
      </object_component>
      <object_component id="oc-2ff">
         <name>.debug_info</name>
         <load_address>0xb505</load_address>
         <run_address>0xb505</run_address>
         <size>0x27e</size>
         <input_file_ref idref="fl-a"/>
      </object_component>
      <object_component id="oc-206">
         <name>.debug_info</name>
         <load_address>0xb783</load_address>
         <run_address>0xb783</run_address>
         <size>0x4b4</size>
         <input_file_ref idref="fl-a"/>
      </object_component>
      <object_component id="oc-298">
         <name>.debug_info</name>
         <load_address>0xbc37</load_address>
         <run_address>0xbc37</run_address>
         <size>0x22d</size>
         <input_file_ref idref="fl-a"/>
      </object_component>
      <object_component id="oc-2aa">
         <name>.debug_info</name>
         <load_address>0xbe64</load_address>
         <run_address>0xbe64</run_address>
         <size>0x301</size>
         <input_file_ref idref="fl-a"/>
      </object_component>
      <object_component id="oc-95">
         <name>.debug_info</name>
         <load_address>0xc165</load_address>
         <run_address>0xc165</run_address>
         <size>0x278</size>
         <input_file_ref idref="fl-a"/>
      </object_component>
      <object_component id="oc-27a">
         <name>.debug_info</name>
         <load_address>0xc3dd</load_address>
         <run_address>0xc3dd</run_address>
         <size>0x1ed</size>
         <input_file_ref idref="fl-a"/>
      </object_component>
      <object_component id="oc-142">
         <name>.debug_info</name>
         <load_address>0xc5ca</load_address>
         <run_address>0xc5ca</run_address>
         <size>0x228</size>
         <input_file_ref idref="fl-a"/>
      </object_component>
      <object_component id="oc-3e1">
         <name>.debug_info</name>
         <load_address>0xc7f2</load_address>
         <run_address>0xc7f2</run_address>
         <size>0x27e</size>
         <input_file_ref idref="fl-a"/>
      </object_component>
      <object_component id="oc-2bc">
         <name>.debug_info</name>
         <load_address>0xca70</load_address>
         <run_address>0xca70</run_address>
         <size>0x2de</size>
         <input_file_ref idref="fl-a"/>
      </object_component>
      <object_component id="oc-393">
         <name>.debug_info</name>
         <load_address>0xcd4e</load_address>
         <run_address>0xcd4e</run_address>
         <size>0x1ef</size>
         <input_file_ref idref="fl-a"/>
      </object_component>
      <object_component id="oc-318">
         <name>.debug_info</name>
         <load_address>0xcf3d</load_address>
         <run_address>0xcf3d</run_address>
         <size>0x35b</size>
         <input_file_ref idref="fl-a"/>
      </object_component>
      <object_component id="oc-3ed">
         <name>.debug_info</name>
         <load_address>0xd298</load_address>
         <run_address>0xd298</run_address>
         <size>0x20d</size>
         <input_file_ref idref="fl-a"/>
      </object_component>
      <object_component id="oc-3ff">
         <name>.debug_info</name>
         <load_address>0xd4a5</load_address>
         <run_address>0xd4a5</run_address>
         <size>0x22c</size>
         <input_file_ref idref="fl-a"/>
      </object_component>
      <object_component id="oc-33b">
         <name>.debug_info</name>
         <load_address>0xd6d1</load_address>
         <run_address>0xd6d1</run_address>
         <size>0x2c2</size>
         <input_file_ref idref="fl-a"/>
      </object_component>
      <object_component id="oc-22f">
         <name>.debug_info</name>
         <load_address>0xd993</load_address>
         <run_address>0xd993</run_address>
         <size>0x225</size>
         <input_file_ref idref="fl-a"/>
      </object_component>
      <object_component id="oc-193">
         <name>.debug_info</name>
         <load_address>0xdbb8</load_address>
         <run_address>0xdbb8</run_address>
         <size>0x169</size>
         <input_file_ref idref="fl-a"/>
      </object_component>
      <object_component id="oc-19d">
         <name>.debug_info</name>
         <load_address>0xdd21</load_address>
         <run_address>0xdd21</run_address>
         <size>0x46</size>
         <input_file_ref idref="fl-a"/>
      </object_component>
      <object_component id="oc-eb">
         <name>.debug_info</name>
         <load_address>0xdd67</load_address>
         <run_address>0xdd67</run_address>
         <size>0x40d</size>
         <input_file_ref idref="fl-b"/>
      </object_component>
      <object_component id="oc-92">
         <name>.debug_info</name>
         <load_address>0xe174</load_address>
         <run_address>0xe174</run_address>
         <size>0x17b</size>
         <input_file_ref idref="fl-b"/>
      </object_component>
      <object_component id="oc-337">
         <name>.debug_info</name>
         <load_address>0xe2ef</load_address>
         <run_address>0xe2ef</run_address>
         <size>0x162</size>
         <input_file_ref idref="fl-b"/>
      </object_component>
      <object_component id="oc-45">
         <name>.debug_info</name>
         <load_address>0xe451</load_address>
         <run_address>0xe451</run_address>
         <size>0x24d</size>
         <input_file_ref idref="fl-b"/>
      </object_component>
      <object_component id="oc-331">
         <name>.debug_info</name>
         <load_address>0xe69e</load_address>
         <run_address>0xe69e</run_address>
         <size>0x23e</size>
         <input_file_ref idref="fl-b"/>
      </object_component>
      <object_component id="oc-229">
         <name>.debug_info</name>
         <load_address>0xe8dc</load_address>
         <run_address>0xe8dc</run_address>
         <size>0x286</size>
         <input_file_ref idref="fl-b"/>
      </object_component>
      <object_component id="oc-29e">
         <name>.debug_info</name>
         <load_address>0xeb62</load_address>
         <run_address>0xeb62</run_address>
         <size>0x230</size>
         <input_file_ref idref="fl-b"/>
      </object_component>
      <object_component id="oc-2a4">
         <name>.debug_info</name>
         <load_address>0xed92</load_address>
         <run_address>0xed92</run_address>
         <size>0x232</size>
         <input_file_ref idref="fl-b"/>
      </object_component>
      <object_component id="oc-2f9">
         <name>.debug_info</name>
         <load_address>0xefc4</load_address>
         <run_address>0xefc4</run_address>
         <size>0x2e7</size>
         <input_file_ref idref="fl-b"/>
      </object_component>
      <object_component id="oc-3c9">
         <name>.debug_info</name>
         <load_address>0xf2ab</load_address>
         <run_address>0xf2ab</run_address>
         <size>0x220</size>
         <input_file_ref idref="fl-b"/>
      </object_component>
      <object_component id="oc-40">
         <name>.debug_info</name>
         <load_address>0xf4cb</load_address>
         <run_address>0xf4cb</run_address>
         <size>0x2b0</size>
         <input_file_ref idref="fl-c"/>
      </object_component>
      <object_component id="oc-295">
         <name>.debug_info</name>
         <load_address>0xf77b</load_address>
         <run_address>0xf77b</run_address>
         <size>0x3d6</size>
         <input_file_ref idref="fl-d"/>
      </object_component>
      <object_component id="oc-37a">
         <name>.debug_info</name>
         <load_address>0xfb51</load_address>
         <run_address>0xfb51</run_address>
         <size>0x149</size>
         <input_file_ref idref="fl-d"/>
      </object_component>
      <object_component id="oc-28f">
         <name>.debug_info</name>
         <load_address>0xfc9a</load_address>
         <run_address>0xfc9a</run_address>
         <size>0x149</size>
         <input_file_ref idref="fl-d"/>
      </object_component>
      <object_component id="oc-292">
         <name>.debug_info</name>
         <load_address>0xfde3</load_address>
         <run_address>0xfde3</run_address>
         <size>0x145</size>
         <input_file_ref idref="fl-d"/>
      </object_component>
      <object_component id="oc-28c">
         <name>.debug_info</name>
         <load_address>0xff28</load_address>
         <run_address>0xff28</run_address>
         <size>0x163</size>
         <input_file_ref idref="fl-d"/>
      </object_component>
      <object_component id="oc-3bb">
         <name>.debug_info</name>
         <load_address>0x1008b</load_address>
         <run_address>0x1008b</run_address>
         <size>0x2a9</size>
         <input_file_ref idref="fl-d"/>
      </object_component>
      <object_component id="oc-280">
         <name>.debug_info</name>
         <load_address>0x10334</load_address>
         <run_address>0x10334</run_address>
         <size>0x21a</size>
         <input_file_ref idref="fl-d"/>
      </object_component>
      <object_component id="oc-1d9">
         <name>.debug_info</name>
         <load_address>0x1054e</load_address>
         <run_address>0x1054e</run_address>
         <size>0x38c</size>
         <input_file_ref idref="fl-d"/>
      </object_component>
      <object_component id="oc-385">
         <name>.debug_info</name>
         <load_address>0x108da</load_address>
         <run_address>0x108da</run_address>
         <size>0x62</size>
         <input_file_ref idref="fl-d"/>
      </object_component>
      <object_component id="oc-1d2">
         <name>.debug_info</name>
         <load_address>0x1093c</load_address>
         <run_address>0x1093c</run_address>
         <size>0x2ec</size>
         <input_file_ref idref="fl-e"/>
      </object_component>
      <object_component id="oc-265">
         <name>.debug_info</name>
         <load_address>0x10c28</load_address>
         <run_address>0x10c28</run_address>
         <size>0x12d</size>
         <input_file_ref idref="fl-e"/>
      </object_component>
      <object_component id="oc-262">
         <name>.debug_info</name>
         <load_address>0x10d55</load_address>
         <run_address>0x10d55</run_address>
         <size>0x135</size>
         <input_file_ref idref="fl-e"/>
      </object_component>
      <object_component id="oc-25f">
         <name>.debug_info</name>
         <load_address>0x10e8a</load_address>
         <run_address>0x10e8a</run_address>
         <size>0x139</size>
         <input_file_ref idref="fl-e"/>
      </object_component>
      <object_component id="oc-26c">
         <name>.debug_info</name>
         <load_address>0x10fc3</load_address>
         <run_address>0x10fc3</run_address>
         <size>0x222</size>
         <input_file_ref idref="fl-e"/>
      </object_component>
      <object_component id="oc-1cc">
         <name>.debug_info</name>
         <load_address>0x111e5</load_address>
         <run_address>0x111e5</run_address>
         <size>0x354</size>
         <input_file_ref idref="fl-e"/>
      </object_component>
      <object_component id="oc-12a">
         <name>.debug_info</name>
         <load_address>0x11539</load_address>
         <run_address>0x11539</run_address>
         <size>0x1ef</size>
         <input_file_ref idref="fl-e"/>
      </object_component>
      <object_component id="oc-267">
         <name>.debug_info</name>
         <load_address>0x11728</load_address>
         <run_address>0x11728</run_address>
         <size>0x26d</size>
         <input_file_ref idref="fl-e"/>
      </object_component>
      <object_component id="oc-1c5">
         <name>.debug_info</name>
         <load_address>0x11995</load_address>
         <run_address>0x11995</run_address>
         <size>0x285</size>
         <input_file_ref idref="fl-e"/>
      </object_component>
      <object_component id="oc-59">
         <name>.debug_info</name>
         <load_address>0x11c1a</load_address>
         <run_address>0x11c1a</run_address>
         <size>0x119</size>
         <input_file_ref idref="fl-cb"/>
      </object_component>
      <object_component id="oc-c4">
         <name>.debug_info</name>
         <load_address>0x11d33</load_address>
         <run_address>0x11d33</run_address>
         <size>0x147</size>
         <input_file_ref idref="fl-cc"/>
      </object_component>
      <object_component id="oc-272">
         <name>.debug_info</name>
         <load_address>0x11e7a</load_address>
         <run_address>0x11e7a</run_address>
         <size>0x142</size>
         <input_file_ref idref="fl-cd"/>
      </object_component>
      <object_component id="oc-c2">
         <name>.debug_info</name>
         <load_address>0x11fbc</load_address>
         <run_address>0x11fbc</run_address>
         <size>0x2d4</size>
         <input_file_ref idref="fl-ce"/>
      </object_component>
      <object_component id="oc-6b">
         <name>.debug_info</name>
         <load_address>0x12290</load_address>
         <run_address>0x12290</run_address>
         <size>0x1b5</size>
         <input_file_ref idref="fl-ce"/>
      </object_component>
      <object_component id="oc-bd">
         <name>.debug_info</name>
         <load_address>0x12445</load_address>
         <run_address>0x12445</run_address>
         <size>0x46</size>
         <input_file_ref idref="fl-ce"/>
      </object_component>
      <object_component id="oc-11a">
         <name>.debug_info</name>
         <load_address>0x1248b</load_address>
         <run_address>0x1248b</run_address>
         <size>0x2c</size>
         <input_file_ref idref="fl-ce"/>
      </object_component>
      <object_component id="oc-63">
         <name>.debug_info</name>
         <load_address>0x124b7</load_address>
         <run_address>0x124b7</run_address>
         <size>0x2a8</size>
         <input_file_ref idref="fl-cf"/>
      </object_component>
      <object_component id="oc-1c">
         <name>.debug_info</name>
         <load_address>0x1275f</load_address>
         <run_address>0x1275f</run_address>
         <size>0x1ea</size>
         <input_file_ref idref="fl-cf"/>
      </object_component>
      <object_component id="oc-5e">
         <name>.debug_info</name>
         <load_address>0x12949</load_address>
         <run_address>0x12949</run_address>
         <size>0x46</size>
         <input_file_ref idref="fl-cf"/>
      </object_component>
      <object_component id="oc-b5">
         <name>.debug_info</name>
         <load_address>0x1298f</load_address>
         <run_address>0x1298f</run_address>
         <size>0x2c</size>
         <input_file_ref idref="fl-cf"/>
      </object_component>
      <object_component id="oc-b3">
         <name>.debug_info</name>
         <load_address>0x129bb</load_address>
         <run_address>0x129bb</run_address>
         <size>0x29e</size>
         <input_file_ref idref="fl-d0"/>
      </object_component>
      <object_component id="oc-16">
         <name>.debug_info</name>
         <load_address>0x12c59</load_address>
         <run_address>0x12c59</run_address>
         <size>0x250</size>
         <input_file_ref idref="fl-d0"/>
      </object_component>
      <object_component id="oc-4e">
         <name>.debug_info</name>
         <load_address>0x12ea9</load_address>
         <run_address>0x12ea9</run_address>
         <size>0x60</size>
         <input_file_ref idref="fl-d0"/>
      </object_component>
      <object_component id="oc-113">
         <name>.debug_info</name>
         <load_address>0x12f09</load_address>
         <run_address>0x12f09</run_address>
         <size>0x46</size>
         <input_file_ref idref="fl-d0"/>
      </object_component>
      <object_component id="oc-ae">
         <name>.debug_info</name>
         <load_address>0x12f4f</load_address>
         <run_address>0x12f4f</run_address>
         <size>0x39</size>
         <input_file_ref idref="fl-d0"/>
      </object_component>
      <object_component id="oc-25">
         <name>.debug_info</name>
         <load_address>0x12f88</load_address>
         <run_address>0x12f88</run_address>
         <size>0x10b</size>
         <input_file_ref idref="fl-d1"/>
      </object_component>
      <object_component id="oc-77">
         <name>.debug_info</name>
         <load_address>0x13093</load_address>
         <run_address>0x13093</run_address>
         <size>0x1a9</size>
         <input_file_ref idref="fl-d1"/>
      </object_component>
      <object_component id="oc-373">
         <name>.debug_info</name>
         <load_address>0x1323c</load_address>
         <run_address>0x1323c</run_address>
         <size>0x115</size>
         <input_file_ref idref="fl-d2"/>
      </object_component>
      <object_component id="oc-240">
         <name>.debug_info</name>
         <load_address>0x13351</load_address>
         <run_address>0x13351</run_address>
         <size>0x4b3</size>
         <input_file_ref idref="fl-d3"/>
      </object_component>
      <object_component id="oc-156">
         <name>.debug_info</name>
         <load_address>0x13804</load_address>
         <run_address>0x13804</run_address>
         <size>0x1a6</size>
         <input_file_ref idref="fl-d3"/>
      </object_component>
      <object_component id="oc-351">
         <name>.debug_info</name>
         <load_address>0x139aa</load_address>
         <run_address>0x139aa</run_address>
         <size>0x39</size>
         <input_file_ref idref="fl-d3"/>
      </object_component>
      <object_component id="oc-408">
         <name>.debug_info</name>
         <load_address>0x139e3</load_address>
         <run_address>0x139e3</run_address>
         <size>0x39</size>
         <input_file_ref idref="fl-d3"/>
      </object_component>
      <object_component id="oc-356">
         <name>.debug_info</name>
         <load_address>0x13a1c</load_address>
         <run_address>0x13a1c</run_address>
         <size>0x39</size>
         <input_file_ref idref="fl-d3"/>
      </object_component>
      <object_component id="oc-35b">
         <name>.debug_info</name>
         <load_address>0x13a55</load_address>
         <run_address>0x13a55</run_address>
         <size>0xcd</size>
         <input_file_ref idref="fl-d3"/>
      </object_component>
      <object_component id="oc-ca">
         <name>.debug_info</name>
         <load_address>0x13b22</load_address>
         <run_address>0x13b22</run_address>
         <size>0x153</size>
         <input_file_ref idref="fl-d4"/>
      </object_component>
      <object_component id="oc-14a">
         <name>.debug_info</name>
         <load_address>0x13c75</load_address>
         <run_address>0x13c75</run_address>
         <size>0x122</size>
         <input_file_ref idref="fl-d6"/>
      </object_component>
      <object_component id="oc-362">
         <name>.debug_info</name>
         <load_address>0x13d97</load_address>
         <run_address>0x13d97</run_address>
         <size>0x8b</size>
         <input_file_ref idref="fl-d9"/>
      </object_component>
      <object_component id="oc-258">
         <name>.debug_info</name>
         <load_address>0x13e22</load_address>
         <run_address>0x13e22</run_address>
         <size>0x18b</size>
         <input_file_ref idref="fl-d9"/>
      </object_component>
      <object_component id="oc-25d">
         <name>.debug_info</name>
         <load_address>0x13fad</load_address>
         <run_address>0x13fad</run_address>
         <size>0x227</size>
         <input_file_ref idref="fl-da"/>
      </object_component>
      <object_component id="oc-1bf">
         <name>.debug_info</name>
         <load_address>0x141d4</load_address>
         <run_address>0x141d4</run_address>
         <size>0x291</size>
         <input_file_ref idref="fl-da"/>
      </object_component>
      <object_component id="oc-45e">
         <name>.debug_info</name>
         <load_address>0x14465</load_address>
         <run_address>0x14465</run_address>
         <size>0xd0</size>
      </object_component>
      <object_component id="oc-1b3">
         <name>.debug_line</name>
         <load_address>0x0</load_address>
         <run_address>0x0</run_address>
         <size>0x165</size>
         <input_file_ref idref="fl-2"/>
      </object_component>
      <object_component id="oc-f0">
         <name>.debug_line</name>
         <load_address>0x165</load_address>
         <run_address>0x165</run_address>
         <size>0x48</size>
         <input_file_ref idref="fl-2"/>
      </object_component>
      <object_component id="oc-127">
         <name>.debug_line</name>
         <load_address>0x1ad</load_address>
         <run_address>0x1ad</run_address>
         <size>0x51</size>
         <input_file_ref idref="fl-2"/>
      </object_component>
      <object_component id="oc-d3">
         <name>.debug_line</name>
         <load_address>0x1fe</load_address>
         <run_address>0x1fe</run_address>
         <size>0x58</size>
         <input_file_ref idref="fl-2"/>
      </object_component>
      <object_component id="oc-19b">
         <name>.debug_line</name>
         <load_address>0x256</load_address>
         <run_address>0x256</run_address>
         <size>0x6f</size>
         <input_file_ref idref="fl-2"/>
      </object_component>
      <object_component id="oc-a7">
         <name>.debug_line</name>
         <load_address>0x2c5</load_address>
         <run_address>0x2c5</run_address>
         <size>0x78</size>
         <input_file_ref idref="fl-2"/>
      </object_component>
      <object_component id="oc-56">
         <name>.debug_line</name>
         <load_address>0x33d</load_address>
         <run_address>0x33d</run_address>
         <size>0x20</size>
         <input_file_ref idref="fl-2"/>
      </object_component>
      <object_component id="oc-1bc">
         <name>.debug_line</name>
         <load_address>0x35d</load_address>
         <run_address>0x35d</run_address>
         <size>0x70</size>
         <input_file_ref idref="fl-2"/>
      </object_component>
      <object_component id="oc-1b7">
         <name>.debug_line</name>
         <load_address>0x3cd</load_address>
         <run_address>0x3cd</run_address>
         <size>0x71</size>
         <input_file_ref idref="fl-2"/>
      </object_component>
      <object_component id="oc-18c">
         <name>.debug_line</name>
         <load_address>0x43e</load_address>
         <run_address>0x43e</run_address>
         <size>0x73</size>
         <input_file_ref idref="fl-2"/>
      </object_component>
      <object_component id="oc-10f">
         <name>.debug_line</name>
         <load_address>0x4b1</load_address>
[...]
            <logical_group_ref idref="lg-d"/>
            <logical_group_ref idref="lg-a"/>
         </contents>
      </load_segment>
   </logical_group_list>
   <placement_map>
      <memory_area display="yes" color="green">
         <name>FLASH</name>
         <page_id>0x0</page_id>
         <origin>0x0</origin>
         <length>0x40000</length>
         <used_space>0x2016</used_space>
         <unused_space>0x3dfea</unused_space>
         <attributes>RX</attributes>
         <usage_details>
            <allocated_space>
               <start_address>0x0</start_address>
               <size>0x26c</size>
               <logical_group_ref idref="lg-3"/>
            </allocated_space>
            <allocated_space>
               <start_address>0x26c</start_address>
               <size>0x1d4e</size>
               <logical_group_ref idref="lg-4"/>
            </allocated_space>
            <available_space>
               <start_address>0x1fba</start_address>
               <size>0x2</size>
            </available_space>
            <allocated_space>
               <start_address>0x1fbc</start_address>
               <size>0x1c</size>
               <logical_group_ref idref="lg-5"/>
            </allocated_space>
            <allocated_space>
               <start_address>0x1fd8</start_address>
               <size>0x40</size>
               <logical_group_ref idref="lg-6"/>
            </allocated_space>
            <available_space>
               <start_address>0x2018</start_address>
               <size>0x3dfe8</size>
            </available_space>
         </usage_details>
      </memory_area>
      <memory_area display="yes" color="green">
         <name>SRAM</name>
         <page_id>0x0</page_id>
         <origin>0x20000000</origin>
         <length>0x8000</length>
         <used_space>0x7955</used_space>
         <unused_space>0x6ab</unused_space>
         <attributes>RWX</attributes>
         <usage_details>
            <allocated_space>
               <start_address>0x20000000</start_address>
               <size>0x0</size>
               <logical_group_ref idref="lg-431"/>
            </allocated_space>
            <allocated_space>
               <start_address>0x20000000</start_address>
               <size>0x7701</size>
               <logical_group_ref idref="lg-b"/>
            </allocated_space>
            <available_space>
               <start_address>0x20007701</start_address>
               <size>0x7</size>
            </available_space>
            <allocated_space>
               <start_address>0x20007708</start_address>
               <size>0x200</size>
               <logical_group_ref idref="lg-d"/>
            </allocated_space>
            <allocated_space>
               <start_address>0x20007908</start_address>
               <size>0x54</size>
               <logical_group_ref idref="lg-a"/>
            </allocated_space>
            <available_space>
               <start_address>0x2000795c</start_address>
               <size>0x6a4</size>
            </available_space>
         </usage_details>
      </memory_area>
   </placement_map>
   <cptbl_list>
      <cptbl>
         <name>__TI_cinit_table</name>
         <cprec>
            <name>.data</name>
            <load_address>0x1fd8</load_address>
            <load_size>0x17</load_size>
            <run_address>0x20007908</run_address>
            <run_size>0x54</run_size>
            <compression>lzss</compression>
         </cprec>
         <cprec>
            <name>.bss</name>
            <load_address>0x2000</load_address>
            <load_size>0x8</load_size>
            <run_address>0x20000000</run_address>
            <run_size>0x7701</run_size>
            <compression>zero_init</compression>
         </cprec>
      </cptbl>
   </cptbl_list>
   <handler_table>
      <handler_table_name>__TI_handler_table</handler_table_name>
      <handler>
         <index>0x0</index>
         <name>__TI_decompress_lzss</name>
      </handler>
      <handler>
         <index>0x1</index>
         <name>__TI_decompress_none</name>
      </handler>
      <handler>
         <index>0x2</index>
         <name>__TI_zero_init</name>
      </handler>
   </handler_table>
   <symbol_table>
      <symbol id="sm-1">
         <name>__STACK_TOP</name>
         <value>0x20007908</value>
      </symbol>
      <symbol id="sm-2">
         <name>__start___llvm_prf_cnts</name>
         <value>0x20000000</value>
      </symbol>
      <symbol id="sm-3">
         <name>__stop___llvm_prf_cnts</name>
         <value>0x20000000</value>
      </symbol>
      <symbol id="sm-4">
         <name>__TI_CINIT_Base</name>
         <value>0x2008</value>
      </symbol>
      <symbol id="sm-5">
         <name>__TI_CINIT_Limit</name>
         <value>0x2018</value>
      </symbol>
      <symbol id="sm-6">
         <name>__TI_Handler_Table_Base</name>
         <value>0x1ff0</value>
      </symbol>
      <symbol id="sm-7">
         <name>__TI_Handler_Table_Limit</name>
         <value>0x1ffc</value>
      </symbol>
      <symbol id="sm-8">
         <name>binit</name>
         <value>0xffffffff</value>
      </symbol>
      <symbol id="sm-9">
         <name>__binit__</name>
         <value>0xffffffff</value>
      </symbol>
      <symbol id="sm-a">
         <name>__STACK_SIZE</name>
         <value>0x200</value>
      </symbol>
      <symbol id="sm-b">
         <name>__STACK_END</name>
         <value>0x20007908</value>
      </symbol>
      <symbol id="sm-c">
         <name>__c_args__</name>
         <value>0xffffffff</value>
      </symbol>
      <symbol id="sm-d">
         <name>__TI_pprof_out_hndl</name>
         <value>0xffffffff</value>
      </symbol>
      <symbol id="sm-e">
         <name>__TI_prof_data_start</name>
         <value>0xffffffff</value>
      </symbol>
      <symbol id="sm-f">
         <name>__TI_prof_data_size</name>
         <value>0xffffffff</value>
      </symbol>
      <symbol id="sm-8a">
         <name>g_pUARTSemaphore</name>
         <value>0x200076fc</value>
      </symbol>
      <symbol id="sm-8b">
         <name>vApplicationStackOverflowHook</name>
         <value>0x17f3</value>
         <object_component_ref idref="oc-ec"/>
      </symbol>
      <symbol id="sm-8c">
         <name>main</name>
         <value>0x1435</value>
         <object_component_ref idref="oc-cf"/>
      </symbol>
      <symbol id="sm-8d">
         <name>ConfigureUART</name>
         <value>0x16c9</value>
         <object_component_ref idref="oc-123"/>
      </symbol>
      <symbol id="sm-c7">
         <name>g_pLEDQueue</name>
         <value>0x200076f8</value>
      </symbol>
      <symbol id="sm-c8">
         <name>LEDTaskInit</name>
         <value>0xd35</value>
         <object_component_ref idref="oc-135"/>
      </symbol>
      <symbol id="sm-f9">
         <name>ResetISR</name>
         <value>0x1fa1</value>
         <object_component_ref idref="oc-27"/>
      </symbol>
      <symbol id="sm-fa">
         <name>g_pfnVectors</name>
         <value>0x0</value>
         <object_component_ref idref="oc-12"/>
      </symbol>
      <symbol id="sm-123">
         <name>SwitchTaskInit</name>
         <value>0x1ab5</value>
         <object_component_ref idref="oc-13b"/>
      </symbol>
      <symbol id="sm-151">
         <name>ButtonsInit</name>
         <value>0x1591</value>
         <object_component_ref idref="oc-21b"/>
      </symbol>
      <symbol id="sm-152">
         <name>ButtonsPoll</name>
         <value>0x11b1</value>
         <object_component_ref idref="oc-32b"/>
      </symbol>
      <symbol id="sm-1a8">
         <name>RGBDisable</name>
         <value>0x15f9</value>
         <object_component_ref idref="oc-31d"/>
      </symbol>
      <symbol id="sm-1a9">
         <name>RGBIntensitySet</name>
         <value>0x1f09</value>
         <object_component_ref idref="oc-1f3"/>
      </symbol>
      <symbol id="sm-1aa">
         <name>RGBEnable</name>
         <value>0xdfd</value>
         <object_component_ref idref="oc-2d5"/>
      </symbol>
      <symbol id="sm-1ab">
         <name>RGBInit</name>
         <value>0x691</value>
         <object_component_ref idref="oc-1ed"/>
      </symbol>
      <symbol id="sm-1ac">
         <name>RGBColorSet</name>
         <value>0x1005</value>
         <object_component_ref idref="oc-1f9"/>
      </symbol>
      <symbol id="sm-1e1">
         <name>uxListRemove</name>
         <value>0x1e03</value>
         <object_component_ref idref="oc-fc"/>
      </symbol>
      <symbol id="sm-1e2">
         <name>vListInsert</name>
         <value>0x1cc3</value>
         <object_component_ref idref="oc-39a"/>
      </symbol>
      <symbol id="sm-1e3">
         <name>vListInitialiseItem</name>
         <value>0x1fad</value>
         <object_component_ref idref="oc-3c1"/>
      </symbol>
      <symbol id="sm-1e4">
         <name>vListInsertEnd</name>
         <value>0x1ea9</value>
         <object_component_ref idref="oc-102"/>
      </symbol>
      <symbol id="sm-1e5">
         <name>vListInitialise</name>
         <value>0x1ef1</value>
         <object_component_ref idref="oc-1de"/>
      </symbol>
      <symbol id="sm-275">
         <name>xQueueGenericCreate</name>
         <value>0x1c4d</value>
         <object_component_ref idref="oc-1ff"/>
      </symbol>
      <symbol id="sm-276">
         <name>xQueueCreateMutex</name>
         <value>0x1a19</value>
         <object_component_ref idref="oc-12f"/>
      </symbol>
      <symbol id="sm-277">
         <name>xQueueGenericSend</name>
         <value>0xa95</value>
         <object_component_ref idref="oc-1e4"/>
      </symbol>
      <symbol id="sm-278">
         <name>xQueueGenericReset</name>
         <value>0x12bd</value>
         <object_component_ref idref="oc-2e5"/>
      </symbol>
      <symbol id="sm-279">
         <name>xQueueGenericReceive</name>
         <value>0x579</value>
         <object_component_ref idref="oc-311"/>
      </symbol>
      <symbol id="sm-43d">
         <name>vTaskSuspendAll</name>
         <value>0x1f55</value>
         <object_component_ref idref="oc-279"/>
      </symbol>
      <symbol id="sm-43e">
         <name>vTaskPriorityInherit</name>
         <value>0x1095</value>
         <object_component_ref idref="oc-3e0"/>
      </symbol>
      <symbol id="sm-43f">
         <name>vTaskPlaceOnEventList</name>
         <value>0x172d</value>
         <object_component_ref idref="oc-2bb"/>
      </symbol>
      <symbol id="sm-440">
         <name>xTaskCheckForTimeOut</name>
         <value>0x19c5</value>
         <object_component_ref idref="oc-2a9"/>
      </symbol>
      <symbol id="sm-441">
         <name>xTaskPriorityDisinherit</name>
         <value>0x13bd</value>
         <object_component_ref idref="oc-3aa"/>
      </symbol>
      <symbol id="sm-442">
         <name>vTaskStartScheduler</name>
         <value>0x18b5</value>
         <object_component_ref idref="oc-141"/>
      </symbol>
      <symbol id="sm-443">
         <name>pvTaskIncrementMutexHeldCount</name>
         <value>0x1e91</value>
         <object_component_ref idref="oc-3ec"/>
      </symbol>
      <symbol id="sm-444">
         <name>vTaskDelayUntil</name>
         <value>0x1239</value>
         <object_component_ref idref="oc-317"/>
      </symbol>
      <symbol id="sm-445">
         <name>vTaskMissedYield</name>
         <value>0x1f81</value>
         <object_component_ref idref="oc-392"/>
      </symbol>
      <symbol id="sm-446">
         <name>xTaskResumeAll</name>
         <value>0xb7d</value>
         <object_component_ref idref="oc-285"/>
      </symbol>
      <symbol id="sm-447">
         <name>xTaskGetTickCount</name>
         <value>0x1f8d</value>
         <object_component_ref idref="oc-30b"/>
      </symbol>
      <symbol id="sm-448">
         <name>xTaskGenericCreate</name>
         <value>0x899</value>
         <object_component_ref idref="oc-205"/>
      </symbol>
      <symbol id="sm-449">
         <name>pxCurrentTCB</name>
         <value>0x20007908</value>
         <object_component_ref idref="oc-8e"/>
      </symbol>
      <symbol id="sm-44a">
         <name>vTaskSetTimeOutState</name>
         <value>0x1ed9</value>
         <object_component_ref idref="oc-297"/>
      </symbol>
      <symbol id="sm-44b">
         <name>xTaskIncrementTick</name>
         <value>0x795</value>
         <object_component_ref idref="oc-9b"/>
      </symbol>
      <symbol id="sm-44c">
         <name>vTaskSwitchContext</name>
         <value>0x1125</value>
         <object_component_ref idref="oc-94"/>
      </symbol>
      <symbol id="sm-44d">
         <name>xTaskRemoveFromEventList</name>
         <value>0x14a9</value>
         <object_component_ref idref="oc-2c7"/>
      </symbol>
      <symbol id="sm-4a7">
         <name>ulMaxSyscallInterruptPriority</name>
         <value>0x1fd4</value>
         <object_component_ref idref="oc-91"/>
      </symbol>
      <symbol id="sm-4a8">
         <name>vPortSetupTimerInterrupt</name>
         <value>0x1f1d</value>
         <object_component_ref idref="oc-330"/>
      </symbol>
      <symbol id="sm-4a9">
         <name>xPortSysTickHandler</name>
         <value>0x1d61</value>
         <object_component_ref idref="oc-44"/>
      </symbol>
      <symbol id="sm-4aa">
         <name>pxPortInitialiseStack</name>
         <value>0x1db5</value>
         <object_component_ref idref="oc-2f8"/>
      </symbol>
      <symbol id="sm-4ab">
         <name>vPortExitCritical</name>
         <value>0x1ec1</value>
         <object_component_ref idref="oc-29d"/>
      </symbol>
      <symbol id="sm-4ac">
         <name>xPortStartScheduler</name>
         <value>0x1c0d</value>
         <object_component_ref idref="oc-228"/>
      </symbol>
      <symbol id="sm-4ad">
         <name>vPortEnterCritical</name>
         <value>0x1e41</value>
         <object_component_ref idref="oc-2a3"/>
      </symbol>
      <symbol id="sm-4bc">
         <name>vPortStartFirstTask</name>
         <value>0xd09</value>
         <object_component_ref idref="oc-3f"/>
      </symbol>
      <symbol id="sm-4bd">
         <name>ulPortGetIPSR</name>
         <value>0xc71</value>
         <object_component_ref idref="oc-3f"/>
      </symbol>
      <symbol id="sm-4be">
         <name>vPortEnableVFP</name>
         <value>0xd25</value>
         <object_component_ref idref="oc-3f"/>
      </symbol>
      <symbol id="sm-4bf">
         <name>xPortPendSVHandler</name>
         <value>0xc89</value>
         <object_component_ref idref="oc-3f"/>
      </symbol>
      <symbol id="sm-4c0">
         <name>vPortSVCHandler</name>
         <value>0xce9</value>
         <object_component_ref idref="oc-3f"/>
      </symbol>
      <symbol id="sm-515">
         <name>pvPortMalloc</name>
         <value>0xebd</value>
         <object_component_ref idref="oc-1d8"/>
      </symbol>
      <symbol id="sm-516">
         <name>vPortFree</name>
         <value>0x1b89</value>
         <object_component_ref idref="oc-3ba"/>
      </symbol>
      <symbol id="sm-584">
         <name>UARTStdioConfig</name>
         <value>0x17f5</value>
         <object_component_ref idref="oc-1c4"/>
      </symbol>
      <symbol id="sm-585">
         <name>UARTwrite</name>
         <value>0x1afd</value>
         <object_component_ref idref="oc-26b"/>
      </symbol>
      <symbol id="sm-586">
         <name>UARTprintf</name>
         <value>0x1e5d</value>
         <object_component_ref idref="oc-129"/>
      </symbol>
      <symbol id="sm-587">
         <name>UARTvprintf</name>
         <value>0x26d</value>
         <object_component_ref idref="oc-1cb"/>
      </symbol>
      <symbol id="sm-5a4">
         <name>memcpy</name>
         <value>0xf69</value>
         <object_component_ref idref="oc-58"/>
      </symbol>
      <symbol id="sm-5a5">
         <name>__aeabi_memcpy</name>
         <value>0xf69</value>
         <object_component_ref idref="oc-58"/>
      </symbol>
      <symbol id="sm-5a6">
         <name>__aeabi_memcpy8</name>
         <value>0xf69</value>
         <object_component_ref idref="oc-58"/>
      </symbol>
      <symbol id="sm-5a7">
         <name>__aeabi_memcpy4</name>
         <value>0xf69</value>
         <object_component_ref idref="oc-58"/>
      </symbol>
      <symbol id="sm-5b6">
         <name>__aeabi_memset</name>
         <value>0x1343</value>
         <object_component_ref idref="oc-c3"/>
      </symbol>
      <symbol id="sm-5b7">
         <name>memset</name>
         <value>0x1349</value>
         <object_component_ref idref="oc-c3"/>
      </symbol>
      <symbol id="sm-5b8">
         <name>__aeabi_memset8</name>
         <value>0x1343</value>
         <object_component_ref idref="oc-c3"/>
      </symbol>
      <symbol id="sm-5b9">
         <name>__aeabi_memset4</name>
         <value>0x1343</value>
         <object_component_ref idref="oc-c3"/>
      </symbol>
      <symbol id="sm-5ba">
         <name>__aeabi_memclr8</name>
         <value>0x1341</value>
         <object_component_ref idref="oc-c3"/>
      </symbol>
      <symbol id="sm-5bb">
         <name>__aeabi_memclr4</name>
         <value>0x1341</value>
         <object_component_ref idref="oc-c3"/>
      </symbol>
      <symbol id="sm-5bc">
         <name>__aeabi_memclr</name>
         <value>0x1341</value>
         <object_component_ref idref="oc-c3"/>
      </symbol>
      <symbol id="sm-5cb">
         <name>__aeabi_uidivmod</name>
         <value>0x1bcd</value>
         <object_component_ref idref="oc-271"/>
      </symbol>
      <symbol id="sm-5cc">
         <name>__aeabi_uidiv</name>
         <value>0x1bcd</value>
         <object_component_ref idref="oc-271"/>
      </symbol>
      <symbol id="sm-5e3">
         <name>__TI_zero_init</name>
         <value>0x1f73</value>
         <object_component_ref idref="oc-6a"/>
      </symbol>
      <symbol id="sm-5fa">
         <name>__TI_decompress_none</name>
         <value>0x1f65</value>
         <object_component_ref idref="oc-1b"/>
      </symbol>
      <symbol id="sm-61d">
         <name>__TI_decompress_lzss</name>
         <value>0x1661</value>
         <object_component_ref idref="oc-15"/>
      </symbol>
      <symbol id="sm-630">
         <name>__stack</name>
         <value>0x20007708</value>
         <object_component_ref idref="oc-24"/>
      </symbol>
      <symbol id="sm-631">
         <name>_c_int00_noargs</name>
         <value>0x1cfd</value>
         <object_component_ref idref="oc-76"/>
      </symbol>
      <symbol id="sm-63b">
         <name>__aeabi_idiv0</name>
         <value>0x158f</value>
         <object_component_ref idref="oc-372"/>
      </symbol>
      <symbol id="sm-63c">
         <name>__aeabi_ldiv0</name>
         <value>0x158f</value>
         <object_component_ref idref="oc-372"/>
      </symbol>
      <symbol id="sm-664">
         <name>__TI_auto_init_nobinit_nopinit</name>
         <value>0x1b45</value>
         <object_component_ref idref="oc-155"/>
      </symbol>
      <symbol id="sm-66e">
         <name>_system_pre_init</name>
         <value>0x1fb3</value>
         <object_component_ref idref="oc-c9"/>
      </symbol>
      <symbol id="sm-67a">
         <name>C$$EXIT</name>
         <value>0x1fb7</value>
         <object_component_ref idref="oc-149"/>
      </symbol>
      <symbol id="sm-67b">
         <name>abort</name>
         <value>0x1fb7</value>
         <object_component_ref idref="oc-149"/>
      </symbol>
      <symbol id="sm-695">
         <name>UARTClockSourceSet</name>
         <value>0x1fa7</value>
         <object_component_ref idref="oc-1be"/>
      </symbol>
      <symbol id="sm-698">
         <name>__TI_static_base__</name>
         <value>0x0</value>
      </symbol>
      <symbol id="sm-69b">
         <name>__mpu_init</name>
         <value>0x0</value>
      </symbol>
      <symbol id="sm-69c">
         <name>_system_post_cinit</name>
         <value>0x0</value>
      </symbol>
   </symbol_table>
   <title>Link successful</title>
</link_info>
