<?xml version="1.0" encoding="ISO-8859-1" ?>
<link_info>
   <banner>TI ARM Linker Unix v20.2.2.LTS</banner>
   <copyright>Copyright (c) 1996-2018 Texas Instruments Incorporated</copyright>
   <link_time>0x628ece59</link_time>
   <link_errors>0x0</link_errors>
   <output_file>lab1.out</output_file>
   <entry_point>
      <name>_c_int00_noargs</name>
      <address>0x35dd</address>
   </entry_point>
   <input_file_list>
      <input_file id="fl-2">
         <path>./</path>
         <kind>object</kind>
         <file>Images.obj</file>
         <name>Images.obj</name>
      </input_file>
      <input_file id="fl-3">
         <path>./</path>
         <kind>object</kind>
         <file>Task1.obj</file>
         <name>Task1.obj</name>
      </input_file>
      <input_file id="fl-4">
         <path>./</path>
         <kind>object</kind>
         <file>Task2.obj</file>
         <name>Task2.obj</name>
      </input_file>
      <input_file id="fl-5">
         <path>./</path>
         <kind>object</kind>
         <file>Task3.obj</file>
         <name>Task3.obj</name>
      </input_file>
      <input_file id="fl-6">
         <path>./</path>
         <kind>object</kind>
         <file>Task4.obj</file>
         <name>Task4.obj</name>
      </input_file>
      <input_file id="fl-7">
         <path>./</path>
         <kind>object</kind>
         <file>Task5.obj</file>
         <name>Task5.obj</name>
      </input_file>
      <input_file id="fl-8">
         <path>./</path>
         <kind>object</kind>
         <file>Task6.obj</file>
         <name>Task6.obj</name>
      </input_file>
      <input_file id="fl-9">
         <path>./</path>
         <kind>object</kind>
         <file>TaskTimer.obj</file>
         <name>TaskTimer.obj</name>
      </input_file>
      <input_file id="fl-a">
         <path>./</path>
         <kind>object</kind>
         <file>freertos_demo.obj</file>
         <name>freertos_demo.obj</name>
      </input_file>
      <input_file id="fl-b">
         <path>./</path>
         <kind>object</kind>
         <file>sprite.obj</file>
         <name>sprite.obj</name>
      </input_file>
      <input_file id="fl-c">
         <path>./</path>
         <kind>object</kind>
         <file>startup_ccs.obj</file>
         <name>startup_ccs.obj</name>
      </input_file>
      <input_file id="fl-d">
         <path>./Config_Register/</path>
         <kind>object</kind>
         <file>Config_Register.obj</file>
         <name>Config_Register.obj</name>
      </input_file>
      <input_file id="fl-e">
         <path>./FSM/</path>
         <kind>object</kind>
         <file>FSM.obj</file>
         <name>FSM.obj</name>
      </input_file>
      <input_file id="fl-f">
         <path>./LAB/1_TASK/</path>
         <kind>object</kind>
         <file>lab1.obj</file>
         <name>lab1.obj</name>
      </input_file>
      <input_file id="fl-10">
         <path>./LAB/1_TASK/</path>
         <kind>object</kind>
         <file>lab2.obj</file>
         <name>lab2.obj</name>
      </input_file>
      <input_file id="fl-11">
         <path>./LAB/1_TASK/</path>
         <kind>object</kind>
         <file>lab3.obj</file>
         <name>lab3.obj</name>
      </input_file>
      <input_file id="fl-12">
         <path>./LAB/2_QUEUE/</path>
         <kind>object</kind>
         <file>lab1.obj</file>
         <name>lab1.obj</name>
      </input_file>
      <input_file id="fl-13">
         <path>./LAB/2_QUEUE/</path>
         <kind>object</kind>
         <file>lab2.obj</file>
         <name>lab2.obj</name>
      </input_file>
      <input_file id="fl-14">
         <path>./LAB/2_QUEUE/</path>
         <kind>object</kind>
         <file>lab3.obj</file>
         <name>lab3.obj</name>
      </input_file>
      <input_file id="fl-15">
         <path>./LAB/3_Interrupt/</path>
         <kind>object</kind>
         <file>lab1.obj</file>
         <name>lab1.obj</name>
      </input_file>
      <input_file id="fl-16">
         <path>./LAB/3_Interrupt/</path>
         <kind>object</kind>
         <file>lab2.obj</file>
         <name>lab2.obj</name>
      </input_file>
      <input_file id="fl-17">
         <path>./LAB/3_Interrupt/</path>
         <kind>object</kind>
         <file>lab3.obj</file>
         <name>lab3.obj</name>
      </input_file>
      <input_file id="fl-18">
         <path>./Nokia5110/</path>
         <kind>object</kind>
         <file>SPI.obj</file>
         <name>SPI.obj</name>
      </input_file>
      <input_file id="fl-19">
         <path>./third_party/FreeRTOS/Source/</path>
         <kind>object</kind>
         <file>list.obj</file>
         <name>list.obj</name>
      </input_file>
      <input_file id="fl-1a">
         <path>./third_party/FreeRTOS/Source/</path>
         <kind>object</kind>
         <file>queue.obj</file>
         <name>queue.obj</name>
      </input_file>
      <input_file id="fl-1b">
         <path>./third_party/FreeRTOS/Source/</path>
         <kind>object</kind>
         <file>tasks.obj</file>
         <name>tasks.obj</name>
      </input_file>
      <input_file id="fl-1c">
         <path>./third_party/FreeRTOS/Source/</path>
         <kind>object</kind>
         <file>timers.obj</file>
         <name>timers.obj</name>
      </input_file>
      <input_file id="fl-1d">
         <path>./third_party/FreeRTOS/Source/portable/CCS/ARM_CM4F/</path>
         <kind>object</kind>
         <file>port.obj</file>
         <name>port.obj</name>
      </input_file>
      <input_file id="fl-1e">
         <path>./third_party/FreeRTOS/Source/portable/CCS/ARM_CM4F/</path>
         <kind>object</kind>
         <file>portasm.obj</file>
         <name>portasm.obj</name>
      </input_file>
      <input_file id="fl-1f">
         <path>./third_party/FreeRTOS/Source/portable/MemMang/</path>
         <kind>object</kind>
         <file>heap_2.obj</file>
         <name>heap_2.obj</name>
      </input_file>
      <input_file id="fl-20">
         <path>./utils/</path>
         <kind>object</kind>
         <file>uartstdio.obj</file>
         <name>uartstdio.obj</name>
      </input_file>
      <input_file id="fl-21">
         <path>./utils/</path>
         <kind>object</kind>
         <file>ustdlib.obj</file>
         <name>ustdlib.obj</name>
      </input_file>
      <input_file id="fl-26">
         <kind>object</kind>
         <file>&lt;internal&gt;</file>
         <name>&lt;internal&gt;</name>
      </input_file>
      <input_file id="fl-dc">
         <path>/home/nghia/ti/ccs1020/ccs/tools/compiler/ti-cgt-arm_20.2.2.LTS/lib/</path>
         <kind>archive</kind>
         <file>rtsv7M4_T_le_v4SPD16_eabi.lib</file>
         <name>memcpy_t2.asm.obj</name>
      </input_file>
      <input_file id="fl-dd">
         <path>/home/nghia/ti/ccs1020/ccs/tools/compiler/ti-cgt-arm_20.2.2.LTS/lib/</path>
         <kind>archive</kind>
         <file>rtsv7M4_T_le_v4SPD16_eabi.lib</file>
         <name>memset_t2.asm.obj</name>
      </input_file>
      <input_file id="fl-de">
         <path>/home/nghia/ti/ccs1020/ccs/tools/compiler/ti-cgt-arm_20.2.2.LTS/lib/</path>
         <kind>archive</kind>
         <file>rtsv7M4_T_le_v4SPD16_eabi.lib</file>
         <name>i_divt2.asm.obj</name>
      </input_file>
      <input_file id="fl-df">
         <path>/home/nghia/ti/ccs1020/ccs/tools/compiler/ti-cgt-arm_20.2.2.LTS/lib/</path>
         <kind>archive</kind>
         <file>rtsv7M4_T_le_v4SPD16_eabi.lib</file>
         <name>u_divt2.asm.obj</name>
      </input_file>
      <input_file id="fl-e0">
         <path>/home/nghia/ti/ccs1020/ccs/tools/compiler/ti-cgt-arm_20.2.2.LTS/lib/</path>
         <kind>archive</kind>
         <file>rtsv7M4_T_le_v4SPD16_eabi.lib</file>
         <name>copy_zero_init.c.obj</name>
      </input_file>
      <input_file id="fl-e1">
         <path>/home/nghia/ti/ccs1020/ccs/tools/compiler/ti-cgt-arm_20.2.2.LTS/lib/</path>
         <kind>archive</kind>
         <file>rtsv7M4_T_le_v4SPD16_eabi.lib</file>
         <name>copy_decompress_none.c.obj</name>
      </input_file>
      <input_file id="fl-e2">
         <path>/home/nghia/ti/ccs1020/ccs/tools/compiler/ti-cgt-arm_20.2.2.LTS/lib/</path>
         <kind>archive</kind>
         <file>rtsv7M4_T_le_v4SPD16_eabi.lib</file>
         <name>copy_decompress_lzss.c.obj</name>
      </input_file>
      <input_file id="fl-e3">
         <path>/home/nghia/ti/ccs1020/ccs/tools/compiler/ti-cgt-arm_20.2.2.LTS/lib/</path>
         <kind>archive</kind>
         <file>rtsv7M4_T_le_v4SPD16_eabi.lib</file>
         <name>rand.c.obj</name>
      </input_file>
      <input_file id="fl-e4">
         <path>/home/nghia/ti/ccs1020/ccs/tools/compiler/ti-cgt-arm_20.2.2.LTS/lib/</path>
         <kind>archive</kind>
         <file>rtsv7M4_T_le_v4SPD16_eabi.lib</file>
         <name>boot_cortex_m.c.obj</name>
      </input_file>
      <input_file id="fl-e5">
         <path>/home/nghia/ti/ccs1020/ccs/tools/compiler/ti-cgt-arm_20.2.2.LTS/lib/</path>
         <kind>archive</kind>
         <file>rtsv7M4_T_le_v4SPD16_eabi.lib</file>
         <name>div0.asm.obj</name>
      </input_file>
      <input_file id="fl-e6">
         <path>/home/nghia/ti/ccs1020/ccs/tools/compiler/ti-cgt-arm_20.2.2.LTS/lib/</path>
         <kind>archive</kind>
         <file>rtsv7M4_T_le_v4SPD16_eabi.lib</file>
         <name>autoinit.c.obj</name>
      </input_file>
      <input_file id="fl-e7">
         <path>/home/nghia/ti/ccs1020/ccs/tools/compiler/ti-cgt-arm_20.2.2.LTS/lib/</path>
         <kind>archive</kind>
         <file>rtsv7M4_T_le_v4SPD16_eabi.lib</file>
         <name>pre_init.c.obj</name>
      </input_file>
      <input_file id="fl-e8">
         <path>/home/nghia/ti/ccs1020/ccs/tools/compiler/ti-cgt-arm_20.2.2.LTS/lib/</path>
         <kind>archive</kind>
         <file>rtsv7M4_T_le_v4SPD16_eabi.lib</file>
         <name>cpy_tbl.c.obj</name>
      </input_file>
      <input_file id="fl-e9">
         <path>/home/nghia/ti/ccs1020/ccs/tools/compiler/ti-cgt-arm_20.2.2.LTS/lib/</path>
         <kind>archive</kind>
         <file>rtsv7M4_T_le_v4SPD16_eabi.lib</file>
         <name>exit.c.obj</name>
      </input_file>
      <input_file id="fl-ea">
         <path>/home/nghia/ti/ccs1020/ccs/tools/compiler/ti-cgt-arm_20.2.2.LTS/lib/</path>
         <kind>archive</kind>
         <file>rtsv7M4_T_le_v4SPD16_eabi.lib</file>
         <name>_lock.c.obj</name>
      </input_file>
      <input_file id="fl-eb">
         <path>/home/nghia/ti/ccs1020/ccs/tools/compiler/ti-cgt-arm_20.2.2.LTS/lib/</path>
         <kind>archive</kind>
         <file>rtsv7M4_T_le_v4SPD16_eabi.lib</file>
         <name>args_main.c.obj</name>
      </input_file>
      <input_file id="fl-ec">
         <path>/home/nghia/ti/SW-TM4C-2.1.4.178/driverlib/ccs/Debug/</path>
         <kind>archive</kind>
         <file>driverlib.lib</file>
         <name>adc.obj</name>
      </input_file>
      <input_file id="fl-ed">
         <path>/home/nghia/ti/SW-TM4C-2.1.4.178/driverlib/ccs/Debug/</path>
         <kind>archive</kind>
         <file>driverlib.lib</file>
         <name>gpio.obj</name>
      </input_file>
      <input_file id="fl-ee">
         <path>/home/nghia/ti/SW-TM4C-2.1.4.178/driverlib/ccs/Debug/</path>
         <kind>archive</kind>
         <file>driverlib.lib</file>
         <name>interrupt.obj</name>
      </input_file>
      <input_file id="fl-ef">
         <path>/home/nghia/ti/SW-TM4C-2.1.4.178/driverlib/ccs/Debug/</path>
         <kind>archive</kind>
         <file>driverlib.lib</file>
         <name>ssi.obj</name>
      </input_file>
      <input_file id="fl-f0">
         <path>/home/nghia/ti/SW-TM4C-2.1.4.178/driverlib/ccs/Debug/</path>
         <kind>archive</kind>
         <file>driverlib.lib</file>
         <name>sysctl.obj</name>
      </input_file>
      <input_file id="fl-f1">
         <path>/home/nghia/ti/SW-TM4C-2.1.4.178/driverlib/ccs/Debug/</path>
         <kind>archive</kind>
         <file>driverlib.lib</file>
         <name>timer.obj</name>
      </input_file>
      <input_file id="fl-f2">
         <path>/home/nghia/ti/SW-TM4C-2.1.4.178/driverlib/ccs/Debug/</path>
         <kind>archive</kind>
         <file>driverlib.lib</file>
         <name>uart.obj</name>
      </input_file>
      <input_file id="fl-f3">
         <path>/home/nghia/ti/SW-TM4C-2.1.4.178/driverlib/ccs/Debug/</path>
         <kind>archive</kind>
         <file>driverlib.lib</file>
         <name>cpu.obj</name>
      </input_file>
   </input_file_list>
   <object_component_list>
      <object_component id="oc-12">
         <name>.intvecs</name>
         <load_address>0x0</load_address>
         <run_address>0x0</run_address>
         <size>0x26c</size>
         <input_file_ref idref="fl-c"/>
      </object_component>
      <object_component id="oc-cf">
         <name>.text:main</name>
         <load_address>0x26c</load_address>
         <run_address>0x26c</run_address>
         <size>0x254</size>
         <input_file_ref idref="fl-a"/>
      </object_component>
      <object_component id="oc-3d6">
         <name>.text:UARTvprintf</name>
         <load_address>0x4c0</load_address>
         <run_address>0x4c0</run_address>
         <size>0x22e</size>
         <input_file_ref idref="fl-20"/>
      </object_component>
      <object_component id="oc-33">
         <name>.text:FaultISR</name>
         <load_address>0x6ee</load_address>
         <run_address>0x6ee</run_address>
         <size>0x2</size>
         <input_file_ref idref="fl-c"/>
      </object_component>
      <object_component id="oc-655">
         <name>.text:RoadMove</name>
         <load_address>0x6f0</load_address>
         <run_address>0x6f0</run_address>
         <size>0x204</size>
         <input_file_ref idref="fl-b"/>
      </object_component>
      <object_component id="oc-44b">
         <name>.text:StateMachineUpdate</name>
         <load_address>0x8f4</load_address>
         <run_address>0x8f4</run_address>
         <size>0x19c</size>
         <input_file_ref idref="fl-e"/>
      </object_component>
      <object_component id="oc-468">
         <name>.text:GameOver</name>
         <load_address>0xa90</load_address>
         <run_address>0xa90</run_address>
         <size>0x18c</size>
         <input_file_ref idref="fl-b"/>
      </object_component>
      <object_component id="oc-474">
         <name>.text:Player_Point</name>
         <load_address>0xc1c</load_address>
         <run_address>0xc1c</run_address>
         <size>0x148</size>
         <input_file_ref idref="fl-b"/>
      </object_component>
      <object_component id="oc-28a">
         <name>.text:GPIOPadConfigSet</name>
         <load_address>0xd64</load_address>
         <run_address>0xd64</run_address>
         <size>0x132</size>
         <input_file_ref idref="fl-ed"/>
      </object_component>
      <object_component id="oc-39">
         <name>.text:IntDefaultHandler</name>
         <load_address>0xe96</load_address>
         <run_address>0xe96</run_address>
         <size>0x2</size>
         <input_file_ref idref="fl-c"/>
      </object_component>
      <object_component id="oc-410">
         <name>.text:xQueueGenericReceive</name>
         <load_address>0xe98</load_address>
         <run_address>0xe98</run_address>
         <size>0x118</size>
         <input_file_ref idref="fl-1a"/>
      </object_component>
      <object_component id="oc-314">
         <name>.text:SysCtlClockGet</name>
         <load_address>0xfb0</load_address>
         <run_address>0xfb0</run_address>
         <size>0x110</size>
         <input_file_ref idref="fl-f0"/>
      </object_component>
      <object_component id="oc-9b">
         <name>.text:xTaskIncrementTick</name>
         <load_address>0x10c0</load_address>
         <run_address>0x10c0</run_address>
         <size>0x10c</size>
         <input_file_ref idref="fl-1b"/>
      </object_component>
      <object_component id="oc-158">
         <name>.text:Nokia5110_Init</name>
         <load_address>0x11cc</load_address>
         <run_address>0x11cc</run_address>
         <size>0x100</size>
         <input_file_ref idref="fl-18"/>
      </object_component>
      <object_component id="oc-170">
         <name>.text:xTaskGenericCreate</name>
         <load_address>0x12cc</load_address>
         <run_address>0x12cc</run_address>
         <size>0x100</size>
         <input_file_ref idref="fl-1b"/>
      </object_component>
      <object_component id="oc-12e">
         <name>.text:SysCtlClockSet</name>
         <load_address>0x13cc</load_address>
         <run_address>0x13cc</run_address>
         <size>0xf4</size>
         <input_file_ref idref="fl-f0"/>
      </object_component>
      <object_component id="oc-73f">
         <name>.text:Nokia5110_PrintBMP</name>
         <load_address>0x14c0</load_address>
         <run_address>0x14c0</run_address>
         <size>0xf0</size>
         <input_file_ref idref="fl-18"/>
      </object_component>
      <object_component id="oc-17c">
         <name>.text:xQueueGenericSend</name>
         <load_address>0x15b0</load_address>
         <run_address>0x15b0</run_address>
         <size>0xe8</size>
         <input_file_ref idref="fl-1a"/>
      </object_component>
      <object_component id="oc-397">
         <name>.text:xTaskResumeAll</name>
         <load_address>0x1698</load_address>
         <run_address>0x1698</run_address>
         <size>0xe4</size>
         <input_file_ref idref="fl-1b"/>
      </object_component>
      <object_component id="oc-493">
         <name>.text:GameOver1</name>
         <load_address>0x177c</load_address>
         <run_address>0x177c</run_address>
         <size>0xd4</size>
         <input_file_ref idref="fl-b"/>
      </object_component>
      <object_component id="oc-3f">
         <name>.text</name>
         <load_address>0x1850</load_address>
         <run_address>0x1850</run_address>
         <size>0xd2</size>
         <input_file_ref idref="fl-1e"/>
      </object_component>
      <object_component id="oc-2d">
         <name>.text:NmiSR</name>
         <load_address>0x1922</load_address>
         <run_address>0x1922</run_address>
         <size>0x2</size>
         <input_file_ref idref="fl-c"/>
      </object_component>
      <object_component id="oc-1d0">
         <name>.text:vTask4</name>
         <load_address>0x1924</load_address>
         <run_address>0x1924</run_address>
         <size>0xc0</size>
         <input_file_ref idref="fl-6"/>
      </object_component>
      <object_component id="oc-2ca">
         <name>.text:UARTStdioConfig</name>
         <load_address>0x19e4</load_address>
         <run_address>0x19e4</run_address>
         <size>0xac</size>
         <input_file_ref idref="fl-20"/>
      </object_component>
      <object_component id="oc-370">
         <name>.text:pvPortMalloc</name>
         <load_address>0x1a90</load_address>
         <run_address>0x1a90</run_address>
         <size>0xac</size>
         <input_file_ref idref="fl-1f"/>
      </object_component>
      <object_component id="oc-1bb">
         <name>.text:vTask1</name>
         <load_address>0x1b3c</load_address>
         <run_address>0x1b3c</run_address>
         <size>0xac</size>
         <input_file_ref idref="fl-3"/>
      </object_component>
      <object_component id="oc-71c">
         <name>.text:prvProcessReceivedCommands</name>
         <load_address>0x1be8</load_address>
         <run_address>0x1be8</run_address>
         <size>0xa4</size>
         <input_file_ref idref="fl-1c"/>
      </object_component>
      <object_component id="oc-2a9">
         <name>.text:PortFIntHandler</name>
         <load_address>0x1c8c</load_address>
         <run_address>0x1c8c</run_address>
         <size>0xa0</size>
         <input_file_ref idref="fl-3"/>
      </object_component>
      <object_component id="oc-5c6">
         <name>.text:UARTwrite</name>
         <load_address>0x1d2c</load_address>
         <run_address>0x1d2c</run_address>
         <size>0x9c</size>
         <input_file_ref idref="fl-20"/>
      </object_component>
      <object_component id="oc-58">
         <name>.text</name>
         <load_address>0x1dc8</load_address>
         <run_address>0x1dc8</run_address>
         <size>0x9c</size>
         <input_file_ref idref="fl-dc"/>
      </object_component>
      <object_component id="oc-2b1">
         <name>.text:PortAIntHandler</name>
         <load_address>0x1e64</load_address>
         <run_address>0x1e64</run_address>
         <size>0x94</size>
         <input_file_ref idref="fl-6"/>
      </object_component>
      <object_component id="oc-344">
         <name>.text:Nokia5110_OutChar</name>
         <load_address>0x1ef8</load_address>
         <run_address>0x1ef8</run_address>
         <size>0x90</size>
         <input_file_ref idref="fl-18"/>
      </object_component>
      <object_component id="oc-5f6">
         <name>.text:vTaskPriorityInherit</name>
         <load_address>0x1f88</load_address>
         <run_address>0x1f88</run_address>
         <size>0x90</size>
         <input_file_ref idref="fl-1b"/>
      </object_component>
      <object_component id="oc-94">
         <name>.text:vTaskSwitchContext</name>
         <load_address>0x2018</load_address>
         <run_address>0x2018</run_address>
         <size>0x8c</size>
         <input_file_ref idref="fl-1b"/>
      </object_component>
      <object_component id="oc-444">
         <name>.text:vTaskDelayUntil</name>
         <load_address>0x20a4</load_address>
         <run_address>0x20a4</run_address>
         <size>0x84</size>
         <input_file_ref idref="fl-1b"/>
      </object_component>
      <object_component id="oc-376">
         <name>.text:xQueueGenericReset</name>
         <load_address>0x2128</load_address>
         <run_address>0x2128</run_address>
         <size>0x84</size>
         <input_file_ref idref="fl-1a"/>
      </object_component>
      <object_component id="oc-1c9">
         <name>.text:vTask3</name>
         <load_address>0x21ac</load_address>
         <run_address>0x21ac</run_address>
         <size>0x7c</size>
         <input_file_ref idref="fl-5"/>
      </object_component>
      <object_component id="oc-2f5">
         <name>.text:ADCSequenceStepConfigure</name>
         <load_address>0x2228</load_address>
         <run_address>0x2228</run_address>
         <size>0x7a</size>
         <input_file_ref idref="fl-ec"/>
      </object_component>
      <object_component id="oc-c3">
         <name>.text</name>
         <load_address>0x22a2</load_address>
         <run_address>0x22a2</run_address>
         <size>0x7a</size>
         <input_file_ref idref="fl-dd"/>
      </object_component>
      <object_component id="oc-628">
         <name>.text:Enemy_Draw</name>
         <load_address>0x231c</load_address>
         <run_address>0x231c</run_address>
         <size>0x78</size>
         <input_file_ref idref="fl-b"/>
      </object_component>
      <object_component id="oc-14c">
         <name>.text:Uart_Init</name>
         <load_address>0x2394</load_address>
         <run_address>0x2394</run_address>
         <size>0x78</size>
         <input_file_ref idref="fl-d"/>
      </object_component>
      <object_component id="oc-59c">
         <name>.text:xTaskPriorityDisinherit</name>
         <load_address>0x240c</load_address>
         <run_address>0x240c</run_address>
         <size>0x78</size>
         <input_file_ref idref="fl-1b"/>
      </object_component>
      <object_component id="oc-152">
         <name>.text:ADC_Init</name>
         <load_address>0x2484</load_address>
         <run_address>0x2484</run_address>
         <size>0x74</size>
         <input_file_ref idref="fl-d"/>
      </object_component>
      <object_component id="oc-3af">
         <name>.text:xTaskRemoveFromEventList</name>
         <load_address>0x24f8</load_address>
         <run_address>0x24f8</run_address>
         <size>0x74</size>
         <input_file_ref idref="fl-1b"/>
      </object_component>
      <object_component id="oc-3a9">
         <name>.text:prvCopyDataToQueue</name>
         <load_address>0x256c</load_address>
         <run_address>0x256c</run_address>
         <size>0x72</size>
         <input_file_ref idref="fl-1a"/>
      </object_component>
      <object_component id="oc-504">
         <name>.text:__error__</name>
         <load_address>0x25de</load_address>
         <run_address>0x25de</run_address>
         <size>0x2</size>
         <input_file_ref idref="fl-a"/>
      </object_component>
      <object_component id="oc-716">
         <name>.text:prvProcessTimerOrBlockTask</name>
         <load_address>0x25e0</load_address>
         <run_address>0x25e0</run_address>
         <size>0x70</size>
         <input_file_ref idref="fl-1c"/>
      </object_component>
      <object_component id="oc-47a">
         <name>.text:Car_Create</name>
         <load_address>0x2650</load_address>
         <run_address>0x2650</run_address>
         <size>0x68</size>
         <input_file_ref idref="fl-b"/>
      </object_component>
      <object_component id="oc-2a3">
         <name>.text:IntEnable</name>
         <load_address>0x26b8</load_address>
         <run_address>0x26b8</run_address>
         <size>0x68</size>
         <input_file_ref idref="fl-ee"/>
      </object_component>
      <object_component id="oc-15">
         <name>.text:decompress:lzss:__TI_decompress_lzss</name>
         <load_address>0x2720</load_address>
         <run_address>0x2720</run_address>
         <size>0x68</size>
         <input_file_ref idref="fl-e2"/>
      </object_component>
      <object_component id="oc-800">
         <name>.text:vTaskPlaceOnEventListRestricted</name>
         <load_address>0x2788</load_address>
         <run_address>0x2788</run_address>
         <size>0x68</size>
         <input_file_ref idref="fl-1b"/>
      </object_component>
      <object_component id="oc-1a0">
         <name>.text:vTaskStartScheduler</name>
         <load_address>0x27f0</load_address>
         <run_address>0x27f0</run_address>
         <size>0x68</size>
         <input_file_ref idref="fl-1b"/>
      </object_component>
      <object_component id="oc-3a3">
         <name>.text:vTaskPlaceOnEventList</name>
         <load_address>0x2858</load_address>
         <run_address>0x2858</run_address>
         <size>0x64</size>
         <input_file_ref idref="fl-1b"/>
      </object_component>
      <object_component id="oc-391">
         <name>.text:prvUnlockQueue</name>
         <load_address>0x28bc</load_address>
         <run_address>0x28bc</run_address>
         <size>0x62</size>
         <input_file_ref idref="fl-1a"/>
      </object_component>
      <object_component id="oc-68e">
         <name>.text:_nop</name>
         <load_address>0x291e</load_address>
         <run_address>0x291e</run_address>
         <size>0x2</size>
         <input_file_ref idref="fl-ea"/>
      </object_component>
      <object_component id="oc-363">
         <name>.text:prvInitialiseTaskLists</name>
         <load_address>0x2920</load_address>
         <run_address>0x2920</run_address>
         <size>0x60</size>
         <input_file_ref idref="fl-1b"/>
      </object_component>
      <object_component id="oc-7f9">
         <name>.text:prvSwitchTimerLists</name>
         <load_address>0x2980</load_address>
         <run_address>0x2980</run_address>
         <size>0x60</size>
         <input_file_ref idref="fl-1c"/>
      </object_component>
      <object_component id="oc-681">
         <name>.text</name>
         <load_address>0x29e0</load_address>
         <run_address>0x29e0</run_address>
         <size>0x5e</size>
         <input_file_ref idref="fl-de"/>
      </object_component>
      <object_component id="oc-70a">
         <name>.text</name>
         <load_address>0x2a3e</load_address>
         <run_address>0x2a3e</run_address>
         <size>0x2</size>
         <input_file_ref idref="fl-e5"/>
      </object_component>
      <object_component id="oc-3b6">
         <name>.text:prvCheckForValidListAndQueue</name>
         <load_address>0x2a40</load_address>
         <run_address>0x2a40</run_address>
         <size>0x5c</size>
         <input_file_ref idref="fl-1c"/>
      </object_component>
      <object_component id="oc-60f">
         <name>.text:xQueueGenericSendFromISR</name>
         <load_address>0x2a9c</load_address>
         <run_address>0x2a9c</run_address>
         <size>0x5c</size>
         <input_file_ref idref="fl-1a"/>
      </object_component>
      <object_component id="oc-46e">
         <name>.text:AutoFire</name>
         <load_address>0x2af8</load_address>
         <run_address>0x2af8</run_address>
         <size>0x58</size>
         <input_file_ref idref="fl-b"/>
      </object_component>
      <object_component id="oc-487">
         <name>.text:Enemy_Move</name>
         <load_address>0x2b50</load_address>
         <run_address>0x2b50</run_address>
         <size>0x58</size>
         <input_file_ref idref="fl-b"/>
      </object_component>
      <object_component id="oc-332">
         <name>.text:lcdwrite</name>
         <load_address>0x2ba8</load_address>
         <run_address>0x2ba8</run_address>
         <size>0x58</size>
         <input_file_ref idref="fl-18"/>
      </object_component>
      <object_component id="oc-5e2">
         <name>.text:prvCheckTasksWaitingTermination</name>
         <load_address>0x2c00</load_address>
         <run_address>0x2c00</run_address>
         <size>0x58</size>
         <input_file_ref idref="fl-1b"/>
      </object_component>
      <object_component id="oc-1c2">
         <name>.text:vTask2</name>
         <load_address>0x2c58</load_address>
         <run_address>0x2c58</run_address>
         <size>0x58</size>
         <input_file_ref idref="fl-4"/>
      </object_component>
      <object_component id="oc-291">
         <name>.text:GPIOIntTypeSet</name>
         <load_address>0x2cb0</load_address>
         <run_address>0x2cb0</run_address>
         <size>0x56</size>
         <input_file_ref idref="fl-ed"/>
      </object_component>
      <object_component id="oc-351">
         <name>.text:prvInitialiseTCBVariables</name>
         <load_address>0x2d06</load_address>
         <run_address>0x2d06</run_address>
         <size>0x56</size>
         <input_file_ref idref="fl-1b"/>
      </object_component>
      <object_component id="oc-4f5">
         <name>.text:xQueueGiveFromISR</name>
         <load_address>0x2d5c</load_address>
         <run_address>0x2d5c</run_address>
         <size>0x56</size>
         <input_file_ref idref="fl-1a"/>
      </object_component>
      <object_component id="oc-ec">
         <name>.text:vApplicationStackOverflowHook</name>
         <load_address>0x2db2</load_address>
         <run_address>0x2db2</run_address>
         <size>0x2</size>
         <input_file_ref idref="fl-a"/>
      </object_component>
      <object_component id="oc-481">
         <name>.text:Missile_Move</name>
         <load_address>0x2db4</load_address>
         <run_address>0x2db4</run_address>
         <size>0x54</size>
         <input_file_ref idref="fl-b"/>
      </object_component>
      <object_component id="oc-616">
         <name>.text:Player_Init</name>
         <load_address>0x2e08</load_address>
         <run_address>0x2e08</run_address>
         <size>0x54</size>
         <input_file_ref idref="fl-b"/>
      </object_component>
      <object_component id="oc-38b">
         <name>.text:xTaskCheckForTimeOut</name>
         <load_address>0x2e5c</load_address>
         <run_address>0x2e5c</run_address>
         <size>0x54</size>
         <input_file_ref idref="fl-1b"/>
      </object_component>
      <object_component id="oc-2ef">
         <name>.text:ADCSequenceConfigure</name>
         <load_address>0x2eb0</load_address>
         <run_address>0x2eb0</run_address>
         <size>0x50</size>
         <input_file_ref idref="fl-ec"/>
      </object_component>
      <object_component id="oc-188">
         <name>.text:xQueueCreateMutex</name>
         <load_address>0x2f00</load_address>
         <run_address>0x2f00</run_address>
         <size>0x4e</size>
         <input_file_ref idref="fl-1a"/>
      </object_component>
      <object_component id="oc-108">
         <name>.text:vApplicationTickHook</name>
         <load_address>0x2f4e</load_address>
         <run_address>0x2f4e</run_address>
         <size>0x2</size>
         <input_file_ref idref="fl-a"/>
      </object_component>
      <object_component id="oc-134">
         <name>.text:PortF_Init</name>
         <load_address>0x2f50</load_address>
         <run_address>0x2f50</run_address>
         <size>0x4c</size>
         <input_file_ref idref="fl-d"/>
      </object_component>
      <object_component id="oc-595">
         <name>.text:prvAddCurrentTaskToDelayedList</name>
         <load_address>0x2f9c</load_address>
         <run_address>0x2f9c</run_address>
         <size>0x4c</size>
         <input_file_ref idref="fl-1b"/>
      </object_component>
      <object_component id="oc-622">
         <name>.text:Enemy_Init</name>
         <load_address>0x2fe8</load_address>
         <run_address>0x2fe8</run_address>
         <size>0x48</size>
         <input_file_ref idref="fl-b"/>
      </object_component>
      <object_component id="oc-2b8">
         <name>.text:GPIOPinConfigure</name>
         <load_address>0x3030</load_address>
         <run_address>0x3030</run_address>
         <size>0x48</size>
         <input_file_ref idref="fl-ed"/>
      </object_component>
      <object_component id="oc-7ba">
         <name>.text:prvProcessExpiredTimer</name>
         <load_address>0x3078</load_address>
         <run_address>0x3078</run_address>
         <size>0x48</size>
         <input_file_ref idref="fl-1c"/>
      </object_component>
      <object_component id="oc-634">
         <name>.text:Bunker_Draw</name>
         <load_address>0x30c0</load_address>
         <run_address>0x30c0</run_address>
         <size>0x44</size>
         <input_file_ref idref="fl-b"/>
      </object_component>
      <object_component id="oc-4d1">
         <name>.text:_GPIOIntNumberGet</name>
         <load_address>0x3104</load_address>
         <run_address>0x3104</run_address>
         <size>0x44</size>
         <input_file_ref idref="fl-ed"/>
      </object_component>
      <object_component id="oc-1fc">
         <name>.text:__TI_auto_init_nobinit_nopinit:__TI_auto_init_nobinit_nopinit</name>
         <load_address>0x3148</load_address>
         <run_address>0x3148</run_address>
         <size>0x44</size>
         <input_file_ref idref="fl-e6"/>
      </object_component>
      <object_component id="oc-7c7">
         <name>.text:prvInsertTimerInActiveList</name>
         <load_address>0x318c</load_address>
         <run_address>0x318c</run_address>
         <size>0x44</size>
         <input_file_ref idref="fl-1c"/>
      </object_component>
      <object_component id="oc-549">
         <name>.text:vPortFree</name>
         <load_address>0x31d0</load_address>
         <run_address>0x31d0</run_address>
         <size>0x44</size>
         <input_file_ref idref="fl-1f"/>
      </object_component>
      <object_component id="oc-1de">
         <name>.text:vTask6</name>
         <load_address>0x3214</load_address>
         <run_address>0x3214</run_address>
         <size>0x44</size>
         <input_file_ref idref="fl-8"/>
      </object_component>
      <object_component id="oc-416">
         <name>.text:xTimerGenericCommand</name>
         <load_address>0x3258</load_address>
         <run_address>0x3258</run_address>
         <size>0x44</size>
         <input_file_ref idref="fl-1c"/>
      </object_component>
      <object_component id="oc-5cc">
         <name>.text</name>
         <load_address>0x329c</load_address>
         <run_address>0x329c</run_address>
         <size>0x40</size>
         <input_file_ref idref="fl-df"/>
      </object_component>
      <object_component id="oc-7c0">
         <name>.text:vQueueWaitForMessageRestricted</name>
         <load_address>0x32dc</load_address>
         <run_address>0x32dc</run_address>
         <size>0x40</size>
         <input_file_ref idref="fl-1a"/>
      </object_component>
      <object_component id="oc-3e9">
         <name>.text:xPortStartScheduler</name>
         <load_address>0x331c</load_address>
         <run_address>0x331c</run_address>
         <size>0x40</size>
         <input_file_ref idref="fl-1d"/>
      </object_component>
      <object_component id="oc-3e3">
         <name>.text:xTimerCreateTimerTask</name>
         <load_address>0x335c</load_address>
         <run_address>0x335c</run_address>
         <size>0x40</size>
         <input_file_ref idref="fl-1c"/>
      </object_component>
      <object_component id="oc-457">
         <name>.text:Missile_Init</name>
         <load_address>0x339c</load_address>
         <run_address>0x339c</run_address>
         <size>0x3c</size>
         <input_file_ref idref="fl-b"/>
      </object_component>
      <object_component id="oc-339">
         <name>.text:Nokia5110_SetCursor</name>
         <load_address>0x33d8</load_address>
         <run_address>0x33d8</run_address>
         <size>0x3c</size>
         <input_file_ref idref="fl-18"/>
      </object_component>
      <object_component id="oc-31a">
         <name>.text:SSIConfigSetExpClk</name>
         <load_address>0x3414</load_address>
         <run_address>0x3414</run_address>
         <size>0x3c</size>
         <input_file_ref idref="fl-ef"/>
      </object_component>
      <object_component id="oc-1d7">
         <name>.text:vTask5</name>
         <load_address>0x3450</load_address>
         <run_address>0x3450</run_address>
         <size>0x3c</size>
         <input_file_ref idref="fl-7"/>
      </object_component>
      <object_component id="oc-176">
         <name>.text:xQueueGenericCreate</name>
         <load_address>0x348c</load_address>
         <run_address>0x348c</run_address>
         <size>0x3c</size>
         <input_file_ref idref="fl-1a"/>
      </object_component>
      <object_component id="oc-34b">
         <name>.text:prvAllocateTCBAndStack</name>
         <load_address>0x34c8</load_address>
         <run_address>0x34c8</run_address>
         <size>0x3a</size>
         <input_file_ref idref="fl-1b"/>
      </object_component>
      <object_component id="oc-182">
         <name>.text:xTimerCreate</name>
         <load_address>0x3502</load_address>
         <run_address>0x3502</run_address>
         <size>0x3a</size>
         <input_file_ref idref="fl-1c"/>
      </object_component>
      <object_component id="oc-58f">
         <name>.text:vListInsert</name>
         <load_address>0x353c</load_address>
         <run_address>0x353c</run_address>
         <size>0x38</size>
         <input_file_ref idref="fl-19"/>
      </object_component>
      <object_component id="oc-4d7">
         <name>.text:IntRegister</name>
         <load_address>0x3574</load_address>
         <run_address>0x3574</run_address>
         <size>0x34</size>
         <input_file_ref idref="fl-ee"/>
      </object_component>
      <object_component id="oc-278">
         <name>.text:SysCtlPeripheralEnable</name>
         <load_address>0x35a8</load_address>
         <run_address>0x35a8</run_address>
         <size>0x34</size>
         <input_file_ref idref="fl-f0"/>
      </object_component>
      <object_component id="oc-76">
         <name>.text:_c_int00_noargs:_c_int00_noargs</name>
         <load_address>0x35dc</load_address>
         <run_address>0x35dc</run_address>
         <size>0x34</size>
         <input_file_ref idref="fl-e4"/>
      </object_component>
      <object_component id="oc-676">
         <name>.text:rand</name>
         <load_address>0x3610</load_address>
         <run_address>0x3610</run_address>
         <size>0x34</size>
         <input_file_ref idref="fl-e3"/>
      </object_component>
      <object_component id="oc-146">
         <name>.text:Interrupt_GPIOA_Init</name>
         <load_address>0x3644</load_address>
         <run_address>0x3644</run_address>
         <size>0x30</size>
         <input_file_ref idref="fl-d"/>
      </object_component>
      <object_component id="oc-13a">
         <name>.text:Interrupt_GPIOF_Init</name>
         <load_address>0x3674</load_address>
         <run_address>0x3674</run_address>
         <size>0x30</size>
         <input_file_ref idref="fl-d"/>
      </object_component>
      <object_component id="oc-41c">
         <name>.text:Level1b</name>
         <load_address>0x36a4</load_address>
         <run_address>0x36a4</run_address>
         <size>0x30</size>
         <input_file_ref idref="fl-3"/>
      </object_component>
      <object_component id="oc-56d">
         <name>.text:prvHeapInit</name>
         <load_address>0x36d4</load_address>
         <run_address>0x36d4</run_address>
         <size>0x30</size>
         <input_file_ref idref="fl-1f"/>
      </object_component>
      <object_component id="oc-438">
         <name>.text:ADCIntStatus</name>
         <load_address>0x3704</load_address>
         <run_address>0x3704</run_address>
         <size>0x2e</size>
         <input_file_ref idref="fl-ec"/>
      </object_component>
      <object_component id="oc-422">
         <name>.text:Level1a</name>
         <load_address>0x3732</load_address>
         <run_address>0x3732</run_address>
         <size>0x2c</size>
         <input_file_ref idref="fl-3"/>
      </object_component>
      <object_component id="oc-48d">
         <name>.text:Player_Missile_Move</name>
         <load_address>0x3760</load_address>
         <run_address>0x3760</run_address>
         <size>0x2c</size>
         <input_file_ref idref="fl-b"/>
      </object_component>
      <object_component id="oc-44">
         <name>.text:xPortSysTickHandler</name>
         <load_address>0x378c</load_address>
         <run_address>0x378c</run_address>
         <size>0x2c</size>
         <input_file_ref idref="fl-1d"/>
      </object_component>
      <object_component id="oc-4c5">
         <name>.text:GPIODirModeSet</name>
         <load_address>0x37b8</load_address>
         <run_address>0x37b8</run_address>
         <size>0x2a</size>
         <input_file_ref idref="fl-ed"/>
      </object_component>
      <object_component id="oc-63a">
         <name>.text:Player_Missile_Init</name>
         <load_address>0x37e4</load_address>
         <run_address>0x37e4</run_address>
         <size>0x28</size>
         <input_file_ref idref="fl-b"/>
      </object_component>
      <object_component id="oc-140">
         <name>.text:PortA_Init</name>
         <load_address>0x380c</load_address>
         <run_address>0x380c</run_address>
         <size>0x28</size>
         <input_file_ref idref="fl-d"/>
      </object_component>
      <object_component id="oc-f6">
         <name>.text:prvResetNextTaskUnblockTime</name>
         <load_address>0x3834</load_address>
         <run_address>0x3834</run_address>
         <size>0x28</size>
         <input_file_ref idref="fl-1b"/>
      </object_component>
      <object_component id="oc-7b8">
         <name>.text:prvSampleTimeNow</name>
         <load_address>0x385c</load_address>
         <run_address>0x385c</run_address>
         <size>0x28</size>
         <input_file_ref idref="fl-1c"/>
      </object_component>
      <object_component id="oc-357">
         <name>.text:pxPortInitialiseStack</name>
         <load_address>0x3884</load_address>
         <run_address>0x3884</run_address>
         <size>0x28</size>
         <input_file_ref idref="fl-1d"/>
      </object_component>
      <object_component id="oc-5fc">
         <name>.text:prvCopyDataFromQueue</name>
         <load_address>0x38ac</load_address>
         <run_address>0x38ac</run_address>
         <size>0x26</size>
         <input_file_ref idref="fl-1a"/>
      </object_component>
      <object_component id="oc-62e">
         <name>.text:Bunker_Init</name>
         <load_address>0x38d4</load_address>
         <run_address>0x38d4</run_address>
         <size>0x24</size>
         <input_file_ref idref="fl-b"/>
      </object_component>
      <object_component id="oc-640">
         <name>.text:Car_Init</name>
         <load_address>0x38f8</load_address>
         <run_address>0x38f8</run_address>
         <size>0x24</size>
         <input_file_ref idref="fl-b"/>
      </object_component>
      <object_component id="oc-786">
         <name>.text:Missile_Draw</name>
         <load_address>0x391c</load_address>
         <run_address>0x391c</run_address>
         <size>0x24</size>
         <input_file_ref idref="fl-b"/>
      </object_component>
      <object_component id="oc-61c">
         <name>.text:Player_Draw</name>
         <load_address>0x3940</load_address>
         <run_address>0x3940</run_address>
         <size>0x24</size>
         <input_file_ref idref="fl-b"/>
      </object_component>
      <object_component id="oc-65b">
         <name>.text:Draw</name>
         <load_address>0x3964</load_address>
         <run_address>0x3964</run_address>
         <size>0x20</size>
         <input_file_ref idref="fl-b"/>
      </object_component>
      <object_component id="oc-760">
         <name>.text:Nokia5110_DrawFullImage</name>
         <load_address>0x3984</load_address>
         <run_address>0x3984</run_address>
         <size>0x20</size>
         <input_file_ref idref="fl-18"/>
      </object_component>
      <object_component id="oc-710">
         <name>.text:prvGetNextExpireTime</name>
         <load_address>0x39a4</load_address>
         <run_address>0x39a4</run_address>
         <size>0x20</size>
         <input_file_ref idref="fl-1c"/>
      </object_component>
      <object_component id="oc-fc">
         <name>.text:uxListRemove</name>
         <load_address>0x39c4</load_address>
         <run_address>0x39c4</run_address>
         <size>0x20</size>
         <input_file_ref idref="fl-19"/>
      </object_component>
      <object_component id="oc-5a4">
         <name>.text:vQueueAddToRegistry</name>
         <load_address>0x39e4</load_address>
         <run_address>0x39e4</run_address>
         <size>0x20</size>
         <input_file_ref idref="fl-1a"/>
      </object_component>
      <object_component id="oc-609">
         <name>.text:xTaskGetSchedulerState</name>
         <load_address>0x3a04</load_address>
         <run_address>0x3a04</run_address>
         <size>0x20</size>
         <input_file_ref idref="fl-1b"/>
      </object_component>
      <object_component id="oc-43e">
         <name>.text:ADCSequenceDataGet</name>
         <load_address>0x3a24</load_address>
         <run_address>0x3a24</run_address>
         <size>0x1e</size>
         <input_file_ref idref="fl-ec"/>
      </object_component>
      <object_component id="oc-15e">
         <name>.text:Nokia5110_Clear</name>
         <load_address>0x3a42</load_address>
         <run_address>0x3a42</run_address>
         <size>0x1c</size>
         <input_file_ref idref="fl-18"/>
      </object_component>
      <object_component id="oc-39d">
         <name>.text:prvIsQueueFull</name>
         <load_address>0x3a5e</load_address>
         <run_address>0x3a5e</run_address>
         <size>0x1c</size>
         <input_file_ref idref="fl-1a"/>
      </object_component>
      <object_component id="oc-1e8">
         <name>.text:prvOneShotTimerCallback</name>
         <load_address>0x3a7c</load_address>
         <run_address>0x3a7c</run_address>
         <size>0x1c</size>
         <input_file_ref idref="fl-9"/>
      </object_component>
      <object_component id="oc-35d">
         <name>.text:vPortEnterCritical</name>
         <load_address>0x3a98</load_address>
         <run_address>0x3a98</run_address>
         <size>0x1c</size>
         <input_file_ref idref="fl-1d"/>
      </object_component>
      <object_component id="oc-19a">
         <name>.text:UARTprintf</name>
         <load_address>0x3ab4</load_address>
         <run_address>0x3ab4</run_address>
         <size>0x1a</size>
         <input_file_ref idref="fl-20"/>
      </object_component>
      <object_component id="oc-5f0">
         <name>.text:prvIsQueueEmpty</name>
         <load_address>0x3ace</load_address>
         <run_address>0x3ace</run_address>
         <size>0x1a</size>
         <input_file_ref idref="fl-1a"/>
      </object_component>
      <object_component id="oc-432">
         <name>.text:ADCProcessorTrigger</name>
         <load_address>0x3ae8</load_address>
         <run_address>0x3ae8</run_address>
         <size>0x18</size>
         <input_file_ref idref="fl-ec"/>
      </object_component>
      <object_component id="oc-29d">
         <name>.text:GPIOIntRegister</name>
         <load_address>0x3b00</load_address>
         <run_address>0x3b00</run_address>
         <size>0x18</size>
         <input_file_ref idref="fl-ed"/>
      </object_component>
      <object_component id="oc-27e">
         <name>.text:GPIOPinTypeGPIOOutput</name>
         <load_address>0x3b18</load_address>
         <run_address>0x3b18</run_address>
         <size>0x18</size>
         <input_file_ref idref="fl-ed"/>
      </object_component>
      <object_component id="oc-164">
         <name>.text:Nokia5110_ClearBuffer</name>
         <load_address>0x3b30</load_address>
         <run_address>0x3b30</run_address>
         <size>0x18</size>
         <input_file_ref idref="fl-18"/>
      </object_component>
      <object_component id="oc-780">
         <name>.text:Player_Missile_Draw</name>
         <load_address>0x3b48</load_address>
         <run_address>0x3b48</run_address>
         <size>0x18</size>
         <input_file_ref idref="fl-b"/>
      </object_component>
      <object_component id="oc-602">
         <name>.text:pvTaskIncrementMutexHeldCount</name>
         <load_address>0x3b60</load_address>
         <run_address>0x3b60</run_address>
         <size>0x18</size>
         <input_file_ref idref="fl-1b"/>
      </object_component>
      <object_component id="oc-102">
         <name>.text:vListInsertEnd</name>
         <load_address>0x3b78</load_address>
         <run_address>0x3b78</run_address>
         <size>0x18</size>
         <input_file_ref idref="fl-19"/>
      </object_component>
      <object_component id="oc-369">
         <name>.text:vPortExitCritical</name>
         <load_address>0x3b90</load_address>
         <run_address>0x3b90</run_address>
         <size>0x18</size>
         <input_file_ref idref="fl-1d"/>
      </object_component>
      <object_component id="oc-37f">
         <name>.text:vTaskSetTimeOutState</name>
         <load_address>0x3ba8</load_address>
         <run_address>0x3ba8</run_address>
         <size>0x18</size>
         <input_file_ref idref="fl-1b"/>
      </object_component>
      <object_component id="oc-3c4">
         <name>.text:vListInitialise</name>
         <load_address>0x3bc0</load_address>
         <run_address>0x3bc0</run_address>
         <size>0x16</size>
         <input_file_ref idref="fl-19"/>
      </object_component>
      <object_component id="oc-16a">
         <name>.text:Nokia5110_OutString</name>
         <load_address>0x3bd6</load_address>
         <run_address>0x3bd6</run_address>
         <size>0x14</size>
         <input_file_ref idref="fl-18"/>
      </object_component>
      <object_component id="oc-5d4">
         <name>.text:prvTimerTask</name>
         <load_address>0x3bea</load_address>
         <run_address>0x3bea</run_address>
         <size>0x14</size>
         <input_file_ref idref="fl-1c"/>
      </object_component>
      <object_component id="oc-5db">
         <name>.text:vPortSetupTimerInterrupt</name>
         <load_address>0x3c00</load_address>
         <run_address>0x3c00</run_address>
         <size>0x14</size>
         <input_file_ref idref="fl-1d"/>
      </object_component>
      <object_component id="oc-2dd">
         <name>.text:GPIOPinTypeADC</name>
         <load_address>0x3c14</load_address>
         <run_address>0x3c14</run_address>
         <size>0x12</size>
         <input_file_ref idref="fl-ed"/>
      </object_component>
      <object_component id="oc-284">
         <name>.text:GPIOPinTypeGPIOInput</name>
         <load_address>0x3c26</load_address>
         <run_address>0x3c26</run_address>
         <size>0x12</size>
         <input_file_ref idref="fl-ed"/>
      </object_component>
      <object_component id="oc-308">
         <name>.text:GPIOPinTypeSSI</name>
         <load_address>0x3c38</load_address>
         <run_address>0x3c38</run_address>
         <size>0x12</size>
         <input_file_ref idref="fl-ed"/>
      </object_component>
      <object_component id="oc-2be">
         <name>.text:GPIOPinTypeUART</name>
         <load_address>0x3c4a</load_address>
         <run_address>0x3c4a</run_address>
         <size>0x12</size>
         <input_file_ref idref="fl-ed"/>
      </object_component>
      <object_component id="oc-326">
         <name>.text:SSIDataGetNonBlocking</name>
         <load_address>0x3c5c</load_address>
         <run_address>0x3c5c</run_address>
         <size>0x12</size>
         <input_file_ref idref="fl-ef"/>
      </object_component>
      <object_component id="oc-724">
         <name>.text:prvDeleteTCB</name>
         <load_address>0x3c6e</load_address>
         <run_address>0x3c6e</run_address>
         <size>0x12</size>
         <input_file_ref idref="fl-1b"/>
      </object_component>
      <object_component id="oc-18e">
         <name>.text:IntMasterEnable</name>
         <load_address>0x3c80</load_address>
         <run_address>0x3c80</run_address>
         <size>0x10</size>
         <input_file_ref idref="fl-ee"/>
      </object_component>
      <object_component id="oc-551">
         <name>.text:prvTaskExitError</name>
         <load_address>0x3c90</load_address>
         <run_address>0x3c90</run_address>
         <size>0x10</size>
         <input_file_ref idref="fl-1d"/>
      </object_component>
      <object_component id="oc-5e8">
         <name>.text:vApplicationIdleHook</name>
         <load_address>0x3ca0</load_address>
         <run_address>0x3ca0</run_address>
         <size>0x10</size>
         <input_file_ref idref="fl-a"/>
      </object_component>
      <object_component id="oc-385">
         <name>.text:vTaskSuspendAll</name>
         <load_address>0x3cb0</load_address>
         <run_address>0x3cb0</run_address>
         <size>0x10</size>
         <input_file_ref idref="fl-1b"/>
      </object_component>
      <object_component id="oc-2e3">
         <name>.text:ADCHardwareOversampleConfigure</name>
         <load_address>0x3cc0</load_address>
         <run_address>0x3cc0</run_address>
         <size>0xe</size>
         <input_file_ref idref="fl-ec"/>
      </object_component>
      <object_component id="oc-2e9">
         <name>.text:ADCSequenceDisable</name>
         <load_address>0x3cce</load_address>
         <run_address>0x3cce</run_address>
         <size>0xe</size>
         <input_file_ref idref="fl-ec"/>
      </object_component>
      <object_component id="oc-2fb">
         <name>.text:ADCSequenceEnable</name>
         <load_address>0x3cdc</load_address>
         <run_address>0x3cdc</run_address>
         <size>0xe</size>
         <input_file_ref idref="fl-ec"/>
      </object_component>
      <object_component id="oc-4e3">
         <name>.text:GPIOIntStatus</name>
         <load_address>0x3cea</load_address>
         <run_address>0x3cea</run_address>
         <size>0xe</size>
         <input_file_ref idref="fl-ed"/>
      </object_component>
      <object_component id="oc-1b">
         <name>.text:decompress:none:__TI_decompress_none</name>
         <load_address>0x3cf8</load_address>
         <run_address>0x3cf8</run_address>
         <size>0xe</size>
         <input_file_ref idref="fl-e1"/>
      </object_component>
      <object_component id="oc-3cb">
         <name>.text:CPUcpsie</name>
         <load_address>0x3d06</load_address>
         <run_address>0x3d06</run_address>
         <size>0xc</size>
         <input_file_ref idref="fl-f3"/>
      </object_component>
      <object_component id="oc-297">
         <name>.text:GPIOIntEnable</name>
         <load_address>0x3d12</load_address>
         <run_address>0x3d12</run_address>
         <size>0xc</size>
         <input_file_ref idref="fl-ed"/>
      </object_component>
      <object_component id="oc-646">
         <name>.text:Nokia5110_DisplayBuffer</name>
         <load_address>0x3d20</load_address>
         <run_address>0x3d20</run_address>
         <size>0xc</size>
         <input_file_ref idref="fl-18"/>
      </object_component>
      <object_component id="oc-6a">
         <name>.text:decompress:ZI:__TI_zero_init</name>
         <load_address>0x3d2c</load_address>
         <run_address>0x3d2c</run_address>
         <size>0xc</size>
         <input_file_ref idref="fl-e0"/>
      </object_component>
      <object_component id="oc-3ef">
         <name>.text:prvIdleTask</name>
         <load_address>0x3d38</load_address>
         <run_address>0x3d38</run_address>
         <size>0xc</size>
         <input_file_ref idref="fl-1b"/>
      </object_component>
      <object_component id="oc-586">
         <name>.text:vTaskMissedYield</name>
         <load_address>0x3d44</load_address>
         <run_address>0x3d44</run_address>
         <size>0xc</size>
         <input_file_ref idref="fl-1b"/>
      </object_component>
      <object_component id="oc-194">
         <name>.text:xPortGetFreeHeapSize</name>
         <load_address>0x3d50</load_address>
         <run_address>0x3d50</run_address>
         <size>0xc</size>
         <input_file_ref idref="fl-1f"/>
      </object_component>
      <object_component id="oc-40a">
         <name>.text:xTaskGetTickCount</name>
         <load_address>0x3d5c</load_address>
         <run_address>0x3d5c</run_address>
         <size>0xc</size>
         <input_file_ref idref="fl-1b"/>
      </object_component>
      <object_component id="oc-42c">
         <name>.text:ADCIntClear</name>
         <load_address>0x3d68</load_address>
         <run_address>0x3d68</run_address>
         <size>0xa</size>
         <input_file_ref idref="fl-ec"/>
      </object_component>
      <object_component id="oc-533">
         <name>.text:SSIDataPut</name>
         <load_address>0x3d72</load_address>
         <run_address>0x3d72</run_address>
         <size>0xa</size>
         <input_file_ref idref="fl-ef"/>
      </object_component>
      <object_component id="oc-302">
         <name>.text:SSIDisable</name>
         <load_address>0x3d7c</load_address>
         <run_address>0x3d7c</run_address>
         <size>0xa</size>
         <input_file_ref idref="fl-ef"/>
      </object_component>
      <object_component id="oc-320">
         <name>.text:SSIEnable</name>
         <load_address>0x3d86</load_address>
         <run_address>0x3d86</run_address>
         <size>0xa</size>
         <input_file_ref idref="fl-ef"/>
      </object_component>
      <object_component id="oc-2d6">
         <name>.text:UARTFIFOEnable</name>
         <load_address>0x3d90</load_address>
         <run_address>0x3d90</run_address>
         <size>0xa</size>
         <input_file_ref idref="fl-f2"/>
      </object_component>
      <object_component id="oc-52d">
         <name>.text:SSIBusy</name>
         <load_address>0x3d9a</load_address>
         <run_address>0x3d9a</run_address>
         <size>0x8</size>
         <input_file_ref idref="fl-ef"/>
      </object_component>
      <object_component id="oc-4e9">
         <name>.text:GPIOIntClear</name>
         <load_address>0x3da2</load_address>
         <run_address>0x3da2</run_address>
         <size>0x6</size>
         <input_file_ref idref="fl-ed"/>
      </object_component>
      <object_component id="oc-4ef">
         <name>.text:GPIOPinRead</name>
         <load_address>0x3da8</load_address>
         <run_address>0x3da8</run_address>
         <size>0x6</size>
         <input_file_ref idref="fl-ed"/>
      </object_component>
      <object_component id="oc-32c">
         <name>.text:GPIOPinWrite</name>
         <load_address>0x3dae</load_address>
         <run_address>0x3dae</run_address>
         <size>0x6</size>
         <input_file_ref idref="fl-ed"/>
      </object_component>
      <object_component id="oc-27">
         <name>.text:ResetISR</name>
         <load_address>0x3db4</load_address>
         <run_address>0x3db4</run_address>
         <size>0x6</size>
         <input_file_ref idref="fl-c"/>
      </object_component>
      <object_component id="oc-30e">
         <name>.text:SSIClockSourceSet</name>
         <load_address>0x3dba</load_address>
         <run_address>0x3dba</run_address>
         <size>0x6</size>
         <input_file_ref idref="fl-ef"/>
      </object_component>
      <object_component id="oc-270">
         <name>.text:SysCtlDelay</name>
         <load_address>0x3dc0</load_address>
         <run_address>0x3dc0</run_address>
         <size>0x6</size>
         <input_file_ref idref="fl-f0"/>
      </object_component>
      <object_component id="oc-2c4">
         <name>.text:UARTClockSourceSet</name>
         <load_address>0x3dc6</load_address>
         <run_address>0x3dc6</run_address>
         <size>0x6</size>
         <input_file_ref idref="fl-f2"/>
      </object_component>
      <object_component id="oc-2d0">
         <name>.text:UARTFIFOLevelSet</name>
         <load_address>0x3dcc</load_address>
         <run_address>0x3dcc</run_address>
         <size>0x6</size>
         <input_file_ref idref="fl-f2"/>
      </object_component>
      <object_component id="oc-3bc">
         <name>.text:vListInitialiseItem</name>
         <load_address>0x3dd2</load_address>
         <run_address>0x3dd2</run_address>
         <size>0x6</size>
         <input_file_ref idref="fl-19"/>
      </object_component>
      <object_component id="oc-c9">
         <name>.text:_system_pre_init</name>
         <load_address>0x3dd8</load_address>
         <run_address>0x3dd8</run_address>
         <size>0x4</size>
         <input_file_ref idref="fl-e7"/>
      </object_component>
      <object_component id="oc-1f0">
         <name>.text:abort:abort</name>
         <load_address>0x3ddc</load_address>
         <run_address>0x3ddc</run_address>
         <size>0x4</size>
         <input_file_ref idref="fl-e9"/>
      </object_component>
      <object_component id="oc-545">
         <name>.const:ASCII</name>
         <load_address>0x3de0</load_address>
         <run_address>0x3de0</run_address>
         <size>0x1e0</size>
         <input_file_ref idref="fl-18"/>
      </object_component>
      <object_component id="oc-6b3">
         <name>.const:g_ppui32GPIOIntMapSnowflake</name>
         <load_address>0x3fc0</load_address>
         <run_address>0x3fc0</run_address>
         <size>0xd8</size>
         <input_file_ref idref="fl-ed"/>
      </object_component>
      <object_component id="oc-738">
         <name>.const:.string:BigExplosion0</name>
         <load_address>0x4098</load_address>
         <run_address>0x4098</run_address>
         <size>0xd7</size>
         <input_file_ref idref="fl-2"/>
      </object_component>
      <object_component id="oc-735">
         <name>.const:.string:PlayerShip0</name>
         <load_address>0x416f</load_address>
         <run_address>0x416f</run_address>
         <size>0xd7</size>
         <input_file_ref idref="fl-2"/>
      </object_component>
      <object_component id="oc-75c">
         <name>.const:.string:Enemy_car</name>
         <load_address>0x4246</load_address>
         <run_address>0x4246</run_address>
         <size>0xc7</size>
         <input_file_ref idref="fl-2"/>
      </object_component>
      <object_component id="oc-746">
         <name>.const:.string:SmallEnemy10PointA</name>
         <load_address>0x430d</load_address>
         <run_address>0x430d</run_address>
         <size>0xc7</size>
         <input_file_ref idref="fl-2"/>
      </object_component>
      <object_component id="oc-749">
         <name>.const:.string:SmallExplosion0</name>
         <load_address>0x43d4</load_address>
         <run_address>0x43d4</run_address>
         <size>0xc7</size>
         <input_file_ref idref="fl-2"/>
      </object_component>
      <object_component id="oc-73b">
         <name>.const:.string:player_car</name>
         <load_address>0x449b</load_address>
         <run_address>0x449b</run_address>
         <size>0xc7</size>
         <input_file_ref idref="fl-2"/>
      </object_component>
      <object_component id="oc-779">
         <name>.const:.string:road1</name>
         <load_address>0x4562</load_address>
         <run_address>0x4562</run_address>
         <size>0xc7</size>
         <input_file_ref idref="fl-2"/>
      </object_component>
      <object_component id="oc-77c">
         <name>.const:.string:road1_D</name>
         <load_address>0x4629</load_address>
         <run_address>0x4629</run_address>
         <size>0xc7</size>
         <input_file_ref idref="fl-2"/>
      </object_component>
      <object_component id="oc-773">
         <name>.const:.string:road2</name>
         <load_address>0x46f0</load_address>
         <run_address>0x46f0</run_address>
         <size>0xc7</size>
         <input_file_ref idref="fl-2"/>
      </object_component>
      <object_component id="oc-776">
         <name>.const:.string:road2_D</name>
         <load_address>0x47b7</load_address>
         <run_address>0x47b7</run_address>
         <size>0xc7</size>
         <input_file_ref idref="fl-2"/>
      </object_component>
      <object_component id="oc-76d">
         <name>.const:.string:road3</name>
         <load_address>0x487e</load_address>
         <run_address>0x487e</run_address>
         <size>0xc7</size>
         <input_file_ref idref="fl-2"/>
      </object_component>
      <object_component id="oc-770">
         <name>.const:.string:road3_D</name>
         <load_address>0x4945</load_address>
         <run_address>0x4945</run_address>
         <size>0xc7</size>
         <input_file_ref idref="fl-2"/>
      </object_component>
      <object_component id="oc-767">
         <name>.const:.string:road4</name>
         <load_address>0x4a0c</load_address>
         <run_address>0x4a0c</run_address>
         <size>0xc7</size>
         <input_file_ref idref="fl-2"/>
      </object_component>
      <object_component id="oc-76a">
         <name>.const:.string:road4_D</name>
         <load_address>0x4ad3</load_address>
         <run_address>0x4ad3</run_address>
         <size>0xc7</size>
         <input_file_ref idref="fl-2"/>
      </object_component>
      <object_component id="oc-6b0">
         <name>.const:g_ppui32GPIOIntMapBlizzard</name>
         <load_address>0x4b9c</load_address>
         <run_address>0x4b9c</run_address>
         <size>0xc0</size>
         <input_file_ref idref="fl-ed"/>
      </object_component>
      <object_component id="oc-757">
         <name>.const:.string:Bunker0</name>
         <load_address>0x4c5c</load_address>
         <run_address>0x4c5c</run_address>
         <size>0xb3</size>
         <input_file_ref idref="fl-2"/>
      </object_component>
      <object_component id="oc-754">
         <name>.const:.string:Bunker1</name>
         <load_address>0x4d0f</load_address>
         <run_address>0x4d0f</run_address>
         <size>0xb3</size>
         <input_file_ref idref="fl-2"/>
      </object_component>
      <object_component id="oc-751">
         <name>.const:.string:Bunker2</name>
         <load_address>0x4dc2</load_address>
         <run_address>0x4dc2</run_address>
         <size>0xb3</size>
         <input_file_ref idref="fl-2"/>
      </object_component>
      <object_component id="oc-464">
         <name>.const:.string:Laser0</name>
         <load_address>0x4e75</load_address>
         <run_address>0x4e75</run_address>
         <size>0x9b</size>
         <input_file_ref idref="fl-2"/>
      </object_component>
      <object_component id="oc-669">
         <name>.const:.string:Missile0</name>
         <load_address>0x4f10</load_address>
         <run_address>0x4f10</run_address>
         <size>0x9b</size>
         <input_file_ref idref="fl-2"/>
      </object_component>
      <object_component id="oc-4fd">
         <name>.const:g_pui32GPIOBaseAddrs</name>
         <load_address>0x4fac</load_address>
         <run_address>0x4fac</run_address>
         <size>0x90</size>
         <input_file_ref idref="fl-ed"/>
      </object_component>
      <object_component id="oc-4de">
         <name>.const</name>
         <load_address>0x503c</load_address>
         <run_address>0x503c</run_address>
         <size>0x70</size>
         <input_file_ref idref="fl-ee"/>
      </object_component>
      <object_component id="oc-525">
         <name>.const:g_pui32Xtals</name>
         <load_address>0x50ac</load_address>
         <run_address>0x50ac</run_address>
         <size>0x6c</size>
         <input_file_ref idref="fl-f0"/>
      </object_component>
      <object_component id="oc-50d">
         <name>.const:g_ui32UARTBase</name>
         <load_address>0x5118</load_address>
         <run_address>0x5118</run_address>
         <size>0xc</size>
         <input_file_ref idref="fl-20"/>
      </object_component>
      <object_component id="oc-50a">
         <name>.const:g_ui32UARTPeriph</name>
         <load_address>0x5124</load_address>
         <run_address>0x5124</run_address>
         <size>0xc</size>
         <input_file_ref idref="fl-20"/>
      </object_component>
      <object_component id="oc-91">
         <name>.const</name>
         <load_address>0x5130</load_address>
         <run_address>0x5130</run_address>
         <size>0x4</size>
         <input_file_ref idref="fl-1d"/>
      </object_component>
      <object_component id="oc-836">
         <name>.cinit..data.load</name>
         <load_address>0x5138</load_address>
         <run_address>0x5138</run_address>
         <size>0x1a</size>
      </object_component>
      <object_component id="oc-833">
         <name>__TI_handler_table</name>
         <load_address>0x5154</load_address>
         <run_address>0x5154</run_address>
         <size>0xc</size>
      </object_component>
      <object_component id="oc-837">
         <name>.cinit..bss.load</name>
         <load_address>0x5160</load_address>
         <run_address>0x5160</run_address>
         <size>0x8</size>
      </object_component>
      <object_component id="oc-835">
         <name>.cinit..vtable.load</name>
         <load_address>0x5168</load_address>
         <run_address>0x5168</run_address>
         <size>0x8</size>
      </object_component>
      <object_component id="oc-834">
         <name>__TI_cinit_table</name>
         <load_address>0x5170</load_address>
         <run_address>0x5170</run_address>
         <size>0x18</size>
      </object_component>
      <object_component id="oc-6b7">
         <name>.vtable</name>
         <uninitialized>true</uninitialized>
         <run_address>0x20000000</run_address>
         <size>0x26c</size>
         <input_file_ref idref="fl-ee"/>
      </object_component>
      <object_component id="oc-428">
         <name>.data</name>
         <load_address>0x20005a89</load_address>
         <run_address>0x20005a89</run_address>
         <size>0x2</size>
         <input_file_ref idref="fl-3"/>
      </object_component>
      <object_component id="oc-451">
         <name>.data</name>
         <load_address>0x20005ab2</load_address>
         <run_address>0x20005ab2</run_address>
         <size>0x2</size>
         <input_file_ref idref="fl-5"/>
      </object_component>
      <object_component id="oc-461">
         <name>.data</name>
         <load_address>0x20005ab1</load_address>
         <run_address>0x20005ab1</run_address>
         <size>0x1</size>
         <input_file_ref idref="fl-6"/>
      </object_component>
      <object_component id="oc-45d">
         <name>.data</name>
         <load_address>0x20005ac0</load_address>
         <run_address>0x20005ac0</run_address>
         <size>0x1</size>
         <input_file_ref idref="fl-9"/>
      </object_component>
      <object_component id="oc-72b">
         <name>.data</name>
         <load_address>0x20005ab4</load_address>
         <run_address>0x20005ab4</run_address>
         <size>0x4</size>
         <input_file_ref idref="fl-a"/>
      </object_component>
      <object_component id="oc-67c">
         <name>.data</name>
         <load_address>0x20005a70</load_address>
         <run_address>0x20005a70</run_address>
         <size>0x19</size>
         <input_file_ref idref="fl-b"/>
      </object_component>
      <object_component id="oc-661">
         <name>.data</name>
         <load_address>0x20005a8b</load_address>
         <run_address>0x20005a8b</run_address>
         <size>0x1</size>
         <input_file_ref idref="fl-e"/>
      </object_component>
      <object_component id="oc-53a">
         <name>.data</name>
         <load_address>0x20005a94</load_address>
         <run_address>0x20005a94</run_address>
         <size>0x8</size>
         <input_file_ref idref="fl-18"/>
      </object_component>
      <object_component id="oc-8e">
         <name>.data</name>
         <load_address>0x20005a40</load_address>
         <run_address>0x20005a40</run_address>
         <size>0x30</size>
         <input_file_ref idref="fl-1b"/>
      </object_component>
      <object_component id="oc-5b3">
         <name>.data</name>
         <load_address>0x20005aa4</load_address>
         <run_address>0x20005aa4</run_address>
         <size>0x8</size>
         <input_file_ref idref="fl-1c"/>
      </object_component>
      <object_component id="oc-558">
         <name>.data</name>
         <load_address>0x20005ab8</load_address>
         <run_address>0x20005ab8</run_address>
         <size>0x4</size>
         <input_file_ref idref="fl-1d"/>
      </object_component>
      <object_component id="oc-3d2">
         <name>.data</name>
         <load_address>0x20005a9c</load_address>
         <run_address>0x20005a9c</run_address>
         <size>0x8</size>
         <input_file_ref idref="fl-1f"/>
      </object_component>
      <object_component id="oc-510">
         <name>.data</name>
         <load_address>0x20005aac</load_address>
         <run_address>0x20005aac</run_address>
         <size>0x5</size>
         <input_file_ref idref="fl-20"/>
      </object_component>
      <object_component id="oc-798">
         <name>.data</name>
         <load_address>0x20005abc</load_address>
         <run_address>0x20005abc</run_address>
         <size>0x4</size>
         <input_file_ref idref="fl-e3"/>
      </object_component>
      <object_component id="oc-49f">
         <name>.data:$O1$$</name>
         <load_address>0x20005a8c</load_address>
         <run_address>0x20005a8c</run_address>
         <size>0x8</size>
         <input_file_ref idref="fl-ea"/>
      </object_component>
      <object_component id="oc-74d">
         <name>.bss:d$1</name>
         <uninitialized>true</uninitialized>
         <run_address>0x2000566c</run_address>
         <size>0x3c</size>
         <input_file_ref idref="fl-b"/>
      </object_component>
      <object_component id="oc-74e">
         <name>.bss:e$2</name>
         <uninitialized>true</uninitialized>
         <run_address>0x200056a8</run_address>
         <size>0x3c</size>
         <input_file_ref idref="fl-b"/>
      </object_component>
      <object_component id="oc-f2">
         <name>.bss:pxReadyTasksLists</name>
         <uninitialized>true</uninitialized>
         <run_address>0x20005284</run_address>
         <size>0x140</size>
         <input_file_ref idref="fl-1b"/>
      </object_component>
      <object_component id="oc-55c">
         <name>.bss:xDelayedTaskList1</name>
         <uninitialized>true</uninitialized>
         <run_address>0x20005754</run_address>
         <size>0x14</size>
         <input_file_ref idref="fl-1b"/>
      </object_component>
      <object_component id="oc-55f">
         <name>.bss:xDelayedTaskList2</name>
         <uninitialized>true</uninitialized>
         <run_address>0x20005768</run_address>
         <size>0x14</size>
         <input_file_ref idref="fl-1b"/>
      </object_component>
      <object_component id="oc-10e">
         <name>.bss</name>
         <uninitialized>true</uninitialized>
         <run_address>0x200057f0</run_address>
         <size>0x8</size>
         <input_file_ref idref="fl-1b"/>
      </object_component>
      <object_component id="oc-562">
         <name>.bss:xPendingReadyList</name>
         <uninitialized>true</uninitialized>
         <run_address>0x2000577c</run_address>
         <size>0x14</size>
         <input_file_ref idref="fl-1b"/>
      </object_component>
      <object_component id="oc-565">
         <name>.bss:xTasksWaitingTermination</name>
         <uninitialized>true</uninitialized>
         <run_address>0x200057a4</run_address>
         <size>0x14</size>
         <input_file_ref idref="fl-1b"/>
      </object_component>
      <object_component id="oc-568">
         <name>.bss:xSuspendedTaskList</name>
         <uninitialized>true</uninitialized>
         <run_address>0x20005790</run_address>
         <size>0x14</size>
         <input_file_ref idref="fl-1b"/>
      </object_component>
      <object_component id="oc-5aa">
         <name>.bss:xActiveTimerList1</name>
         <uninitialized>true</uninitialized>
         <run_address>0x2000572c</run_address>
         <size>0x14</size>
         <input_file_ref idref="fl-1c"/>
      </object_component>
      <object_component id="oc-5ad">
         <name>.bss:xActiveTimerList2</name>
         <uninitialized>true</uninitialized>
         <run_address>0x20005740</run_address>
         <size>0x14</size>
         <input_file_ref idref="fl-1c"/>
      </object_component>
      <object_component id="oc-5b0">
         <name>.bss</name>
         <uninitialized>true</uninitialized>
         <run_address>0x200057f8</run_address>
         <size>0x8</size>
         <input_file_ref idref="fl-1c"/>
      </object_component>
      <object_component id="oc-6ea">
         <name>.bss:ucHeap</name>
         <uninitialized>true</uninitialized>
         <run_address>0x2000026c</run_address>
         <size>0x4e20</size>
         <input_file_ref idref="fl-1f"/>
      </object_component>
      <object_component id="oc-573">
         <name>.bss:xStart</name>
         <uninitialized>true</uninitialized>
         <run_address>0x20005808</run_address>
         <size>0x8</size>
         <input_file_ref idref="fl-1f"/>
      </object_component>
      <object_component id="oc-576">
         <name>.bss:xEnd</name>
         <uninitialized>true</uninitialized>
         <run_address>0x20005800</run_address>
         <size>0x8</size>
         <input_file_ref idref="fl-1f"/>
      </object_component>
      <object_component id="oc-1a6">
         <name>.common:xTaskHandle1</name>
         <uninitialized>true</uninitialized>
         <run_address>0x20005824</run_address>
         <size>0x4</size>
      </object_component>
      <object_component id="oc-1c1">
         <name>.common:xTaskHandle2</name>
         <uninitialized>true</uninitialized>
         <run_address>0x20005828</run_address>
         <size>0x4</size>
      </object_component>
      <object_component id="oc-1c8">
         <name>.common:xTaskHandle3</name>
         <uninitialized>true</uninitialized>
         <run_address>0x2000582c</run_address>
         <size>0x4</size>
      </object_component>
      <object_component id="oc-1cf">
         <name>.common:xTaskHandle4</name>
         <uninitialized>true</uninitialized>
         <run_address>0x20005830</run_address>
         <size>0x4</size>
      </object_component>
      <object_component id="oc-1d6">
         <name>.common:xTaskHandle5</name>
         <uninitialized>true</uninitialized>
         <run_address>0x20005834</run_address>
         <size>0x4</size>
      </object_component>
      <object_component id="oc-1dd">
         <name>.common:xTaskHandle6</name>
         <uninitialized>true</uninitialized>
         <run_address>0x20005838</run_address>
         <size>0x4</size>
      </object_component>
      <object_component id="oc-1e4">
[...]
      <symbol id="sm-630">
         <name>vQueueAddToRegistry</name>
         <value>0x39e5</value>
         <object_component_ref idref="oc-5a4"/>
      </symbol>
      <symbol id="sm-631">
         <name>xQueueGenericCreate</name>
         <value>0x348d</value>
         <object_component_ref idref="oc-176"/>
      </symbol>
      <symbol id="sm-632">
         <name>xQueueCreateMutex</name>
         <value>0x2f01</value>
         <object_component_ref idref="oc-188"/>
      </symbol>
      <symbol id="sm-633">
         <name>xQueueGenericSend</name>
         <value>0x15b1</value>
         <object_component_ref idref="oc-17c"/>
      </symbol>
      <symbol id="sm-634">
         <name>xQueueGenericReset</name>
         <value>0x2129</value>
         <object_component_ref idref="oc-376"/>
      </symbol>
      <symbol id="sm-635">
         <name>xQueueGiveFromISR</name>
         <value>0x2d5d</value>
         <object_component_ref idref="oc-4f5"/>
      </symbol>
      <symbol id="sm-636">
         <name>xQueueGenericReceive</name>
         <value>0xe99</value>
         <object_component_ref idref="oc-410"/>
      </symbol>
      <symbol id="sm-637">
         <name>vQueueWaitForMessageRestricted</name>
         <value>0x32dd</value>
         <object_component_ref idref="oc-7c0"/>
      </symbol>
      <symbol id="sm-812">
         <name>vTaskSuspendAll</name>
         <value>0x3cb1</value>
         <object_component_ref idref="oc-385"/>
      </symbol>
      <symbol id="sm-813">
         <name>vTaskPriorityInherit</name>
         <value>0x1f89</value>
         <object_component_ref idref="oc-5f6"/>
      </symbol>
      <symbol id="sm-814">
         <name>vTaskPlaceOnEventList</name>
         <value>0x2859</value>
         <object_component_ref idref="oc-3a3"/>
      </symbol>
      <symbol id="sm-815">
         <name>xTaskCheckForTimeOut</name>
         <value>0x2e5d</value>
         <object_component_ref idref="oc-38b"/>
      </symbol>
      <symbol id="sm-816">
         <name>xTaskPriorityDisinherit</name>
         <value>0x240d</value>
         <object_component_ref idref="oc-59c"/>
      </symbol>
      <symbol id="sm-817">
         <name>vTaskStartScheduler</name>
         <value>0x27f1</value>
         <object_component_ref idref="oc-1a0"/>
      </symbol>
      <symbol id="sm-818">
         <name>pvTaskIncrementMutexHeldCount</name>
         <value>0x3b61</value>
         <object_component_ref idref="oc-602"/>
      </symbol>
      <symbol id="sm-819">
         <name>vTaskDelayUntil</name>
         <value>0x20a5</value>
         <object_component_ref idref="oc-444"/>
      </symbol>
      <symbol id="sm-81a">
         <name>vTaskMissedYield</name>
         <value>0x3d45</value>
         <object_component_ref idref="oc-586"/>
      </symbol>
      <symbol id="sm-81b">
         <name>xTaskResumeAll</name>
         <value>0x1699</value>
         <object_component_ref idref="oc-397"/>
      </symbol>
      <symbol id="sm-81c">
         <name>xTaskGetTickCount</name>
         <value>0x3d5d</value>
         <object_component_ref idref="oc-40a"/>
      </symbol>
      <symbol id="sm-81d">
         <name>xTaskGenericCreate</name>
         <value>0x12cd</value>
         <object_component_ref idref="oc-170"/>
      </symbol>
      <symbol id="sm-81e">
         <name>pxCurrentTCB</name>
         <value>0x20005a40</value>
         <object_component_ref idref="oc-8e"/>
      </symbol>
      <symbol id="sm-81f">
         <name>vTaskPlaceOnEventListRestricted</name>
         <value>0x2789</value>
         <object_component_ref idref="oc-800"/>
      </symbol>
      <symbol id="sm-820">
         <name>vTaskSetTimeOutState</name>
         <value>0x3ba9</value>
         <object_component_ref idref="oc-37f"/>
      </symbol>
      <symbol id="sm-821">
         <name>xTaskIncrementTick</name>
         <value>0x10c1</value>
         <object_component_ref idref="oc-9b"/>
      </symbol>
      <symbol id="sm-822">
         <name>vTaskSwitchContext</name>
         <value>0x2019</value>
         <object_component_ref idref="oc-94"/>
      </symbol>
      <symbol id="sm-823">
         <name>xTaskGetSchedulerState</name>
         <value>0x3a05</value>
         <object_component_ref idref="oc-609"/>
      </symbol>
      <symbol id="sm-824">
         <name>xTaskRemoveFromEventList</name>
         <value>0x24f9</value>
         <object_component_ref idref="oc-3af"/>
      </symbol>
      <symbol id="sm-8f1">
         <name>xTimerCreateTimerTask</name>
         <value>0x335d</value>
         <object_component_ref idref="oc-3e3"/>
      </symbol>
      <symbol id="sm-8f2">
         <name>xTimerCreate</name>
         <value>0x3503</value>
         <object_component_ref idref="oc-182"/>
      </symbol>
      <symbol id="sm-8f3">
         <name>xTimerGenericCommand</name>
         <value>0x3259</value>
         <object_component_ref idref="oc-416"/>
      </symbol>
      <symbol id="sm-94d">
         <name>ulMaxSyscallInterruptPriority</name>
         <value>0x5130</value>
         <object_component_ref idref="oc-91"/>
      </symbol>
      <symbol id="sm-94e">
         <name>vPortSetupTimerInterrupt</name>
         <value>0x3c01</value>
         <object_component_ref idref="oc-5db"/>
      </symbol>
      <symbol id="sm-94f">
         <name>xPortSysTickHandler</name>
         <value>0x378d</value>
         <object_component_ref idref="oc-44"/>
      </symbol>
      <symbol id="sm-950">
         <name>pxPortInitialiseStack</name>
         <value>0x3885</value>
         <object_component_ref idref="oc-357"/>
      </symbol>
      <symbol id="sm-951">
         <name>vPortExitCritical</name>
         <value>0x3b91</value>
         <object_component_ref idref="oc-369"/>
      </symbol>
      <symbol id="sm-952">
         <name>xPortStartScheduler</name>
         <value>0x331d</value>
         <object_component_ref idref="oc-3e9"/>
      </symbol>
      <symbol id="sm-953">
         <name>vPortEnterCritical</name>
         <value>0x3a99</value>
         <object_component_ref idref="oc-35d"/>
      </symbol>
      <symbol id="sm-962">
         <name>vPortStartFirstTask</name>
         <value>0x18f9</value>
         <object_component_ref idref="oc-3f"/>
      </symbol>
      <symbol id="sm-963">
         <name>ulPortGetIPSR</name>
         <value>0x1861</value>
         <object_component_ref idref="oc-3f"/>
      </symbol>
      <symbol id="sm-964">
         <name>vPortEnableVFP</name>
         <value>0x1915</value>
         <object_component_ref idref="oc-3f"/>
      </symbol>
      <symbol id="sm-965">
         <name>xPortPendSVHandler</name>
         <value>0x1879</value>
         <object_component_ref idref="oc-3f"/>
      </symbol>
      <symbol id="sm-966">
         <name>vPortSVCHandler</name>
         <value>0x18d9</value>
         <object_component_ref idref="oc-3f"/>
      </symbol>
      <symbol id="sm-9c5">
         <name>xPortGetFreeHeapSize</name>
         <value>0x3d51</value>
         <object_component_ref idref="oc-194"/>
      </symbol>
      <symbol id="sm-9c6">
         <name>pvPortMalloc</name>
         <value>0x1a91</value>
         <object_component_ref idref="oc-370"/>
      </symbol>
      <symbol id="sm-9c7">
         <name>vPortFree</name>
         <value>0x31d1</value>
         <object_component_ref idref="oc-549"/>
      </symbol>
      <symbol id="sm-a3e">
         <name>UARTStdioConfig</name>
         <value>0x19e5</value>
         <object_component_ref idref="oc-2ca"/>
      </symbol>
      <symbol id="sm-a3f">
         <name>UARTwrite</name>
         <value>0x1d2d</value>
         <object_component_ref idref="oc-5c6"/>
      </symbol>
      <symbol id="sm-a40">
         <name>UARTprintf</name>
         <value>0x3ab5</value>
         <object_component_ref idref="oc-19a"/>
      </symbol>
      <symbol id="sm-a41">
         <name>UARTvprintf</name>
         <value>0x4c1</value>
         <object_component_ref idref="oc-3d6"/>
      </symbol>
      <symbol id="sm-a5d">
         <name>memcpy</name>
         <value>0x1dc9</value>
         <object_component_ref idref="oc-58"/>
      </symbol>
      <symbol id="sm-a5e">
         <name>__aeabi_memcpy</name>
         <value>0x1dc9</value>
         <object_component_ref idref="oc-58"/>
      </symbol>
      <symbol id="sm-a5f">
         <name>__aeabi_memcpy8</name>
         <value>0x1dc9</value>
         <object_component_ref idref="oc-58"/>
      </symbol>
      <symbol id="sm-a60">
         <name>__aeabi_memcpy4</name>
         <value>0x1dc9</value>
         <object_component_ref idref="oc-58"/>
      </symbol>
      <symbol id="sm-a6f">
         <name>__aeabi_memset</name>
         <value>0x22a5</value>
         <object_component_ref idref="oc-c3"/>
      </symbol>
      <symbol id="sm-a70">
         <name>memset</name>
         <value>0x22ab</value>
         <object_component_ref idref="oc-c3"/>
      </symbol>
      <symbol id="sm-a71">
         <name>__aeabi_memset8</name>
         <value>0x22a5</value>
         <object_component_ref idref="oc-c3"/>
      </symbol>
      <symbol id="sm-a72">
         <name>__aeabi_memset4</name>
         <value>0x22a5</value>
         <object_component_ref idref="oc-c3"/>
      </symbol>
      <symbol id="sm-a73">
         <name>__aeabi_memclr8</name>
         <value>0x22a3</value>
         <object_component_ref idref="oc-c3"/>
      </symbol>
      <symbol id="sm-a74">
         <name>__aeabi_memclr4</name>
         <value>0x22a3</value>
         <object_component_ref idref="oc-c3"/>
      </symbol>
      <symbol id="sm-a75">
         <name>__aeabi_memclr</name>
         <value>0x22a3</value>
         <object_component_ref idref="oc-c3"/>
      </symbol>
      <symbol id="sm-a84">
         <name>__aeabi_idivmod</name>
         <value>0x29e1</value>
         <object_component_ref idref="oc-681"/>
      </symbol>
      <symbol id="sm-a85">
         <name>__aeabi_idiv</name>
         <value>0x29e1</value>
         <object_component_ref idref="oc-681"/>
      </symbol>
      <symbol id="sm-a94">
         <name>__aeabi_uidivmod</name>
         <value>0x329d</value>
         <object_component_ref idref="oc-5cc"/>
      </symbol>
      <symbol id="sm-a95">
         <name>__aeabi_uidiv</name>
         <value>0x329d</value>
         <object_component_ref idref="oc-5cc"/>
      </symbol>
      <symbol id="sm-aac">
         <name>__TI_zero_init</name>
         <value>0x3d2d</value>
         <object_component_ref idref="oc-6a"/>
      </symbol>
      <symbol id="sm-ac3">
         <name>__TI_decompress_none</name>
         <value>0x3cf9</value>
         <object_component_ref idref="oc-1b"/>
      </symbol>
      <symbol id="sm-ae6">
         <name>__TI_decompress_lzss</name>
         <value>0x2721</value>
         <object_component_ref idref="oc-15"/>
      </symbol>
      <symbol id="sm-afc">
         <name>rand</name>
         <value>0x3611</value>
         <object_component_ref idref="oc-676"/>
      </symbol>
      <symbol id="sm-b0f">
         <name>__stack</name>
         <value>0x20005840</value>
         <object_component_ref idref="oc-24"/>
      </symbol>
      <symbol id="sm-b10">
         <name>_c_int00_noargs</name>
         <value>0x35dd</value>
         <object_component_ref idref="oc-76"/>
      </symbol>
      <symbol id="sm-b1a">
         <name>__aeabi_idiv0</name>
         <value>0x2a3f</value>
         <object_component_ref idref="oc-70a"/>
      </symbol>
      <symbol id="sm-b1b">
         <name>__aeabi_ldiv0</name>
         <value>0x2a3f</value>
         <object_component_ref idref="oc-70a"/>
      </symbol>
      <symbol id="sm-b43">
         <name>__TI_auto_init_nobinit_nopinit</name>
         <value>0x3149</value>
         <object_component_ref idref="oc-1fc"/>
      </symbol>
      <symbol id="sm-b4d">
         <name>_system_pre_init</name>
         <value>0x3dd9</value>
         <object_component_ref idref="oc-c9"/>
      </symbol>
      <symbol id="sm-b59">
         <name>C$$EXIT</name>
         <value>0x3ddd</value>
         <object_component_ref idref="oc-1f0"/>
      </symbol>
      <symbol id="sm-b5a">
         <name>abort</name>
         <value>0x3ddd</value>
         <object_component_ref idref="oc-1f0"/>
      </symbol>
      <symbol id="sm-b6f">
         <name>_nop</name>
         <value>0x291f</value>
         <object_component_ref idref="oc-68e"/>
      </symbol>
      <symbol id="sm-b70">
         <name>_lock</name>
         <value>0x20005a8c</value>
         <object_component_ref idref="oc-49f"/>
      </symbol>
      <symbol id="sm-b71">
         <name>_unlock</name>
         <value>0x20005a90</value>
         <object_component_ref idref="oc-49f"/>
      </symbol>
      <symbol id="sm-bcf">
         <name>ADCProcessorTrigger</name>
         <value>0x3ae9</value>
         <object_component_ref idref="oc-432"/>
      </symbol>
      <symbol id="sm-bd0">
         <name>ADCSequenceEnable</name>
         <value>0x3cdd</value>
         <object_component_ref idref="oc-2fb"/>
      </symbol>
      <symbol id="sm-bd1">
         <name>ADCSequenceConfigure</name>
         <value>0x2eb1</value>
         <object_component_ref idref="oc-2ef"/>
      </symbol>
      <symbol id="sm-bd2">
         <name>ADCSequenceStepConfigure</name>
         <value>0x2229</value>
         <object_component_ref idref="oc-2f5"/>
      </symbol>
      <symbol id="sm-bd3">
         <name>ADCIntClear</name>
         <value>0x3d69</value>
         <object_component_ref idref="oc-42c"/>
      </symbol>
      <symbol id="sm-bd4">
         <name>ADCHardwareOversampleConfigure</name>
         <value>0x3cc1</value>
         <object_component_ref idref="oc-2e3"/>
      </symbol>
      <symbol id="sm-bd5">
         <name>ADCIntStatus</name>
         <value>0x3705</value>
         <object_component_ref idref="oc-438"/>
      </symbol>
      <symbol id="sm-bd6">
         <name>ADCSequenceDisable</name>
         <value>0x3ccf</value>
         <object_component_ref idref="oc-2e9"/>
      </symbol>
      <symbol id="sm-bd7">
         <name>ADCSequenceDataGet</name>
         <value>0x3a25</value>
         <object_component_ref idref="oc-43e"/>
      </symbol>
      <symbol id="sm-c80">
         <name>GPIOIntRegister</name>
         <value>0x3b01</value>
         <object_component_ref idref="oc-29d"/>
      </symbol>
      <symbol id="sm-c81">
         <name>GPIOPinConfigure</name>
         <value>0x3031</value>
         <object_component_ref idref="oc-2b8"/>
      </symbol>
      <symbol id="sm-c82">
         <name>GPIOIntEnable</name>
         <value>0x3d13</value>
         <object_component_ref idref="oc-297"/>
      </symbol>
      <symbol id="sm-c83">
         <name>GPIOIntTypeSet</name>
         <value>0x2cb1</value>
         <object_component_ref idref="oc-291"/>
      </symbol>
      <symbol id="sm-c84">
         <name>GPIOPinTypeADC</name>
         <value>0x3c15</value>
         <object_component_ref idref="oc-2dd"/>
      </symbol>
      <symbol id="sm-c85">
         <name>GPIOPinTypeGPIOInput</name>
         <value>0x3c27</value>
         <object_component_ref idref="oc-284"/>
      </symbol>
      <symbol id="sm-c86">
         <name>GPIOIntClear</name>
         <value>0x3da3</value>
         <object_component_ref idref="oc-4e9"/>
      </symbol>
      <symbol id="sm-c87">
         <name>GPIOPinTypeUART</name>
         <value>0x3c4b</value>
         <object_component_ref idref="oc-2be"/>
      </symbol>
      <symbol id="sm-c88">
         <name>GPIOIntStatus</name>
         <value>0x3ceb</value>
         <object_component_ref idref="oc-4e3"/>
      </symbol>
      <symbol id="sm-c89">
         <name>GPIOPinTypeGPIOOutput</name>
         <value>0x3b19</value>
         <object_component_ref idref="oc-27e"/>
      </symbol>
      <symbol id="sm-c8a">
         <name>GPIOPinRead</name>
         <value>0x3da9</value>
         <object_component_ref idref="oc-4ef"/>
      </symbol>
      <symbol id="sm-c8b">
         <name>GPIODirModeSet</name>
         <value>0x37b9</value>
         <object_component_ref idref="oc-4c5"/>
      </symbol>
      <symbol id="sm-c8c">
         <name>GPIOPinWrite</name>
         <value>0x3daf</value>
         <object_component_ref idref="oc-32c"/>
      </symbol>
      <symbol id="sm-c8d">
         <name>GPIOPadConfigSet</name>
         <value>0xd65</value>
         <object_component_ref idref="oc-28a"/>
      </symbol>
      <symbol id="sm-c8e">
         <name>GPIOPinTypeSSI</name>
         <value>0x3c39</value>
         <object_component_ref idref="oc-308"/>
      </symbol>
      <symbol id="sm-cd0">
         <name>IntEnable</name>
         <value>0x26b9</value>
         <object_component_ref idref="oc-2a3"/>
      </symbol>
      <symbol id="sm-cd1">
         <name>IntRegister</name>
         <value>0x3575</value>
         <object_component_ref idref="oc-4d7"/>
      </symbol>
      <symbol id="sm-cd2">
         <name>g_pfnRAMVectors</name>
         <value>0x20000000</value>
         <object_component_ref idref="oc-6b7"/>
      </symbol>
      <symbol id="sm-cd3">
         <name>IntMasterEnable</name>
         <value>0x3c81</value>
         <object_component_ref idref="oc-18e"/>
      </symbol>
      <symbol id="sm-d13">
         <name>SSIDataPut</name>
         <value>0x3d73</value>
         <object_component_ref idref="oc-533"/>
      </symbol>
      <symbol id="sm-d14">
         <name>SSIDataGetNonBlocking</name>
         <value>0x3c5d</value>
         <object_component_ref idref="oc-326"/>
      </symbol>
      <symbol id="sm-d15">
         <name>SSIConfigSetExpClk</name>
         <value>0x3415</value>
         <object_component_ref idref="oc-31a"/>
      </symbol>
      <symbol id="sm-d16">
         <name>SSIEnable</name>
         <value>0x3d87</value>
         <object_component_ref idref="oc-320"/>
      </symbol>
      <symbol id="sm-d17">
         <name>SSIClockSourceSet</name>
         <value>0x3dbb</value>
         <object_component_ref idref="oc-30e"/>
      </symbol>
      <symbol id="sm-d18">
         <name>SSIBusy</name>
         <value>0x3d9b</value>
         <object_component_ref idref="oc-52d"/>
      </symbol>
      <symbol id="sm-d19">
         <name>SSIDisable</name>
         <value>0x3d7d</value>
         <object_component_ref idref="oc-302"/>
      </symbol>
      <symbol id="sm-d6b">
         <name>SysCtlClockSet</name>
         <value>0x13cd</value>
         <object_component_ref idref="oc-12e"/>
      </symbol>
      <symbol id="sm-d6c">
         <name>SysCtlDelay</name>
         <value>0x3dc1</value>
         <object_component_ref idref="oc-270"/>
      </symbol>
      <symbol id="sm-d6d">
         <name>SysCtlPeripheralEnable</name>
         <value>0x35a9</value>
         <object_component_ref idref="oc-278"/>
      </symbol>
      <symbol id="sm-d6e">
         <name>SysCtlClockGet</name>
         <value>0xfb1</value>
         <object_component_ref idref="oc-314"/>
      </symbol>
      <symbol id="sm-d8c">
         <name>UARTClockSourceSet</name>
         <value>0x3dc7</value>
         <object_component_ref idref="oc-2c4"/>
      </symbol>
      <symbol id="sm-d8d">
         <name>UARTFIFOEnable</name>
         <value>0x3d91</value>
         <object_component_ref idref="oc-2d6"/>
      </symbol>
      <symbol id="sm-d8e">
         <name>UARTFIFOLevelSet</name>
         <value>0x3dcd</value>
         <object_component_ref idref="oc-2d0"/>
      </symbol>
      <symbol id="sm-d98">
         <name>CPUcpsie</name>
         <value>0x3d07</value>
         <object_component_ref idref="oc-3cb"/>
      </symbol>
      <symbol id="sm-d99">
         <name>__TI_static_base__</name>
         <value>0x0</value>
      </symbol>
      <symbol id="sm-d9c">
         <name>__mpu_init</name>
         <value>0x0</value>
      </symbol>
      <symbol id="sm-d9d">
         <name>_system_post_cinit</name>
         <value>0x0</value>
      </symbol>
   </symbol_table>
   <title>Link successful</title>
</link_info>
