<?xml version="1.0" encoding="ISO-8859-1" ?>
<link_info>
   <banner>TI ARM Linker Unix v20.2.2.LTS</banner>
   <copyright>Copyright (c) 1996-2018 Texas Instruments Incorporated</copyright>
   <link_time>0x628a6b17</link_time>
   <link_errors>0x0</link_errors>
   <output_file>lab1.out</output_file>
   <entry_point>
      <name>_c_int00_noargs</name>
      <address>0x31d1</address>
   </entry_point>
   <input_file_list>
      <input_file id="fl-2">
         <path>./</path>
         <kind>object</kind>
         <file>Images.obj</file>
         <name>Images.obj</name>
      </input_file>
      <input_file id="fl-3">
         <path>./</path>
         <kind>object</kind>
         <file>Task1.obj</file>
         <name>Task1.obj</name>
      </input_file>
      <input_file id="fl-4">
         <path>./</path>
         <kind>object</kind>
         <file>Task2.obj</file>
         <name>Task2.obj</name>
      </input_file>
      <input_file id="fl-5">
         <path>./</path>
         <kind>object</kind>
         <file>Task3.obj</file>
         <name>Task3.obj</name>
      </input_file>
      <input_file id="fl-6">
         <path>./</path>
         <kind>object</kind>
         <file>Task4.obj</file>
         <name>Task4.obj</name>
      </input_file>
      <input_file id="fl-7">
         <path>./</path>
         <kind>object</kind>
         <file>TaskTimer.obj</file>
         <name>TaskTimer.obj</name>
      </input_file>
      <input_file id="fl-8">
         <path>./</path>
         <kind>object</kind>
         <file>freertos_demo.obj</file>
         <name>freertos_demo.obj</name>
      </input_file>
      <input_file id="fl-9">
         <path>./</path>
         <kind>object</kind>
         <file>sprite.obj</file>
         <name>sprite.obj</name>
      </input_file>
      <input_file id="fl-a">
         <path>./</path>
         <kind>object</kind>
         <file>startup_ccs.obj</file>
         <name>startup_ccs.obj</name>
      </input_file>
      <input_file id="fl-b">
         <path>./Config_Register/</path>
         <kind>object</kind>
         <file>Config_Register.obj</file>
         <name>Config_Register.obj</name>
      </input_file>
      <input_file id="fl-c">
         <path>./FSM/</path>
         <kind>object</kind>
         <file>FSM.obj</file>
         <name>FSM.obj</name>
      </input_file>
      <input_file id="fl-d">
         <path>./LAB/1_TASK/</path>
         <kind>object</kind>
         <file>lab1.obj</file>
         <name>lab1.obj</name>
      </input_file>
      <input_file id="fl-e">
         <path>./LAB/1_TASK/</path>
         <kind>object</kind>
         <file>lab2.obj</file>
         <name>lab2.obj</name>
      </input_file>
      <input_file id="fl-f">
         <path>./LAB/1_TASK/</path>
         <kind>object</kind>
         <file>lab3.obj</file>
         <name>lab3.obj</name>
      </input_file>
      <input_file id="fl-10">
         <path>./LAB/2_QUEUE/</path>
         <kind>object</kind>
         <file>lab1.obj</file>
         <name>lab1.obj</name>
      </input_file>
      <input_file id="fl-11">
         <path>./LAB/2_QUEUE/</path>
         <kind>object</kind>
         <file>lab2.obj</file>
         <name>lab2.obj</name>
      </input_file>
      <input_file id="fl-12">
         <path>./LAB/2_QUEUE/</path>
         <kind>object</kind>
         <file>lab3.obj</file>
         <name>lab3.obj</name>
      </input_file>
      <input_file id="fl-13">
         <path>./LAB/3_Interrupt/</path>
         <kind>object</kind>
         <file>lab1.obj</file>
         <name>lab1.obj</name>
      </input_file>
      <input_file id="fl-14">
         <path>./LAB/3_Interrupt/</path>
         <kind>object</kind>
         <file>lab2.obj</file>
         <name>lab2.obj</name>
      </input_file>
      <input_file id="fl-15">
         <path>./LAB/3_Interrupt/</path>
         <kind>object</kind>
         <file>lab3.obj</file>
         <name>lab3.obj</name>
      </input_file>
      <input_file id="fl-16">
         <path>./Nokia5110/</path>
         <kind>object</kind>
         <file>SPI.obj</file>
         <name>SPI.obj</name>
      </input_file>
      <input_file id="fl-17">
         <path>./third_party/FreeRTOS/Source/</path>
         <kind>object</kind>
         <file>list.obj</file>
         <name>list.obj</name>
      </input_file>
      <input_file id="fl-18">
         <path>./third_party/FreeRTOS/Source/</path>
         <kind>object</kind>
         <file>queue.obj</file>
         <name>queue.obj</name>
      </input_file>
      <input_file id="fl-19">
         <path>./third_party/FreeRTOS/Source/</path>
         <kind>object</kind>
         <file>tasks.obj</file>
         <name>tasks.obj</name>
      </input_file>
      <input_file id="fl-1a">
         <path>./third_party/FreeRTOS/Source/</path>
         <kind>object</kind>
         <file>timers.obj</file>
         <name>timers.obj</name>
      </input_file>
      <input_file id="fl-1b">
         <path>./third_party/FreeRTOS/Source/portable/CCS/ARM_CM4F/</path>
         <kind>object</kind>
         <file>port.obj</file>
         <name>port.obj</name>
      </input_file>
      <input_file id="fl-1c">
         <path>./third_party/FreeRTOS/Source/portable/CCS/ARM_CM4F/</path>
         <kind>object</kind>
         <file>portasm.obj</file>
         <name>portasm.obj</name>
      </input_file>
      <input_file id="fl-1d">
         <path>./third_party/FreeRTOS/Source/portable/MemMang/</path>
         <kind>object</kind>
         <file>heap_2.obj</file>
         <name>heap_2.obj</name>
      </input_file>
      <input_file id="fl-1e">
         <path>./utils/</path>
         <kind>object</kind>
         <file>uartstdio.obj</file>
         <name>uartstdio.obj</name>
      </input_file>
      <input_file id="fl-1f">
         <path>./utils/</path>
         <kind>object</kind>
         <file>ustdlib.obj</file>
         <name>ustdlib.obj</name>
      </input_file>
      <input_file id="fl-24">
         <kind>object</kind>
         <file>&lt;internal&gt;</file>
         <name>&lt;internal&gt;</name>
      </input_file>
      <input_file id="fl-da">
         <path>/home/nghia/ti/ccs1020/ccs/tools/compiler/ti-cgt-arm_20.2.2.LTS/lib/</path>
         <kind>archive</kind>
         <file>rtsv7M4_T_le_v4SPD16_eabi.lib</file>
         <name>memcpy_t2.asm.obj</name>
      </input_file>
      <input_file id="fl-db">
         <path>/home/nghia/ti/ccs1020/ccs/tools/compiler/ti-cgt-arm_20.2.2.LTS/lib/</path>
         <kind>archive</kind>
         <file>rtsv7M4_T_le_v4SPD16_eabi.lib</file>
         <name>memset_t2.asm.obj</name>
      </input_file>
      <input_file id="fl-dc">
         <path>/home/nghia/ti/ccs1020/ccs/tools/compiler/ti-cgt-arm_20.2.2.LTS/lib/</path>
         <kind>archive</kind>
         <file>rtsv7M4_T_le_v4SPD16_eabi.lib</file>
         <name>u_divt2.asm.obj</name>
      </input_file>
      <input_file id="fl-dd">
         <path>/home/nghia/ti/ccs1020/ccs/tools/compiler/ti-cgt-arm_20.2.2.LTS/lib/</path>
         <kind>archive</kind>
         <file>rtsv7M4_T_le_v4SPD16_eabi.lib</file>
         <name>copy_zero_init.c.obj</name>
      </input_file>
      <input_file id="fl-de">
         <path>/home/nghia/ti/ccs1020/ccs/tools/compiler/ti-cgt-arm_20.2.2.LTS/lib/</path>
         <kind>archive</kind>
         <file>rtsv7M4_T_le_v4SPD16_eabi.lib</file>
         <name>copy_decompress_none.c.obj</name>
      </input_file>
      <input_file id="fl-df">
         <path>/home/nghia/ti/ccs1020/ccs/tools/compiler/ti-cgt-arm_20.2.2.LTS/lib/</path>
         <kind>archive</kind>
         <file>rtsv7M4_T_le_v4SPD16_eabi.lib</file>
         <name>copy_decompress_lzss.c.obj</name>
      </input_file>
      <input_file id="fl-e0">
         <path>/home/nghia/ti/ccs1020/ccs/tools/compiler/ti-cgt-arm_20.2.2.LTS/lib/</path>
         <kind>archive</kind>
         <file>rtsv7M4_T_le_v4SPD16_eabi.lib</file>
         <name>rand.c.obj</name>
      </input_file>
      <input_file id="fl-e1">
         <path>/home/nghia/ti/ccs1020/ccs/tools/compiler/ti-cgt-arm_20.2.2.LTS/lib/</path>
         <kind>archive</kind>
         <file>rtsv7M4_T_le_v4SPD16_eabi.lib</file>
         <name>boot_cortex_m.c.obj</name>
      </input_file>
      <input_file id="fl-e2">
         <path>/home/nghia/ti/ccs1020/ccs/tools/compiler/ti-cgt-arm_20.2.2.LTS/lib/</path>
         <kind>archive</kind>
         <file>rtsv7M4_T_le_v4SPD16_eabi.lib</file>
         <name>div0.asm.obj</name>
      </input_file>
      <input_file id="fl-e3">
         <path>/home/nghia/ti/ccs1020/ccs/tools/compiler/ti-cgt-arm_20.2.2.LTS/lib/</path>
         <kind>archive</kind>
         <file>rtsv7M4_T_le_v4SPD16_eabi.lib</file>
         <name>autoinit.c.obj</name>
      </input_file>
      <input_file id="fl-e4">
         <path>/home/nghia/ti/ccs1020/ccs/tools/compiler/ti-cgt-arm_20.2.2.LTS/lib/</path>
         <kind>archive</kind>
         <file>rtsv7M4_T_le_v4SPD16_eabi.lib</file>
         <name>pre_init.c.obj</name>
      </input_file>
      <input_file id="fl-e5">
         <path>/home/nghia/ti/ccs1020/ccs/tools/compiler/ti-cgt-arm_20.2.2.LTS/lib/</path>
         <kind>archive</kind>
         <file>rtsv7M4_T_le_v4SPD16_eabi.lib</file>
         <name>cpy_tbl.c.obj</name>
      </input_file>
      <input_file id="fl-e6">
         <path>/home/nghia/ti/ccs1020/ccs/tools/compiler/ti-cgt-arm_20.2.2.LTS/lib/</path>
         <kind>archive</kind>
         <file>rtsv7M4_T_le_v4SPD16_eabi.lib</file>
         <name>exit.c.obj</name>
      </input_file>
      <input_file id="fl-e7">
         <path>/home/nghia/ti/ccs1020/ccs/tools/compiler/ti-cgt-arm_20.2.2.LTS/lib/</path>
         <kind>archive</kind>
         <file>rtsv7M4_T_le_v4SPD16_eabi.lib</file>
         <name>_lock.c.obj</name>
      </input_file>
      <input_file id="fl-e8">
         <path>/home/nghia/ti/ccs1020/ccs/tools/compiler/ti-cgt-arm_20.2.2.LTS/lib/</path>
         <kind>archive</kind>
         <file>rtsv7M4_T_le_v4SPD16_eabi.lib</file>
         <name>args_main.c.obj</name>
      </input_file>
      <input_file id="fl-e9">
         <path>/home/nghia/ti/SW-TM4C-2.1.4.178/driverlib/ccs/Debug/</path>
         <kind>archive</kind>
         <file>driverlib.lib</file>
         <name>adc.obj</name>
      </input_file>
      <input_file id="fl-ea">
         <path>/home/nghia/ti/SW-TM4C-2.1.4.178/driverlib/ccs/Debug/</path>
         <kind>archive</kind>
         <file>driverlib.lib</file>
         <name>gpio.obj</name>
      </input_file>
      <input_file id="fl-eb">
         <path>/home/nghia/ti/SW-TM4C-2.1.4.178/driverlib/ccs/Debug/</path>
         <kind>archive</kind>
         <file>driverlib.lib</file>
         <name>interrupt.obj</name>
      </input_file>
      <input_file id="fl-ec">
         <path>/home/nghia/ti/SW-TM4C-2.1.4.178/driverlib/ccs/Debug/</path>
         <kind>archive</kind>
         <file>driverlib.lib</file>
         <name>ssi.obj</name>
      </input_file>
      <input_file id="fl-ed">
         <path>/home/nghia/ti/SW-TM4C-2.1.4.178/driverlib/ccs/Debug/</path>
         <kind>archive</kind>
         <file>driverlib.lib</file>
         <name>sysctl.obj</name>
      </input_file>
      <input_file id="fl-ee">
         <path>/home/nghia/ti/SW-TM4C-2.1.4.178/driverlib/ccs/Debug/</path>
         <kind>archive</kind>
         <file>driverlib.lib</file>
         <name>timer.obj</name>
      </input_file>
      <input_file id="fl-ef">
         <path>/home/nghia/ti/SW-TM4C-2.1.4.178/driverlib/ccs/Debug/</path>
         <kind>archive</kind>
         <file>driverlib.lib</file>
         <name>uart.obj</name>
      </input_file>
      <input_file id="fl-f0">
         <path>/home/nghia/ti/SW-TM4C-2.1.4.178/driverlib/ccs/Debug/</path>
         <kind>archive</kind>
         <file>driverlib.lib</file>
         <name>cpu.obj</name>
      </input_file>
   </input_file_list>
   <object_component_list>
      <object_component id="oc-12">
         <name>.intvecs</name>
         <load_address>0x0</load_address>
         <run_address>0x0</run_address>
         <size>0x26c</size>
         <input_file_ref idref="fl-a"/>
      </object_component>
      <object_component id="oc-4bf">
         <name>.text:UARTvprintf</name>
         <load_address>0x26c</load_address>
         <run_address>0x26c</run_address>
         <size>0x22e</size>
         <input_file_ref idref="fl-1e"/>
      </object_component>
      <object_component id="oc-33">
         <name>.text:FaultISR</name>
         <load_address>0x49a</load_address>
         <run_address>0x49a</run_address>
         <size>0x2</size>
         <input_file_ref idref="fl-a"/>
      </object_component>
      <object_component id="oc-cf">
         <name>.text:main</name>
         <load_address>0x49c</load_address>
         <run_address>0x49c</run_address>
         <size>0x1cc</size>
         <input_file_ref idref="fl-8"/>
      </object_component>
      <object_component id="oc-41e">
         <name>.text:StateMachineUpdate</name>
         <load_address>0x668</load_address>
         <run_address>0x668</run_address>
         <size>0x19c</size>
         <input_file_ref idref="fl-c"/>
      </object_component>
      <object_component id="oc-608">
         <name>.text:GameOver</name>
         <load_address>0x804</load_address>
         <run_address>0x804</run_address>
         <size>0x18c</size>
         <input_file_ref idref="fl-9"/>
      </object_component>
      <object_component id="oc-632">
         <name>.text:Player_Point</name>
         <load_address>0x990</load_address>
         <run_address>0x990</run_address>
         <size>0x138</size>
         <input_file_ref idref="fl-9"/>
      </object_component>
      <object_component id="oc-266">
         <name>.text:GPIOPadConfigSet</name>
         <load_address>0xac8</load_address>
         <run_address>0xac8</run_address>
         <size>0x132</size>
         <input_file_ref idref="fl-ea"/>
      </object_component>
      <object_component id="oc-39">
         <name>.text:IntDefaultHandler</name>
         <load_address>0xbfa</load_address>
         <run_address>0xbfa</run_address>
         <size>0x2</size>
         <input_file_ref idref="fl-a"/>
      </object_component>
      <object_component id="oc-400">
         <name>.text:xQueueGenericReceive</name>
         <load_address>0xbfc</load_address>
         <run_address>0xbfc</run_address>
         <size>0x118</size>
         <input_file_ref idref="fl-18"/>
      </object_component>
      <object_component id="oc-2cb">
         <name>.text:SysCtlClockGet</name>
         <load_address>0xd14</load_address>
         <run_address>0xd14</run_address>
         <size>0x110</size>
         <input_file_ref idref="fl-ed"/>
      </object_component>
      <object_component id="oc-9b">
         <name>.text:xTaskIncrementTick</name>
         <load_address>0xe24</load_address>
         <run_address>0xe24</run_address>
         <size>0x10c</size>
         <input_file_ref idref="fl-19"/>
      </object_component>
      <object_component id="oc-158">
         <name>.text:Nokia5110_Init</name>
         <load_address>0xf30</load_address>
         <run_address>0xf30</run_address>
         <size>0x100</size>
         <input_file_ref idref="fl-16"/>
      </object_component>
      <object_component id="oc-170">
         <name>.text:xTaskGenericCreate</name>
         <load_address>0x1030</load_address>
         <run_address>0x1030</run_address>
         <size>0x100</size>
         <input_file_ref idref="fl-19"/>
      </object_component>
      <object_component id="oc-12e">
         <name>.text:SysCtlClockSet</name>
         <load_address>0x1130</load_address>
         <run_address>0x1130</run_address>
         <size>0xf4</size>
         <input_file_ref idref="fl-ed"/>
      </object_component>
      <object_component id="oc-70d">
         <name>.text:Nokia5110_PrintBMP</name>
         <load_address>0x1224</load_address>
         <run_address>0x1224</run_address>
         <size>0xf0</size>
         <input_file_ref idref="fl-16"/>
      </object_component>
      <object_component id="oc-17c">
         <name>.text:xQueueGenericSend</name>
         <load_address>0x1314</load_address>
         <run_address>0x1314</run_address>
         <size>0xe8</size>
         <input_file_ref idref="fl-18"/>
      </object_component>
      <object_component id="oc-3a3">
         <name>.text:xTaskResumeAll</name>
         <load_address>0x13fc</load_address>
         <run_address>0x13fc</run_address>
         <size>0xe4</size>
         <input_file_ref idref="fl-19"/>
      </object_component>
      <object_component id="oc-152">
         <name>.text:ADC_Timer_Init</name>
         <load_address>0x14e0</load_address>
         <run_address>0x14e0</run_address>
         <size>0xd4</size>
         <input_file_ref idref="fl-b"/>
      </object_component>
      <object_component id="oc-3f">
         <name>.text</name>
         <load_address>0x15b4</load_address>
         <run_address>0x15b4</run_address>
         <size>0xd2</size>
         <input_file_ref idref="fl-1c"/>
      </object_component>
      <object_component id="oc-2d">
         <name>.text:NmiSR</name>
         <load_address>0x1686</load_address>
         <run_address>0x1686</run_address>
         <size>0x2</size>
         <input_file_ref idref="fl-a"/>
      </object_component>
      <object_component id="oc-1ba">
         <name>.text:vTask4</name>
         <load_address>0x1688</load_address>
         <run_address>0x1688</run_address>
         <size>0xc0</size>
         <input_file_ref idref="fl-6"/>
      </object_component>
      <object_component id="oc-2a6">
         <name>.text:UARTStdioConfig</name>
         <load_address>0x1748</load_address>
         <run_address>0x1748</run_address>
         <size>0xac</size>
         <input_file_ref idref="fl-1e"/>
      </object_component>
      <object_component id="oc-37c">
         <name>.text:pvPortMalloc</name>
         <load_address>0x17f4</load_address>
         <run_address>0x17f4</run_address>
         <size>0xac</size>
         <input_file_ref idref="fl-1d"/>
      </object_component>
      <object_component id="oc-6ea">
         <name>.text:prvProcessReceivedCommands</name>
         <load_address>0x18a0</load_address>
         <run_address>0x18a0</run_address>
         <size>0xa4</size>
         <input_file_ref idref="fl-1a"/>
      </object_component>
      <object_component id="oc-692">
         <name>.text:UARTwrite</name>
         <load_address>0x1944</load_address>
         <run_address>0x1944</run_address>
         <size>0x9c</size>
         <input_file_ref idref="fl-1e"/>
      </object_component>
      <object_component id="oc-58">
         <name>.text</name>
         <load_address>0x19e0</load_address>
         <run_address>0x19e0</run_address>
         <size>0x9c</size>
         <input_file_ref idref="fl-da"/>
      </object_component>
      <object_component id="oc-28d">
         <name>.text:PortAIntHandler</name>
         <load_address>0x1a7c</load_address>
         <run_address>0x1a7c</run_address>
         <size>0x94</size>
         <input_file_ref idref="fl-6"/>
      </object_component>
      <object_component id="oc-350">
         <name>.text:Nokia5110_OutChar</name>
         <load_address>0x1b10</load_address>
         <run_address>0x1b10</run_address>
         <size>0x90</size>
         <input_file_ref idref="fl-16"/>
      </object_component>
      <object_component id="oc-5b4">
         <name>.text:vTaskPriorityInherit</name>
         <load_address>0x1ba0</load_address>
         <run_address>0x1ba0</run_address>
         <size>0x90</size>
         <input_file_ref idref="fl-19"/>
      </object_component>
      <object_component id="oc-94">
         <name>.text:vTaskSwitchContext</name>
         <load_address>0x1c30</load_address>
         <run_address>0x1c30</run_address>
         <size>0x8c</size>
         <input_file_ref idref="fl-19"/>
      </object_component>
      <object_component id="oc-424">
         <name>.text:vTaskDelayUntil</name>
         <load_address>0x1cbc</load_address>
         <run_address>0x1cbc</run_address>
         <size>0x84</size>
         <input_file_ref idref="fl-19"/>
      </object_component>
      <object_component id="oc-382">
         <name>.text:xQueueGenericReset</name>
         <load_address>0x1d40</load_address>
         <run_address>0x1d40</run_address>
         <size>0x84</size>
         <input_file_ref idref="fl-18"/>
      </object_component>
      <object_component id="oc-2ef">
         <name>.text:ADCSequenceStepConfigure</name>
         <load_address>0x1dc4</load_address>
         <run_address>0x1dc4</run_address>
         <size>0x7a</size>
         <input_file_ref idref="fl-e9"/>
      </object_component>
      <object_component id="oc-c3">
         <name>.text</name>
         <load_address>0x1e3e</load_address>
         <run_address>0x1e3e</run_address>
         <size>0x7a</size>
         <input_file_ref idref="fl-db"/>
      </object_component>
      <object_component id="oc-5e6">
         <name>.text:Enemy_Draw</name>
         <load_address>0x1eb8</load_address>
         <run_address>0x1eb8</run_address>
         <size>0x78</size>
         <input_file_ref idref="fl-9"/>
      </object_component>
      <object_component id="oc-14c">
         <name>.text:Uart_Init</name>
         <load_address>0x1f30</load_address>
         <run_address>0x1f30</run_address>
         <size>0x78</size>
         <input_file_ref idref="fl-b"/>
      </object_component>
      <object_component id="oc-56b">
         <name>.text:xTaskPriorityDisinherit</name>
         <load_address>0x1fa8</load_address>
         <run_address>0x1fa8</run_address>
         <size>0x78</size>
         <input_file_ref idref="fl-19"/>
      </object_component>
      <object_component id="oc-1a5">
         <name>.text:vTask1</name>
         <load_address>0x2020</load_address>
         <run_address>0x2020</run_address>
         <size>0x74</size>
         <input_file_ref idref="fl-3"/>
      </object_component>
      <object_component id="oc-3bb">
         <name>.text:xTaskRemoveFromEventList</name>
         <load_address>0x2094</load_address>
         <run_address>0x2094</run_address>
         <size>0x74</size>
         <input_file_ref idref="fl-19"/>
      </object_component>
      <object_component id="oc-3b5">
         <name>.text:prvCopyDataToQueue</name>
         <load_address>0x2108</load_address>
         <run_address>0x2108</run_address>
         <size>0x72</size>
         <input_file_ref idref="fl-18"/>
      </object_component>
      <object_component id="oc-4a9">
         <name>.text:__error__</name>
         <load_address>0x217a</load_address>
         <run_address>0x217a</run_address>
         <size>0x2</size>
         <input_file_ref idref="fl-8"/>
      </object_component>
      <object_component id="oc-6e4">
         <name>.text:prvProcessTimerOrBlockTask</name>
         <load_address>0x217c</load_address>
         <run_address>0x217c</run_address>
         <size>0x70</size>
         <input_file_ref idref="fl-1a"/>
      </object_component>
      <object_component id="oc-1ac">
         <name>.text:vTask2</name>
         <load_address>0x21ec</load_address>
         <run_address>0x21ec</run_address>
         <size>0x70</size>
         <input_file_ref idref="fl-4"/>
      </object_component>
      <object_component id="oc-27f">
         <name>.text:IntEnable</name>
         <load_address>0x225c</load_address>
         <run_address>0x225c</run_address>
         <size>0x68</size>
         <input_file_ref idref="fl-eb"/>
      </object_component>
      <object_component id="oc-15">
         <name>.text:decompress:lzss:__TI_decompress_lzss</name>
         <load_address>0x22c4</load_address>
         <run_address>0x22c4</run_address>
         <size>0x68</size>
         <input_file_ref idref="fl-df"/>
      </object_component>
      <object_component id="oc-7a1">
         <name>.text:vTaskPlaceOnEventListRestricted</name>
         <load_address>0x232c</load_address>
         <run_address>0x232c</run_address>
         <size>0x68</size>
         <input_file_ref idref="fl-19"/>
      </object_component>
      <object_component id="oc-18e">
         <name>.text:vTaskStartScheduler</name>
         <load_address>0x2394</load_address>
         <run_address>0x2394</run_address>
         <size>0x68</size>
         <input_file_ref idref="fl-19"/>
      </object_component>
      <object_component id="oc-285">
         <name>.text:PortFIntHandler</name>
         <load_address>0x23fc</load_address>
         <run_address>0x23fc</run_address>
         <size>0x64</size>
         <input_file_ref idref="fl-3"/>
      </object_component>
      <object_component id="oc-33e">
         <name>.text:lcdwrite</name>
         <load_address>0x2460</load_address>
         <run_address>0x2460</run_address>
         <size>0x64</size>
         <input_file_ref idref="fl-16"/>
      </object_component>
      <object_component id="oc-3af">
         <name>.text:vTaskPlaceOnEventList</name>
         <load_address>0x24c4</load_address>
         <run_address>0x24c4</run_address>
         <size>0x64</size>
         <input_file_ref idref="fl-19"/>
      </object_component>
      <object_component id="oc-39d">
         <name>.text:prvUnlockQueue</name>
         <load_address>0x2528</load_address>
         <run_address>0x2528</run_address>
         <size>0x62</size>
         <input_file_ref idref="fl-18"/>
      </object_component>
      <object_component id="oc-64e">
         <name>.text:_nop</name>
         <load_address>0x258a</load_address>
         <run_address>0x258a</run_address>
         <size>0x2</size>
         <input_file_ref idref="fl-e7"/>
      </object_component>
      <object_component id="oc-2c5">
         <name>.text:TimerConfigure</name>
         <load_address>0x258c</load_address>
         <run_address>0x258c</run_address>
         <size>0x60</size>
         <input_file_ref idref="fl-ee"/>
      </object_component>
      <object_component id="oc-36f">
         <name>.text:prvInitialiseTaskLists</name>
         <load_address>0x25ec</load_address>
         <run_address>0x25ec</run_address>
         <size>0x60</size>
         <input_file_ref idref="fl-19"/>
      </object_component>
      <object_component id="oc-79a">
         <name>.text:prvSwitchTimerLists</name>
         <load_address>0x264c</load_address>
         <run_address>0x264c</run_address>
         <size>0x60</size>
         <input_file_ref idref="fl-1a"/>
      </object_component>
      <object_component id="oc-3c2">
         <name>.text:prvCheckForValidListAndQueue</name>
         <load_address>0x26ac</load_address>
         <run_address>0x26ac</run_address>
         <size>0x5c</size>
         <input_file_ref idref="fl-1a"/>
      </object_component>
      <object_component id="oc-5cd">
         <name>.text:xQueueGenericSendFromISR</name>
         <load_address>0x2708</load_address>
         <run_address>0x2708</run_address>
         <size>0x5c</size>
         <input_file_ref idref="fl-18"/>
      </object_component>
      <object_component id="oc-614">
         <name>.text:Enemy_Move</name>
         <load_address>0x2764</load_address>
         <run_address>0x2764</run_address>
         <size>0x58</size>
         <input_file_ref idref="fl-9"/>
      </object_component>
      <object_component id="oc-2e3">
         <name>.text:TimerControlTrigger</name>
         <load_address>0x27bc</load_address>
         <run_address>0x27bc</run_address>
         <size>0x58</size>
         <input_file_ref idref="fl-ee"/>
      </object_component>
      <object_component id="oc-5a0">
         <name>.text:prvCheckTasksWaitingTermination</name>
         <load_address>0x2814</load_address>
         <run_address>0x2814</run_address>
         <size>0x58</size>
         <input_file_ref idref="fl-19"/>
      </object_component>
      <object_component id="oc-26d">
         <name>.text:GPIOIntTypeSet</name>
         <load_address>0x286c</load_address>
         <run_address>0x286c</run_address>
         <size>0x56</size>
         <input_file_ref idref="fl-ea"/>
      </object_component>
      <object_component id="oc-35d">
         <name>.text:prvInitialiseTCBVariables</name>
         <load_address>0x28c2</load_address>
         <run_address>0x28c2</run_address>
         <size>0x56</size>
         <input_file_ref idref="fl-19"/>
      </object_component>
      <object_component id="oc-49a">
         <name>.text:xQueueGiveFromISR</name>
         <load_address>0x2918</load_address>
         <run_address>0x2918</run_address>
         <size>0x56</size>
         <input_file_ref idref="fl-18"/>
      </object_component>
      <object_component id="oc-761">
         <name>.text</name>
         <load_address>0x296e</load_address>
         <run_address>0x296e</run_address>
         <size>0x2</size>
         <input_file_ref idref="fl-e2"/>
      </object_component>
      <object_component id="oc-60e">
         <name>.text:Missile_Move</name>
         <load_address>0x2970</load_address>
         <run_address>0x2970</run_address>
         <size>0x54</size>
         <input_file_ref idref="fl-9"/>
      </object_component>
      <object_component id="oc-397">
         <name>.text:xTaskCheckForTimeOut</name>
         <load_address>0x29c4</load_address>
         <run_address>0x29c4</run_address>
         <size>0x54</size>
         <input_file_ref idref="fl-19"/>
      </object_component>
      <object_component id="oc-2e9">
         <name>.text:ADCSequenceConfigure</name>
         <load_address>0x2a18</load_address>
         <run_address>0x2a18</run_address>
         <size>0x50</size>
         <input_file_ref idref="fl-e9"/>
      </object_component>
      <object_component id="oc-626">
         <name>.text:AutoFire</name>
         <load_address>0x2a68</load_address>
         <run_address>0x2a68</run_address>
         <size>0x50</size>
         <input_file_ref idref="fl-9"/>
      </object_component>
      <object_component id="oc-4dd">
         <name>.text:_ADCIntNumberGet</name>
         <load_address>0x2ab8</load_address>
         <run_address>0x2ab8</run_address>
         <size>0x50</size>
         <input_file_ref idref="fl-e9"/>
      </object_component>
      <object_component id="oc-134">
         <name>.text:PortF_Init</name>
         <load_address>0x2b08</load_address>
         <run_address>0x2b08</run_address>
         <size>0x4c</size>
         <input_file_ref idref="fl-b"/>
      </object_component>
      <object_component id="oc-564">
         <name>.text:prvAddCurrentTaskToDelayedList</name>
         <load_address>0x2b54</load_address>
         <run_address>0x2b54</run_address>
         <size>0x4c</size>
         <input_file_ref idref="fl-19"/>
      </object_component>
      <object_component id="oc-5e0">
         <name>.text:Enemy_Init</name>
         <load_address>0x2ba0</load_address>
         <run_address>0x2ba0</run_address>
         <size>0x48</size>
         <input_file_ref idref="fl-9"/>
      </object_component>
      <object_component id="oc-294">
         <name>.text:GPIOPinConfigure</name>
         <load_address>0x2be8</load_address>
         <run_address>0x2be8</run_address>
         <size>0x48</size>
         <input_file_ref idref="fl-ea"/>
      </object_component>
      <object_component id="oc-76c">
         <name>.text:prvProcessExpiredTimer</name>
         <load_address>0x2c30</load_address>
         <run_address>0x2c30</run_address>
         <size>0x48</size>
         <input_file_ref idref="fl-1a"/>
      </object_component>
      <object_component id="oc-1b3">
         <name>.text:vTask3</name>
         <load_address>0x2c78</load_address>
         <run_address>0x2c78</run_address>
         <size>0x48</size>
         <input_file_ref idref="fl-5"/>
      </object_component>
      <object_component id="oc-5f2">
         <name>.text:Bunker_Draw</name>
         <load_address>0x2cc0</load_address>
         <run_address>0x2cc0</run_address>
         <size>0x44</size>
         <input_file_ref idref="fl-9"/>
      </object_component>
      <object_component id="oc-476">
         <name>.text:_GPIOIntNumberGet</name>
         <load_address>0x2d04</load_address>
         <run_address>0x2d04</run_address>
         <size>0x44</size>
         <input_file_ref idref="fl-ea"/>
      </object_component>
      <object_component id="oc-1d8">
         <name>.text:__TI_auto_init_nobinit_nopinit:__TI_auto_init_nobinit_nopinit</name>
         <load_address>0x2d48</load_address>
         <run_address>0x2d48</run_address>
         <size>0x44</size>
         <input_file_ref idref="fl-e3"/>
      </object_component>
      <object_component id="oc-779">
         <name>.text:prvInsertTimerInActiveList</name>
         <load_address>0x2d8c</load_address>
         <run_address>0x2d8c</run_address>
         <size>0x44</size>
         <input_file_ref idref="fl-1a"/>
      </object_component>
      <object_component id="oc-50f">
         <name>.text:vPortFree</name>
         <load_address>0x2dd0</load_address>
         <run_address>0x2dd0</run_address>
         <size>0x44</size>
         <input_file_ref idref="fl-1d"/>
      </object_component>
      <object_component id="oc-406">
         <name>.text:xTimerGenericCommand</name>
         <load_address>0x2e14</load_address>
         <run_address>0x2e14</run_address>
         <size>0x44</size>
         <input_file_ref idref="fl-1a"/>
      </object_component>
      <object_component id="oc-698">
         <name>.text</name>
         <load_address>0x2e58</load_address>
         <run_address>0x2e58</run_address>
         <size>0x40</size>
         <input_file_ref idref="fl-dc"/>
      </object_component>
      <object_component id="oc-772">
         <name>.text:vQueueWaitForMessageRestricted</name>
         <load_address>0x2e98</load_address>
         <run_address>0x2e98</run_address>
         <size>0x40</size>
         <input_file_ref idref="fl-18"/>
      </object_component>
      <object_component id="oc-3dd">
         <name>.text:xPortStartScheduler</name>
         <load_address>0x2ed8</load_address>
         <run_address>0x2ed8</run_address>
         <size>0x40</size>
         <input_file_ref idref="fl-1b"/>
      </object_component>
      <object_component id="oc-3d7">
         <name>.text:xTimerCreateTimerTask</name>
         <load_address>0x2f18</load_address>
         <run_address>0x2f18</run_address>
         <size>0x40</size>
         <input_file_ref idref="fl-1a"/>
      </object_component>
      <object_component id="oc-30d">
         <name>.text:ADCSS3Handler</name>
         <load_address>0x2f58</load_address>
         <run_address>0x2f58</run_address>
         <size>0x3c</size>
         <input_file_ref idref="fl-4"/>
      </object_component>
      <object_component id="oc-42e">
         <name>.text:Missile_Init</name>
         <load_address>0x2f94</load_address>
         <run_address>0x2f94</run_address>
         <size>0x3c</size>
         <input_file_ref idref="fl-9"/>
      </object_component>
      <object_component id="oc-345">
         <name>.text:Nokia5110_SetCursor</name>
         <load_address>0x2fd0</load_address>
         <run_address>0x2fd0</run_address>
         <size>0x3c</size>
         <input_file_ref idref="fl-16"/>
      </object_component>
      <object_component id="oc-326">
         <name>.text:SSIConfigSetExpClk</name>
         <load_address>0x300c</load_address>
         <run_address>0x300c</run_address>
         <size>0x3c</size>
         <input_file_ref idref="fl-ec"/>
      </object_component>
      <object_component id="oc-176">
         <name>.text:xQueueGenericCreate</name>
         <load_address>0x3048</load_address>
         <run_address>0x3048</run_address>
         <size>0x3c</size>
         <input_file_ref idref="fl-18"/>
      </object_component>
      <object_component id="oc-357">
         <name>.text:prvAllocateTCBAndStack</name>
         <load_address>0x3084</load_address>
         <run_address>0x3084</run_address>
         <size>0x3a</size>
         <input_file_ref idref="fl-19"/>
      </object_component>
      <object_component id="oc-182">
         <name>.text:xTimerCreate</name>
         <load_address>0x30be</load_address>
         <run_address>0x30be</run_address>
         <size>0x3a</size>
         <input_file_ref idref="fl-1a"/>
      </object_component>
      <object_component id="oc-5d4">
         <name>.text:Player_Init</name>
         <load_address>0x30f8</load_address>
         <run_address>0x30f8</run_address>
         <size>0x38</size>
         <input_file_ref idref="fl-9"/>
      </object_component>
      <object_component id="oc-55e">
         <name>.text:vListInsert</name>
         <load_address>0x3130</load_address>
         <run_address>0x3130</run_address>
         <size>0x38</size>
         <input_file_ref idref="fl-17"/>
      </object_component>
      <object_component id="oc-47c">
         <name>.text:IntRegister</name>
         <load_address>0x3168</load_address>
         <run_address>0x3168</run_address>
         <size>0x34</size>
         <input_file_ref idref="fl-eb"/>
      </object_component>
      <object_component id="oc-254">
         <name>.text:SysCtlPeripheralEnable</name>
         <load_address>0x319c</load_address>
         <run_address>0x319c</run_address>
         <size>0x34</size>
         <input_file_ref idref="fl-ed"/>
      </object_component>
      <object_component id="oc-76">
         <name>.text:_c_int00_noargs:_c_int00_noargs</name>
         <load_address>0x31d0</load_address>
         <run_address>0x31d0</run_address>
         <size>0x34</size>
         <input_file_ref idref="fl-e1"/>
      </object_component>
      <object_component id="oc-737">
         <name>.text:rand</name>
         <load_address>0x3204</load_address>
         <run_address>0x3204</run_address>
         <size>0x34</size>
         <input_file_ref idref="fl-e0"/>
      </object_component>
      <object_component id="oc-146">
         <name>.text:Interrupt_GPIOA_Init</name>
         <load_address>0x3238</load_address>
         <run_address>0x3238</run_address>
         <size>0x30</size>
         <input_file_ref idref="fl-b"/>
      </object_component>
      <object_component id="oc-13a">
         <name>.text:Interrupt_GPIOF_Init</name>
         <load_address>0x3268</load_address>
         <run_address>0x3268</run_address>
         <size>0x30</size>
         <input_file_ref idref="fl-b"/>
      </object_component>
      <object_component id="oc-539">
         <name>.text:prvHeapInit</name>
         <load_address>0x3298</load_address>
         <run_address>0x3298</run_address>
         <size>0x30</size>
         <input_file_ref idref="fl-1d"/>
      </object_component>
      <object_component id="oc-40c">
         <name>.text:Level1</name>
         <load_address>0x32c8</load_address>
         <run_address>0x32c8</run_address>
         <size>0x2c</size>
         <input_file_ref idref="fl-3"/>
      </object_component>
      <object_component id="oc-61a">
         <name>.text:Player_Missile_Move</name>
         <load_address>0x32f4</load_address>
         <run_address>0x32f4</run_address>
         <size>0x2c</size>
         <input_file_ref idref="fl-9"/>
      </object_component>
      <object_component id="oc-1c5">
         <name>.text:prvOneShotTimerCallback</name>
         <load_address>0x3320</load_address>
         <run_address>0x3320</run_address>
         <size>0x2c</size>
         <input_file_ref idref="fl-7"/>
      </object_component>
      <object_component id="oc-44">
         <name>.text:xPortSysTickHandler</name>
         <load_address>0x334c</load_address>
         <run_address>0x334c</run_address>
         <size>0x2c</size>
         <input_file_ref idref="fl-1b"/>
      </object_component>
      <object_component id="oc-46a">
         <name>.text:GPIODirModeSet</name>
         <load_address>0x3378</load_address>
         <run_address>0x3378</run_address>
         <size>0x2a</size>
         <input_file_ref idref="fl-ea"/>
      </object_component>
      <object_component id="oc-ec">
         <name>.text:vApplicationStackOverflowHook</name>
         <load_address>0x33a2</load_address>
         <run_address>0x33a2</run_address>
         <size>0x2</size>
         <input_file_ref idref="fl-8"/>
      </object_component>
      <object_component id="oc-140">
         <name>.text:PortA_Init</name>
         <load_address>0x33a4</load_address>
         <run_address>0x33a4</run_address>
         <size>0x28</size>
         <input_file_ref idref="fl-b"/>
      </object_component>
      <object_component id="oc-f6">
         <name>.text:prvResetNextTaskUnblockTime</name>
         <load_address>0x33cc</load_address>
         <run_address>0x33cc</run_address>
         <size>0x28</size>
         <input_file_ref idref="fl-19"/>
      </object_component>
      <object_component id="oc-76a">
         <name>.text:prvSampleTimeNow</name>
         <load_address>0x33f4</load_address>
         <run_address>0x33f4</run_address>
         <size>0x28</size>
         <input_file_ref idref="fl-1a"/>
      </object_component>
      <object_component id="oc-363">
         <name>.text:pxPortInitialiseStack</name>
         <load_address>0x341c</load_address>
         <run_address>0x341c</run_address>
         <size>0x28</size>
         <input_file_ref idref="fl-1b"/>
      </object_component>
      <object_component id="oc-5ba">
         <name>.text:prvCopyDataFromQueue</name>
         <load_address>0x3444</load_address>
         <run_address>0x3444</run_address>
         <size>0x26</size>
         <input_file_ref idref="fl-18"/>
      </object_component>
      <object_component id="oc-108">
         <name>.text:vApplicationTickHook</name>
         <load_address>0x346a</load_address>
         <run_address>0x346a</run_address>
         <size>0x2</size>
         <input_file_ref idref="fl-8"/>
      </object_component>
      <object_component id="oc-5ec">
         <name>.text:Bunker_Init</name>
         <load_address>0x346c</load_address>
         <run_address>0x346c</run_address>
         <size>0x24</size>
         <input_file_ref idref="fl-9"/>
      </object_component>
      <object_component id="oc-62c">
         <name>.text:Missile_Draw</name>
         <load_address>0x3490</load_address>
         <run_address>0x3490</run_address>
         <size>0x24</size>
         <input_file_ref idref="fl-9"/>
      </object_component>
      <object_component id="oc-5f8">
         <name>.text:Player_Missile_Init</name>
         <load_address>0x34b4</load_address>
         <run_address>0x34b4</run_address>
         <size>0x24</size>
         <input_file_ref idref="fl-9"/>
      </object_component>
      <object_component id="oc-72b">
         <name>.text:Nokia5110_DrawFullImage</name>
         <load_address>0x34d8</load_address>
         <run_address>0x34d8</run_address>
         <size>0x20</size>
         <input_file_ref idref="fl-16"/>
      </object_component>
      <object_component id="oc-5da">
         <name>.text:Player_Draw</name>
         <load_address>0x34f8</load_address>
         <run_address>0x34f8</run_address>
         <size>0x20</size>
         <input_file_ref idref="fl-9"/>
      </object_component>
      <object_component id="oc-6de">
         <name>.text:prvGetNextExpireTime</name>
         <load_address>0x3518</load_address>
         <run_address>0x3518</run_address>
         <size>0x20</size>
         <input_file_ref idref="fl-1a"/>
      </object_component>
      <object_component id="oc-fc">
         <name>.text:uxListRemove</name>
         <load_address>0x3538</load_address>
         <run_address>0x3538</run_address>
         <size>0x20</size>
         <input_file_ref idref="fl-17"/>
      </object_component>
      <object_component id="oc-573">
         <name>.text:vQueueAddToRegistry</name>
         <load_address>0x3558</load_address>
         <run_address>0x3558</run_address>
         <size>0x20</size>
         <input_file_ref idref="fl-18"/>
      </object_component>
      <object_component id="oc-5c7">
         <name>.text:xTaskGetSchedulerState</name>
         <load_address>0x3578</load_address>
         <run_address>0x3578</run_address>
         <size>0x20</size>
         <input_file_ref idref="fl-19"/>
      </object_component>
      <object_component id="oc-416">
         <name>.text:ADCSequenceDataGet</name>
         <load_address>0x3598</load_address>
         <run_address>0x3598</run_address>
         <size>0x1e</size>
         <input_file_ref idref="fl-e9"/>
      </object_component>
      <object_component id="oc-15e">
         <name>.text:Nokia5110_Clear</name>
         <load_address>0x35b6</load_address>
         <run_address>0x35b6</run_address>
         <size>0x1c</size>
         <input_file_ref idref="fl-16"/>
      </object_component>
      <object_component id="oc-3a9">
         <name>.text:prvIsQueueFull</name>
         <load_address>0x35d2</load_address>
         <run_address>0x35d2</run_address>
         <size>0x1c</size>
         <input_file_ref idref="fl-18"/>
      </object_component>
      <object_component id="oc-369">
         <name>.text:vPortEnterCritical</name>
         <load_address>0x35f0</load_address>
         <run_address>0x35f0</run_address>
         <size>0x1c</size>
         <input_file_ref idref="fl-1b"/>
      </object_component>
      <object_component id="oc-2b8">
         <name>.text:UARTprintf</name>
         <load_address>0x360c</load_address>
         <run_address>0x360c</run_address>
         <size>0x1a</size>
         <input_file_ref idref="fl-1e"/>
      </object_component>
      <object_component id="oc-5ae">
         <name>.text:prvIsQueueEmpty</name>
         <load_address>0x3626</load_address>
         <run_address>0x3626</run_address>
         <size>0x1a</size>
         <input_file_ref idref="fl-18"/>
      </object_component>
      <object_component id="oc-307">
         <name>.text:ADCIntRegister</name>
         <load_address>0x3640</load_address>
         <run_address>0x3640</run_address>
         <size>0x18</size>
         <input_file_ref idref="fl-e9"/>
      </object_component>
      <object_component id="oc-279">
         <name>.text:GPIOIntRegister</name>
         <load_address>0x3658</load_address>
         <run_address>0x3658</run_address>
         <size>0x18</size>
         <input_file_ref idref="fl-ea"/>
      </object_component>
      <object_component id="oc-25a">
         <name>.text:GPIOPinTypeGPIOOutput</name>
         <load_address>0x3670</load_address>
         <run_address>0x3670</run_address>
         <size>0x18</size>
         <input_file_ref idref="fl-ea"/>
      </object_component>
      <object_component id="oc-164">
         <name>.text:Nokia5110_ClearBuffer</name>
         <load_address>0x3688</load_address>
         <run_address>0x3688</run_address>
         <size>0x18</size>
         <input_file_ref idref="fl-16"/>
      </object_component>
      <object_component id="oc-620">
         <name>.text:Player_Missile_Draw</name>
         <load_address>0x36a0</load_address>
         <run_address>0x36a0</run_address>
         <size>0x18</size>
         <input_file_ref idref="fl-9"/>
      </object_component>
      <object_component id="oc-5c0">
         <name>.text:pvTaskIncrementMutexHeldCount</name>
         <load_address>0x36b8</load_address>
         <run_address>0x36b8</run_address>
         <size>0x18</size>
         <input_file_ref idref="fl-19"/>
      </object_component>
      <object_component id="oc-102">
         <name>.text:vListInsertEnd</name>
         <load_address>0x36d0</load_address>
         <run_address>0x36d0</run_address>
         <size>0x18</size>
         <input_file_ref idref="fl-17"/>
      </object_component>
      <object_component id="oc-375">
         <name>.text:vPortExitCritical</name>
         <load_address>0x36e8</load_address>
         <run_address>0x36e8</run_address>
         <size>0x18</size>
         <input_file_ref idref="fl-1b"/>
      </object_component>
      <object_component id="oc-38b">
         <name>.text:vTaskSetTimeOutState</name>
         <load_address>0x3700</load_address>
         <run_address>0x3700</run_address>
         <size>0x18</size>
         <input_file_ref idref="fl-19"/>
      </object_component>
      <object_component id="oc-522">
         <name>.text:vListInitialise</name>
         <load_address>0x3718</load_address>
         <run_address>0x3718</run_address>
         <size>0x16</size>
         <input_file_ref idref="fl-17"/>
      </object_component>
      <object_component id="oc-16a">
         <name>.text:Nokia5110_OutString</name>
         <load_address>0x372e</load_address>
         <run_address>0x372e</run_address>
         <size>0x14</size>
         <input_file_ref idref="fl-16"/>
      </object_component>
      <object_component id="oc-592">
         <name>.text:prvTimerTask</name>
         <load_address>0x3742</load_address>
         <run_address>0x3742</run_address>
         <size>0x14</size>
         <input_file_ref idref="fl-1a"/>
      </object_component>
      <object_component id="oc-599">
         <name>.text:vPortSetupTimerInterrupt</name>
         <load_address>0x3758</load_address>
         <run_address>0x3758</run_address>
         <size>0x14</size>
         <input_file_ref idref="fl-1b"/>
      </object_component>
      <object_component id="oc-2bf">
         <name>.text:GPIOPinTypeADC</name>
         <load_address>0x376c</load_address>
         <run_address>0x376c</run_address>
         <size>0x12</size>
         <input_file_ref idref="fl-ea"/>
      </object_component>
      <object_component id="oc-260">
         <name>.text:GPIOPinTypeGPIOInput</name>
         <load_address>0x377e</load_address>
         <run_address>0x377e</run_address>
         <size>0x12</size>
         <input_file_ref idref="fl-ea"/>
      </object_component>
      <object_component id="oc-31a">
         <name>.text:GPIOPinTypeSSI</name>
         <load_address>0x3790</load_address>
         <run_address>0x3790</run_address>
         <size>0x12</size>
         <input_file_ref idref="fl-ea"/>
      </object_component>
      <object_component id="oc-29a">
         <name>.text:GPIOPinTypeUART</name>
         <load_address>0x37a2</load_address>
         <run_address>0x37a2</run_address>
         <size>0x12</size>
         <input_file_ref idref="fl-ea"/>
      </object_component>
      <object_component id="oc-332">
         <name>.text:SSIDataGetNonBlocking</name>
         <load_address>0x37b4</load_address>
         <run_address>0x37b4</run_address>
         <size>0x12</size>
         <input_file_ref idref="fl-ec"/>
      </object_component>
      <object_component id="oc-2d1">
         <name>.text:TimerLoadSet</name>
         <load_address>0x37c6</load_address>
         <run_address>0x37c6</run_address>
         <size>0x12</size>
         <input_file_ref idref="fl-ee"/>
      </object_component>
      <object_component id="oc-6f2">
         <name>.text:prvDeleteTCB</name>
         <load_address>0x37d8</load_address>
         <run_address>0x37d8</run_address>
         <size>0x12</size>
         <input_file_ref idref="fl-19"/>
      </object_component>
      <object_component id="oc-2fb">
         <name>.text:ADCIntEnable</name>
         <load_address>0x37ea</load_address>
         <run_address>0x37ea</run_address>
         <size>0x10</size>
         <input_file_ref idref="fl-e9"/>
      </object_component>
      <object_component id="oc-188">
         <name>.text:IntMasterEnable</name>
         <load_address>0x37fa</load_address>
         <run_address>0x37fa</run_address>
         <size>0x10</size>
         <input_file_ref idref="fl-eb"/>
      </object_component>
      <object_component id="oc-517">
         <name>.text:prvTaskExitError</name>
         <load_address>0x380a</load_address>
         <run_address>0x380a</run_address>
         <size>0x10</size>
         <input_file_ref idref="fl-1b"/>
      </object_component>
      <object_component id="oc-5a6">
         <name>.text:vApplicationIdleHook</name>
         <load_address>0x381c</load_address>
         <run_address>0x381c</run_address>
         <size>0x10</size>
         <input_file_ref idref="fl-8"/>
      </object_component>
      <object_component id="oc-391">
         <name>.text:vTaskSuspendAll</name>
         <load_address>0x382c</load_address>
         <run_address>0x382c</run_address>
         <size>0x10</size>
         <input_file_ref idref="fl-19"/>
      </object_component>
      <object_component id="oc-2d7">
         <name>.text:ADCHardwareOversampleConfigure</name>
         <load_address>0x383c</load_address>
         <run_address>0x383c</run_address>
         <size>0xe</size>
         <input_file_ref idref="fl-e9"/>
      </object_component>
      <object_component id="oc-2dd">
         <name>.text:ADCSequenceDisable</name>
         <load_address>0x384a</load_address>
         <run_address>0x384a</run_address>
         <size>0xe</size>
         <input_file_ref idref="fl-e9"/>
      </object_component>
      <object_component id="oc-2f5">
         <name>.text:ADCSequenceEnable</name>
         <load_address>0x3858</load_address>
         <run_address>0x3858</run_address>
         <size>0xe</size>
         <input_file_ref idref="fl-e9"/>
      </object_component>
      <object_component id="oc-488">
         <name>.text:GPIOIntStatus</name>
         <load_address>0x3866</load_address>
         <run_address>0x3866</run_address>
         <size>0xe</size>
         <input_file_ref idref="fl-ea"/>
      </object_component>
      <object_component id="oc-301">
         <name>.text:TimerEnable</name>
         <load_address>0x3874</load_address>
         <run_address>0x3874</run_address>
         <size>0xe</size>
         <input_file_ref idref="fl-ee"/>
      </object_component>
      <object_component id="oc-1b">
         <name>.text:decompress:none:__TI_decompress_none</name>
         <load_address>0x3882</load_address>
         <run_address>0x3882</run_address>
         <size>0xe</size>
         <input_file_ref idref="fl-de"/>
      </object_component>
      <object_component id="oc-3d0">
         <name>.text:CPUcpsie</name>
         <load_address>0x3890</load_address>
         <run_address>0x3890</run_address>
         <size>0xc</size>
         <input_file_ref idref="fl-f0"/>
      </object_component>
      <object_component id="oc-273">
         <name>.text:GPIOIntEnable</name>
         <load_address>0x389c</load_address>
         <run_address>0x389c</run_address>
         <size>0xc</size>
         <input_file_ref idref="fl-ea"/>
      </object_component>
      <object_component id="oc-5fe">
         <name>.text:Nokia5110_DisplayBuffer</name>
         <load_address>0x38a8</load_address>
         <run_address>0x38a8</run_address>
         <size>0xc</size>
         <input_file_ref idref="fl-16"/>
      </object_component>
      <object_component id="oc-6a">
         <name>.text:decompress:ZI:__TI_zero_init</name>
         <load_address>0x38b4</load_address>
         <run_address>0x38b4</run_address>
         <size>0xc</size>
         <input_file_ref idref="fl-dd"/>
      </object_component>
      <object_component id="oc-3e3">
         <name>.text:prvIdleTask</name>
         <load_address>0x38c0</load_address>
         <run_address>0x38c0</run_address>
         <size>0xc</size>
         <input_file_ref idref="fl-19"/>
      </object_component>
      <object_component id="oc-555">
         <name>.text:vTaskMissedYield</name>
         <load_address>0x38cc</load_address>
         <run_address>0x38cc</run_address>
         <size>0xc</size>
         <input_file_ref idref="fl-19"/>
      </object_component>
      <object_component id="oc-3fa">
         <name>.text:xTaskGetTickCount</name>
         <load_address>0x38d8</load_address>
         <run_address>0x38d8</run_address>
         <size>0xc</size>
         <input_file_ref idref="fl-19"/>
      </object_component>
      <object_component id="oc-4e4">
         <name>.text:ADCIntClear</name>
         <load_address>0x38e4</load_address>
         <run_address>0x38e4</run_address>
         <size>0xa</size>
         <input_file_ref idref="fl-e9"/>
      </object_component>
      <object_component id="oc-4f9">
         <name>.text:SSIDataPut</name>
         <load_address>0x38ee</load_address>
         <run_address>0x38ee</run_address>
         <size>0xa</size>
         <input_file_ref idref="fl-ec"/>
      </object_component>
      <object_component id="oc-314">
         <name>.text:SSIDisable</name>
         <load_address>0x38f8</load_address>
         <run_address>0x38f8</run_address>
         <size>0xa</size>
         <input_file_ref idref="fl-ec"/>
      </object_component>
      <object_component id="oc-32c">
         <name>.text:SSIEnable</name>
         <load_address>0x3902</load_address>
         <run_address>0x3902</run_address>
         <size>0xa</size>
         <input_file_ref idref="fl-ec"/>
      </object_component>
      <object_component id="oc-2b2">
         <name>.text:UARTFIFOEnable</name>
         <load_address>0x390c</load_address>
         <run_address>0x390c</run_address>
         <size>0xa</size>
         <input_file_ref idref="fl-ef"/>
      </object_component>
      <object_component id="oc-4f3">
         <name>.text:SSIBusy</name>
         <load_address>0x3916</load_address>
         <run_address>0x3916</run_address>
         <size>0x8</size>
         <input_file_ref idref="fl-ec"/>
      </object_component>
      <object_component id="oc-48e">
         <name>.text:GPIOIntClear</name>
         <load_address>0x391e</load_address>
         <run_address>0x391e</run_address>
         <size>0x6</size>
         <input_file_ref idref="fl-ea"/>
      </object_component>
      <object_component id="oc-494">
         <name>.text:GPIOPinRead</name>
         <load_address>0x3924</load_address>
         <run_address>0x3924</run_address>
         <size>0x6</size>
         <input_file_ref idref="fl-ea"/>
      </object_component>
      <object_component id="oc-338">
         <name>.text:GPIOPinWrite</name>
         <load_address>0x392a</load_address>
         <run_address>0x392a</run_address>
         <size>0x6</size>
         <input_file_ref idref="fl-ea"/>
      </object_component>
      <object_component id="oc-27">
         <name>.text:ResetISR</name>
         <load_address>0x3930</load_address>
         <run_address>0x3930</run_address>
         <size>0x6</size>
         <input_file_ref idref="fl-a"/>
      </object_component>
      <object_component id="oc-320">
         <name>.text:SSIClockSourceSet</name>
         <load_address>0x3936</load_address>
         <run_address>0x3936</run_address>
         <size>0x6</size>
         <input_file_ref idref="fl-ec"/>
      </object_component>
      <object_component id="oc-24c">
         <name>.text:SysCtlDelay</name>
         <load_address>0x393c</load_address>
         <run_address>0x393c</run_address>
         <size>0x6</size>
         <input_file_ref idref="fl-ed"/>
      </object_component>
      <object_component id="oc-2a0">
         <name>.text:UARTClockSourceSet</name>
         <load_address>0x3942</load_address>
         <run_address>0x3942</run_address>
         <size>0x6</size>
         <input_file_ref idref="fl-ef"/>
      </object_component>
      <object_component id="oc-2ac">
         <name>.text:UARTFIFOLevelSet</name>
         <load_address>0x3948</load_address>
         <run_address>0x3948</run_address>
         <size>0x6</size>
         <input_file_ref idref="fl-ef"/>
      </object_component>
      <object_component id="oc-3c8">
         <name>.text:vListInitialiseItem</name>
         <load_address>0x394e</load_address>
         <run_address>0x394e</run_address>
         <size>0x6</size>
         <input_file_ref idref="fl-17"/>
      </object_component>
      <object_component id="oc-c9">
         <name>.text:_system_pre_init</name>
         <load_address>0x3954</load_address>
         <run_address>0x3954</run_address>
         <size>0x4</size>
         <input_file_ref idref="fl-e4"/>
      </object_component>
      <object_component id="oc-1cc">
         <name>.text:abort:abort</name>
         <load_address>0x3958</load_address>
         <run_address>0x3958</run_address>
         <size>0x4</size>
         <input_file_ref idref="fl-e6"/>
      </object_component>
      <object_component id="oc-50b">
         <name>.const:ASCII</name>
         <load_address>0x395c</load_address>
         <run_address>0x395c</run_address>
         <size>0x1e0</size>
         <input_file_ref idref="fl-16"/>
      </object_component>
      <object_component id="oc-673">
         <name>.const:g_ppui32GPIOIntMapSnowflake</name>
         <load_address>0x3b3c</load_address>
         <run_address>0x3b3c</run_address>
         <size>0xd8</size>
         <input_file_ref idref="fl-ea"/>
      </object_component>
      <object_component id="oc-706">
         <name>.const:.string:BigExplosion0</name>
         <load_address>0x3c14</load_address>
         <run_address>0x3c14</run_address>
         <size>0xd7</size>
         <input_file_ref idref="fl-2"/>
      </object_component>
      <object_component id="oc-703">
         <name>.const:.string:PlayerShip0</name>
         <load_address>0x3ceb</load_address>
         <run_address>0x3ceb</run_address>
         <size>0xd7</size>
         <input_file_ref idref="fl-2"/>
      </object_component>
      <object_component id="oc-714">
         <name>.const:.string:SmallEnemy10PointA</name>
         <load_address>0x3dc2</load_address>
         <run_address>0x3dc2</run_address>
         <size>0xc7</size>
         <input_file_ref idref="fl-2"/>
      </object_component>
      <object_component id="oc-717">
         <name>.const:.string:SmallExplosion0</name>
         <load_address>0x3e89</load_address>
         <run_address>0x3e89</run_address>
         <size>0xc7</size>
         <input_file_ref idref="fl-2"/>
      </object_component>
      <object_component id="oc-670">
         <name>.const:g_ppui32GPIOIntMapBlizzard</name>
         <load_address>0x3f50</load_address>
         <run_address>0x3f50</run_address>
         <size>0xc0</size>
         <input_file_ref idref="fl-ea"/>
      </object_component>
      <object_component id="oc-726">
         <name>.const:.string:Bunker0</name>
         <load_address>0x4010</load_address>
         <run_address>0x4010</run_address>
         <size>0xb3</size>
         <input_file_ref idref="fl-2"/>
      </object_component>
      <object_component id="oc-723">
         <name>.const:.string:Bunker1</name>
         <load_address>0x40c3</load_address>
         <run_address>0x40c3</run_address>
         <size>0xb3</size>
         <input_file_ref idref="fl-2"/>
      </object_component>
      <object_component id="oc-720">
         <name>.const:.string:Bunker2</name>
         <load_address>0x4176</load_address>
         <run_address>0x4176</run_address>
         <size>0xb3</size>
         <input_file_ref idref="fl-2"/>
      </object_component>
      <object_component id="oc-43b">
         <name>.const:.string:Laser0</name>
         <load_address>0x4229</load_address>
         <run_address>0x4229</run_address>
         <size>0x9b</size>
         <input_file_ref idref="fl-2"/>
      </object_component>
      <object_component id="oc-641">
         <name>.const:.string:Missile0</name>
         <load_address>0x42c4</load_address>
         <run_address>0x42c4</run_address>
         <size>0x9b</size>
         <input_file_ref idref="fl-2"/>
      </object_component>
      <object_component id="oc-4a2">
         <name>.const:g_pui32GPIOBaseAddrs</name>
         <load_address>0x4360</load_address>
         <run_address>0x4360</run_address>
         <size>0x90</size>
         <input_file_ref idref="fl-ea"/>
      </object_component>
      <object_component id="oc-483">
         <name>.const</name>
         <load_address>0x43f0</load_address>
         <run_address>0x43f0</run_address>
         <size>0x70</size>
         <input_file_ref idref="fl-eb"/>
      </object_component>
      <object_component id="oc-4ce">
         <name>.const:g_pui32Xtals</name>
         <load_address>0x4460</load_address>
         <run_address>0x4460</run_address>
         <size>0x6c</size>
         <input_file_ref idref="fl-ed"/>
      </object_component>
      <object_component id="oc-4b2">
         <name>.const:g_ui32UARTBase</name>
         <load_address>0x44cc</load_address>
         <run_address>0x44cc</run_address>
         <size>0xc</size>
         <input_file_ref idref="fl-1e"/>
      </object_component>
      <object_component id="oc-4af">
         <name>.const:g_ui32UARTPeriph</name>
         <load_address>0x44d8</load_address>
         <run_address>0x44d8</run_address>
         <size>0xc</size>
         <input_file_ref idref="fl-1e"/>
      </object_component>
      <object_component id="oc-91">
         <name>.const</name>
         <load_address>0x44e4</load_address>
         <run_address>0x44e4</run_address>
         <size>0x4</size>
         <input_file_ref idref="fl-1b"/>
      </object_component>
      <object_component id="oc-7d9">
         <name>.cinit..data.load</name>
         <load_address>0x44e8</load_address>
         <run_address>0x44e8</run_address>
         <size>0x1a</size>
      </object_component>
      <object_component id="oc-7d6">
         <name>__TI_handler_table</name>
         <load_address>0x4504</load_address>
         <run_address>0x4504</run_address>
         <size>0xc</size>
      </object_component>
      <object_component id="oc-7da">
         <name>.cinit..bss.load</name>
         <load_address>0x4510</load_address>
         <run_address>0x4510</run_address>
         <size>0x8</size>
      </object_component>
      <object_component id="oc-7d8">
         <name>.cinit..vtable.load</name>
         <load_address>0x4518</load_address>
         <run_address>0x4518</run_address>
         <size>0x8</size>
      </object_component>
      <object_component id="oc-7d7">
         <name>__TI_cinit_table</name>
         <load_address>0x4520</load_address>
         <run_address>0x4520</run_address>
         <size>0x18</size>
      </object_component>
      <object_component id="oc-677">
         <name>.vtable</name>
         <uninitialized>true</uninitialized>
         <run_address>0x20000000</run_address>
         <size>0x26c</size>
         <input_file_ref idref="fl-eb"/>
      </object_component>
      <object_component id="oc-412">
         <name>.data</name>
         <load_address>0x2000335d</load_address>
         <run_address>0x2000335d</run_address>
         <size>0x1</size>
         <input_file_ref idref="fl-3"/>
      </object_component>
      <object_component id="oc-42a">
         <name>.data</name>
         <load_address>0x20003336</load_address>
         <run_address>0x20003336</run_address>
         <size>0x2</size>
         <input_file_ref idref="fl-5"/>
      </object_component>
      <object_component id="oc-438">
         <name>.data</name>
         <load_address>0x2000335e</load_address>
         <run_address>0x2000335e</run_address>
         <size>0x1</size>
         <input_file_ref idref="fl-6"/>
      </object_component>
      <object_component id="oc-434">
         <name>.data</name>
         <load_address>0x2000335f</load_address>
         <run_address>0x2000335f</run_address>
         <size>0x1</size>
         <input_file_ref idref="fl-7"/>
      </object_component>
      <object_component id="oc-6f9">
         <name>.data</name>
         <load_address>0x20003360</load_address>
         <run_address>0x20003360</run_address>
         <size>0x4</size>
         <input_file_ref idref="fl-8"/>
      </object_component>
      <object_component id="oc-709">
         <name>.data</name>
         <load_address>0x20003328</load_address>
         <run_address>0x20003328</run_address>
         <size>0xd</size>
         <input_file_ref idref="fl-9"/>
      </object_component>
      <object_component id="oc-638">
         <name>.data</name>
         <load_address>0x20003335</load_address>
         <run_address>0x20003335</run_address>
         <size>0x1</size>
         <input_file_ref idref="fl-c"/>
      </object_component>
      <object_component id="oc-500">
         <name>.data</name>
         <load_address>0x20003340</load_address>
         <run_address>0x20003340</run_address>
         <size>0x8</size>
         <input_file_ref idref="fl-16"/>
      </object_component>
      <object_component id="oc-8e">
         <name>.data</name>
         <load_address>0x200032f8</load_address>
         <run_address>0x200032f8</run_address>
         <size>0x30</size>
         <input_file_ref idref="fl-19"/>
      </object_component>
      <object_component id="oc-582">
         <name>.data</name>
         <load_address>0x20003350</load_address>
         <run_address>0x20003350</run_address>
         <size>0x8</size>
         <input_file_ref idref="fl-1a"/>
      </object_component>
      <object_component id="oc-51e">
         <name>.data</name>
         <load_address>0x20003364</load_address>
         <run_address>0x20003364</run_address>
         <size>0x4</size>
         <input_file_ref idref="fl-1b"/>
      </object_component>
      <object_component id="oc-53f">
         <name>.data</name>
         <load_address>0x20003348</load_address>
         <run_address>0x20003348</run_address>
         <size>0x8</size>
         <input_file_ref idref="fl-1d"/>
      </object_component>
      <object_component id="oc-4b5">
         <name>.data</name>
         <load_address>0x20003358</load_address>
         <run_address>0x20003358</run_address>
         <size>0x5</size>
         <input_file_ref idref="fl-1e"/>
      </object_component>
      <object_component id="oc-795">
         <name>.data</name>
         <load_address>0x20003368</load_address>
         <run_address>0x20003368</run_address>
         <size>0x4</size>
         <input_file_ref idref="fl-e0"/>
      </object_component>
      <object_component id="oc-444">
         <name>.data:$O1$$</name>
         <load_address>0x20003338</load_address>
         <run_address>0x20003338</run_address>
         <size>0x8</size>
         <input_file_ref idref="fl-e7"/>
      </object_component>
      <object_component id="oc-71b">
         <name>.bss:d$1</name>
         <uninitialized>true</uninitialized>
         <run_address>0x20002f5c</run_address>
         <size>0x3c</size>
         <input_file_ref idref="fl-9"/>
      </object_component>
      <object_component id="oc-71c">
         <name>.bss:e$2</name>
         <uninitialized>true</uninitialized>
         <run_address>0x20002f98</run_address>
         <size>0x3c</size>
         <input_file_ref idref="fl-9"/>
      </object_component>
      <object_component id="oc-f2">
         <name>.bss:pxReadyTasksLists</name>
         <uninitialized>true</uninitialized>
         <run_address>0x20002b74</run_address>
         <size>0x140</size>
         <input_file_ref idref="fl-19"/>
      </object_component>
      <object_component id="oc-528">
         <name>.bss:xDelayedTaskList1</name>
         <uninitialized>true</uninitialized>
         <run_address>0x20003024</run_address>
         <size>0x14</size>
         <input_file_ref idref="fl-19"/>
      </object_component>
      <object_component id="oc-52b">
         <name>.bss:xDelayedTaskList2</name>
         <uninitialized>true</uninitialized>
         <run_address>0x20003038</run_address>
         <size>0x14</size>
         <input_file_ref idref="fl-19"/>
      </object_component>
      <object_component id="oc-10e">
         <name>.bss</name>
         <uninitialized>true</uninitialized>
         <run_address>0x200030b0</run_address>
         <size>0x8</size>
         <input_file_ref idref="fl-19"/>
      </object_component>
      <object_component id="oc-52e">
         <name>.bss:xPendingReadyList</name>
         <uninitialized>true</uninitialized>
         <run_address>0x2000304c</run_address>
         <size>0x14</size>
         <input_file_ref idref="fl-19"/>
      </object_component>
      <object_component id="oc-531">
         <name>.bss:xTasksWaitingTermination</name>
         <uninitialized>true</uninitialized>
         <run_address>0x20003074</run_address>
         <size>0x14</size>
         <input_file_ref idref="fl-19"/>
      </object_component>
      <object_component id="oc-534">
         <name>.bss:xSuspendedTaskList</name>
         <uninitialized>true</uninitialized>
         <run_address>0x20003060</run_address>
         <size>0x14</size>
         <input_file_ref idref="fl-19"/>
      </object_component>
      <object_component id="oc-579">
         <name>.bss:xActiveTimerList1</name>
         <uninitialized>true</uninitialized>
         <run_address>0x20002ffc</run_address>
         <size>0x14</size>
         <input_file_ref idref="fl-1a"/>
      </object_component>
      <object_component id="oc-57c">
         <name>.bss:xActiveTimerList2</name>
         <uninitialized>true</uninitialized>
         <run_address>0x20003010</run_address>
         <size>0x14</size>
         <input_file_ref idref="fl-1a"/>
      </object_component>
      <object_component id="oc-57f">
         <name>.bss</name>
         <uninitialized>true</uninitialized>
         <run_address>0x200030b8</run_address>
         <size>0x8</size>
         <input_file_ref idref="fl-1a"/>
      </object_component>
      <object_component id="oc-6bd">
         <name>.bss:ucHeap</name>
         <uninitialized>true</uninitialized>
         <run_address>0x2000026c</run_address>
         <size>0x2710</size>
         <input_file_ref idref="fl-1d"/>
      </object_component>
      <object_component id="oc-542">
         <name>.bss:xStart</name>
         <uninitialized>true</uninitialized>
         <run_address>0x200030c8</run_address>
         <size>0x8</size>
         <input_file_ref idref="fl-1d"/>
      </object_component>
      <object_component id="oc-545">
         <name>.bss:xEnd</name>
         <uninitialized>true</uninitialized>
         <run_address>0x200030c0</run_address>
         <size>0x8</size>
         <input_file_ref idref="fl-1d"/>
      </object_component>
      <object_component id="oc-194">
         <name>.common:xTaskHandle1</name>
         <uninitialized>true</uninitialized>
         <run_address>0x200030e4</run_address>
         <size>0x4</size>
      </object_component>
      <object_component id="oc-1ab">
         <name>.common:xTaskHandle2</name>
         <uninitialized>true</uninitialized>
         <run_address>0x200030e8</run_address>
         <size>0x4</size>
      </object_component>
      <object_component id="oc-1b2">
         <name>.common:xTaskHandle3</name>
         <uninitialized>true</uninitialized>
         <run_address>0x200030ec</run_address>
         <size>0x4</size>
      </object_component>
      <object_component id="oc-1b9">
         <name>.common:xTaskHandle4</name>
         <uninitialized>true</uninitialized>
         <run_address>0x200030f0</run_address>
         <size>0x4</size>
      </object_component>
      <object_component id="oc-1c0">
         <name>.common:xQueue1</name>
         <uninitialized>true</uninitialized>
         <run_address>0x200030d4</run_address>
         <size>0x4</size>
      </object_component>
      <object_component id="oc-1c1">
         <name>.common:xSemaphore1</name>
         <uninitialized>true</uninitialized>
         <run_address>0x200030d8</run_address>
         <size>0x4</size>
      </object_component>
      <object_component id="oc-1c2">
         <name>.common:xSemaphore2</name>
         <uninitialized>true</uninitialized>
         <run_address>0x200030dc</run_address>
         <size>0x4</size>
      </object_component>
      <object_component id="oc-1c3">
         <name>.common:xSemaphore3</name>
         <uninitialized>true</uninitialized>
         <run_address>0x200030e0</run_address>
         <size>0x4</size>
      </object_component>
      <object_component id="oc-1c4">
         <name>.common:xOneShotTimer</name>
         <uninitialized>true</uninitialized>
         <run_address>0x200030d0</run_address>
         <size>0x4</size>
      </object_component>
      <object_component id="oc-41c">
         <name>.common:Player</name>
         <uninitialized>true</uninitialized>
         <run_address>0x20003088</run_address>
         <size>0x14</size>
      </object_component>
      <object_component id="oc-640">
         <name>.common:Enemy</name>
         <uninitialized>true</uninitialized>
         <run_address>0x20002cb4</run_address>
         <size>0x12c</size>
      </object_component>
      <object_component id="oc-71e">
         <name>.common:Bunker</name>
         <uninitialized>true</uninitialized>
         <run_address>0x20002fd4</run_address>
         <size>0x28</size>
      </object_component>
      <object_component id="oc-437">
         <name>.common:Player_Missile</name>
         <uninitialized>true</uninitialized>
         <run_address>0x2000309c</run_address>
         <size>0x14</size>
      </object_component>
      <object_component id="oc-63f">
         <name>.common:Missile</name>
         <uninitialized>true</uninitialized>
         <run_address>0x20002de0</run_address>
         <size>0x12c</size>
      </object_component>
      <object_component id="oc-34c">
         <name>.common:Screen</name>
         <uninitialized>true</uninitialized>
         <run_address>0x2000297c</run_address>
         <size>0x1f8</size>
      </object_component>
      <object_component id="oc-6d2">
         <name>.common:xQueueRegistry</name>
         <uninitialized>true</uninitialized>
         <run_address>0x20002f0c</run_address>
         <size>0x50</size>
      </object_component>
      <object_component id="oc-24">
         <name>.stack</name>
         <uninitialized>true</uninitialized>
         <run_address>0x200030f8</run_address>
         <size>0x4</size>
         <input_file_ref idref="fl-e1"/>
      </object_component>
      <object_component id="oc-7dc">
         <name>.stack</name>
         <uninitialized>true</uninitialized>
         <run_address>0x200030f8</run_address>
         <size>0x0</size>
      </object_component>
      <object_component id="oc-64b">
         <name>.debug_info</name>
         <load_address>0x0</load_address>
         <run_address>0x0</run_address>
         <size>0x124</size>
         <input_file_ref idref="fl-2"/>
      </object_component>
      <object_component id="oc-715">
         <name>.debug_info</name>
         <load_address>0x124</load_address>
         <run_address>0x124</run_address>
         <size>0x10e</size>
         <input_file_ref idref="fl-2"/>
      </object_component>
      <object_component id="oc-704">
         <name>.debug_info</name>
         <load_address>0x232</load_address>
         <run_address>0x232</run_address>
         <size>0x100</size>
         <input_file_ref idref="fl-2"/>
      </object_component>
      <object_component id="oc-727">
         <name>.debug_info</name>
         <load_address>0x332</load_address>
         <run_address>0x332</run_address>
         <size>0xf8</size>
         <input_file_ref idref="fl-2"/>
      </object_component>
      <object_component id="oc-724">
         <name>.debug_info</name>
         <load_address>0x42a</load_address>
         <run_address>0x42a</run_address>
         <size>0xf8</size>
         <input_file_ref idref="fl-2"/>
      </object_component>
      <object_component id="oc-721">
         <name>.debug_info</name>
         <load_address>0x522</load_address>
         <run_address>0x522</run_address>
         <size>0xf8</size>
         <input_file_ref idref="fl-2"/>
      </object_component>
      <object_component id="oc-707">
         <name>.debug_info</name>
         <load_address>0x61a</load_address>
         <run_address>0x61a</run_address>
         <size>0x104</size>
         <input_file_ref idref="fl-2"/>
      </object_component>
      <object_component id="oc-718">
         <name>.debug_info</name>
[...]
      </symbol>
      <symbol id="sm-548">
         <name>vQueueAddToRegistry</name>
         <value>0x3559</value>
         <object_component_ref idref="oc-573"/>
      </symbol>
      <symbol id="sm-549">
         <name>xQueueGenericCreate</name>
         <value>0x3049</value>
         <object_component_ref idref="oc-176"/>
      </symbol>
      <symbol id="sm-54a">
         <name>xQueueGenericSend</name>
         <value>0x1315</value>
         <object_component_ref idref="oc-17c"/>
      </symbol>
      <symbol id="sm-54b">
         <name>xQueueGenericReset</name>
         <value>0x1d41</value>
         <object_component_ref idref="oc-382"/>
      </symbol>
      <symbol id="sm-54c">
         <name>xQueueGiveFromISR</name>
         <value>0x2919</value>
         <object_component_ref idref="oc-49a"/>
      </symbol>
      <symbol id="sm-54d">
         <name>xQueueGenericReceive</name>
         <value>0xbfd</value>
         <object_component_ref idref="oc-400"/>
      </symbol>
      <symbol id="sm-54e">
         <name>vQueueWaitForMessageRestricted</name>
         <value>0x2e99</value>
         <object_component_ref idref="oc-772"/>
      </symbol>
      <symbol id="sm-729">
         <name>vTaskSuspendAll</name>
         <value>0x382d</value>
         <object_component_ref idref="oc-391"/>
      </symbol>
      <symbol id="sm-72a">
         <name>vTaskPriorityInherit</name>
         <value>0x1ba1</value>
         <object_component_ref idref="oc-5b4"/>
      </symbol>
      <symbol id="sm-72b">
         <name>vTaskPlaceOnEventList</name>
         <value>0x24c5</value>
         <object_component_ref idref="oc-3af"/>
      </symbol>
      <symbol id="sm-72c">
         <name>xTaskCheckForTimeOut</name>
         <value>0x29c5</value>
         <object_component_ref idref="oc-397"/>
      </symbol>
      <symbol id="sm-72d">
         <name>xTaskPriorityDisinherit</name>
         <value>0x1fa9</value>
         <object_component_ref idref="oc-56b"/>
      </symbol>
      <symbol id="sm-72e">
         <name>vTaskStartScheduler</name>
         <value>0x2395</value>
         <object_component_ref idref="oc-18e"/>
      </symbol>
      <symbol id="sm-72f">
         <name>pvTaskIncrementMutexHeldCount</name>
         <value>0x36b9</value>
         <object_component_ref idref="oc-5c0"/>
      </symbol>
      <symbol id="sm-730">
         <name>vTaskDelayUntil</name>
         <value>0x1cbd</value>
         <object_component_ref idref="oc-424"/>
      </symbol>
      <symbol id="sm-731">
         <name>vTaskMissedYield</name>
         <value>0x38cd</value>
         <object_component_ref idref="oc-555"/>
      </symbol>
      <symbol id="sm-732">
         <name>xTaskResumeAll</name>
         <value>0x13fd</value>
         <object_component_ref idref="oc-3a3"/>
      </symbol>
      <symbol id="sm-733">
         <name>xTaskGetTickCount</name>
         <value>0x38d9</value>
         <object_component_ref idref="oc-3fa"/>
      </symbol>
      <symbol id="sm-734">
         <name>xTaskGenericCreate</name>
         <value>0x1031</value>
         <object_component_ref idref="oc-170"/>
      </symbol>
      <symbol id="sm-735">
         <name>pxCurrentTCB</name>
         <value>0x200032f8</value>
         <object_component_ref idref="oc-8e"/>
      </symbol>
      <symbol id="sm-736">
         <name>vTaskPlaceOnEventListRestricted</name>
         <value>0x232d</value>
         <object_component_ref idref="oc-7a1"/>
      </symbol>
      <symbol id="sm-737">
         <name>vTaskSetTimeOutState</name>
         <value>0x3701</value>
         <object_component_ref idref="oc-38b"/>
      </symbol>
      <symbol id="sm-738">
         <name>xTaskIncrementTick</name>
         <value>0xe25</value>
         <object_component_ref idref="oc-9b"/>
      </symbol>
      <symbol id="sm-739">
         <name>vTaskSwitchContext</name>
         <value>0x1c31</value>
         <object_component_ref idref="oc-94"/>
      </symbol>
      <symbol id="sm-73a">
         <name>xTaskGetSchedulerState</name>
         <value>0x3579</value>
         <object_component_ref idref="oc-5c7"/>
      </symbol>
      <symbol id="sm-73b">
         <name>xTaskRemoveFromEventList</name>
         <value>0x2095</value>
         <object_component_ref idref="oc-3bb"/>
      </symbol>
      <symbol id="sm-808">
         <name>xTimerCreateTimerTask</name>
         <value>0x2f19</value>
         <object_component_ref idref="oc-3d7"/>
      </symbol>
      <symbol id="sm-809">
         <name>xTimerCreate</name>
         <value>0x30bf</value>
         <object_component_ref idref="oc-182"/>
      </symbol>
      <symbol id="sm-80a">
         <name>xTimerGenericCommand</name>
         <value>0x2e15</value>
         <object_component_ref idref="oc-406"/>
      </symbol>
      <symbol id="sm-864">
         <name>ulMaxSyscallInterruptPriority</name>
         <value>0x44e4</value>
         <object_component_ref idref="oc-91"/>
      </symbol>
      <symbol id="sm-865">
         <name>vPortSetupTimerInterrupt</name>
         <value>0x3759</value>
         <object_component_ref idref="oc-599"/>
      </symbol>
      <symbol id="sm-866">
         <name>xPortSysTickHandler</name>
         <value>0x334d</value>
         <object_component_ref idref="oc-44"/>
      </symbol>
      <symbol id="sm-867">
         <name>pxPortInitialiseStack</name>
         <value>0x341d</value>
         <object_component_ref idref="oc-363"/>
      </symbol>
      <symbol id="sm-868">
         <name>vPortExitCritical</name>
         <value>0x36e9</value>
         <object_component_ref idref="oc-375"/>
      </symbol>
      <symbol id="sm-869">
         <name>xPortStartScheduler</name>
         <value>0x2ed9</value>
         <object_component_ref idref="oc-3dd"/>
      </symbol>
      <symbol id="sm-86a">
         <name>vPortEnterCritical</name>
         <value>0x35f1</value>
         <object_component_ref idref="oc-369"/>
      </symbol>
      <symbol id="sm-879">
         <name>vPortStartFirstTask</name>
         <value>0x165d</value>
         <object_component_ref idref="oc-3f"/>
      </symbol>
      <symbol id="sm-87a">
         <name>ulPortGetIPSR</name>
         <value>0x15c5</value>
         <object_component_ref idref="oc-3f"/>
      </symbol>
      <symbol id="sm-87b">
         <name>vPortEnableVFP</name>
         <value>0x1679</value>
         <object_component_ref idref="oc-3f"/>
      </symbol>
      <symbol id="sm-87c">
         <name>xPortPendSVHandler</name>
         <value>0x15dd</value>
         <object_component_ref idref="oc-3f"/>
      </symbol>
      <symbol id="sm-87d">
         <name>vPortSVCHandler</name>
         <value>0x163d</value>
         <object_component_ref idref="oc-3f"/>
      </symbol>
      <symbol id="sm-8d2">
         <name>pvPortMalloc</name>
         <value>0x17f5</value>
         <object_component_ref idref="oc-37c"/>
      </symbol>
      <symbol id="sm-8d3">
         <name>vPortFree</name>
         <value>0x2dd1</value>
         <object_component_ref idref="oc-50f"/>
      </symbol>
      <symbol id="sm-94a">
         <name>UARTStdioConfig</name>
         <value>0x1749</value>
         <object_component_ref idref="oc-2a6"/>
      </symbol>
      <symbol id="sm-94b">
         <name>UARTwrite</name>
         <value>0x1945</value>
         <object_component_ref idref="oc-692"/>
      </symbol>
      <symbol id="sm-94c">
         <name>UARTprintf</name>
         <value>0x360d</value>
         <object_component_ref idref="oc-2b8"/>
      </symbol>
      <symbol id="sm-94d">
         <name>UARTvprintf</name>
         <value>0x26d</value>
         <object_component_ref idref="oc-4bf"/>
      </symbol>
      <symbol id="sm-969">
         <name>memcpy</name>
         <value>0x19e1</value>
         <object_component_ref idref="oc-58"/>
      </symbol>
      <symbol id="sm-96a">
         <name>__aeabi_memcpy</name>
         <value>0x19e1</value>
         <object_component_ref idref="oc-58"/>
      </symbol>
      <symbol id="sm-96b">
         <name>__aeabi_memcpy8</name>
         <value>0x19e1</value>
         <object_component_ref idref="oc-58"/>
      </symbol>
      <symbol id="sm-96c">
         <name>__aeabi_memcpy4</name>
         <value>0x19e1</value>
         <object_component_ref idref="oc-58"/>
      </symbol>
      <symbol id="sm-97b">
         <name>__aeabi_memset</name>
         <value>0x1e41</value>
         <object_component_ref idref="oc-c3"/>
      </symbol>
      <symbol id="sm-97c">
         <name>memset</name>
         <value>0x1e47</value>
         <object_component_ref idref="oc-c3"/>
      </symbol>
      <symbol id="sm-97d">
         <name>__aeabi_memset8</name>
         <value>0x1e41</value>
         <object_component_ref idref="oc-c3"/>
      </symbol>
      <symbol id="sm-97e">
         <name>__aeabi_memset4</name>
         <value>0x1e41</value>
         <object_component_ref idref="oc-c3"/>
      </symbol>
      <symbol id="sm-97f">
         <name>__aeabi_memclr8</name>
         <value>0x1e3f</value>
         <object_component_ref idref="oc-c3"/>
      </symbol>
      <symbol id="sm-980">
         <name>__aeabi_memclr4</name>
         <value>0x1e3f</value>
         <object_component_ref idref="oc-c3"/>
      </symbol>
      <symbol id="sm-981">
         <name>__aeabi_memclr</name>
         <value>0x1e3f</value>
         <object_component_ref idref="oc-c3"/>
      </symbol>
      <symbol id="sm-990">
         <name>__aeabi_uidivmod</name>
         <value>0x2e59</value>
         <object_component_ref idref="oc-698"/>
      </symbol>
      <symbol id="sm-991">
         <name>__aeabi_uidiv</name>
         <value>0x2e59</value>
         <object_component_ref idref="oc-698"/>
      </symbol>
      <symbol id="sm-9a8">
         <name>__TI_zero_init</name>
         <value>0x38b5</value>
         <object_component_ref idref="oc-6a"/>
      </symbol>
      <symbol id="sm-9bf">
         <name>__TI_decompress_none</name>
         <value>0x3883</value>
         <object_component_ref idref="oc-1b"/>
      </symbol>
      <symbol id="sm-9e2">
         <name>__TI_decompress_lzss</name>
         <value>0x22c5</value>
         <object_component_ref idref="oc-15"/>
      </symbol>
      <symbol id="sm-9f8">
         <name>rand</name>
         <value>0x3205</value>
         <object_component_ref idref="oc-737"/>
      </symbol>
      <symbol id="sm-a0b">
         <name>__stack</name>
         <value>0x200030f8</value>
         <object_component_ref idref="oc-24"/>
      </symbol>
      <symbol id="sm-a0c">
         <name>_c_int00_noargs</name>
         <value>0x31d1</value>
         <object_component_ref idref="oc-76"/>
      </symbol>
      <symbol id="sm-a16">
         <name>__aeabi_idiv0</name>
         <value>0x296f</value>
         <object_component_ref idref="oc-761"/>
      </symbol>
      <symbol id="sm-a17">
         <name>__aeabi_ldiv0</name>
         <value>0x296f</value>
         <object_component_ref idref="oc-761"/>
      </symbol>
      <symbol id="sm-a3f">
         <name>__TI_auto_init_nobinit_nopinit</name>
         <value>0x2d49</value>
         <object_component_ref idref="oc-1d8"/>
      </symbol>
      <symbol id="sm-a49">
         <name>_system_pre_init</name>
         <value>0x3955</value>
         <object_component_ref idref="oc-c9"/>
      </symbol>
      <symbol id="sm-a55">
         <name>C$$EXIT</name>
         <value>0x3959</value>
         <object_component_ref idref="oc-1cc"/>
      </symbol>
      <symbol id="sm-a56">
         <name>abort</name>
         <value>0x3959</value>
         <object_component_ref idref="oc-1cc"/>
      </symbol>
      <symbol id="sm-a6b">
         <name>_nop</name>
         <value>0x258b</value>
         <object_component_ref idref="oc-64e"/>
      </symbol>
      <symbol id="sm-a6c">
         <name>_lock</name>
         <value>0x20003338</value>
         <object_component_ref idref="oc-444"/>
      </symbol>
      <symbol id="sm-a6d">
         <name>_unlock</name>
         <value>0x2000333c</value>
         <object_component_ref idref="oc-444"/>
      </symbol>
      <symbol id="sm-adc">
         <name>ADCSequenceEnable</name>
         <value>0x3859</value>
         <object_component_ref idref="oc-2f5"/>
      </symbol>
      <symbol id="sm-add">
         <name>ADCSequenceConfigure</name>
         <value>0x2a19</value>
         <object_component_ref idref="oc-2e9"/>
      </symbol>
      <symbol id="sm-ade">
         <name>ADCIntEnable</name>
         <value>0x37eb</value>
         <object_component_ref idref="oc-2fb"/>
      </symbol>
      <symbol id="sm-adf">
         <name>ADCSequenceStepConfigure</name>
         <value>0x1dc5</value>
         <object_component_ref idref="oc-2ef"/>
      </symbol>
      <symbol id="sm-ae0">
         <name>ADCIntClear</name>
         <value>0x38e5</value>
         <object_component_ref idref="oc-4e4"/>
      </symbol>
      <symbol id="sm-ae1">
         <name>ADCHardwareOversampleConfigure</name>
         <value>0x383d</value>
         <object_component_ref idref="oc-2d7"/>
      </symbol>
      <symbol id="sm-ae2">
         <name>ADCIntRegister</name>
         <value>0x3641</value>
         <object_component_ref idref="oc-307"/>
      </symbol>
      <symbol id="sm-ae3">
         <name>ADCSequenceDisable</name>
         <value>0x384b</value>
         <object_component_ref idref="oc-2dd"/>
      </symbol>
      <symbol id="sm-ae4">
         <name>ADCSequenceDataGet</name>
         <value>0x3599</value>
         <object_component_ref idref="oc-416"/>
      </symbol>
      <symbol id="sm-b8d">
         <name>GPIOIntRegister</name>
         <value>0x3659</value>
         <object_component_ref idref="oc-279"/>
      </symbol>
      <symbol id="sm-b8e">
         <name>GPIOPinConfigure</name>
         <value>0x2be9</value>
         <object_component_ref idref="oc-294"/>
      </symbol>
      <symbol id="sm-b8f">
         <name>GPIOIntEnable</name>
         <value>0x389d</value>
         <object_component_ref idref="oc-273"/>
      </symbol>
      <symbol id="sm-b90">
         <name>GPIOIntTypeSet</name>
         <value>0x286d</value>
         <object_component_ref idref="oc-26d"/>
      </symbol>
      <symbol id="sm-b91">
         <name>GPIOPinTypeADC</name>
         <value>0x376d</value>
         <object_component_ref idref="oc-2bf"/>
      </symbol>
      <symbol id="sm-b92">
         <name>GPIOPinTypeGPIOInput</name>
         <value>0x377f</value>
         <object_component_ref idref="oc-260"/>
      </symbol>
      <symbol id="sm-b93">
         <name>GPIOIntClear</name>
         <value>0x391f</value>
         <object_component_ref idref="oc-48e"/>
      </symbol>
      <symbol id="sm-b94">
         <name>GPIOPinTypeUART</name>
         <value>0x37a3</value>
         <object_component_ref idref="oc-29a"/>
      </symbol>
      <symbol id="sm-b95">
         <name>GPIOIntStatus</name>
         <value>0x3867</value>
         <object_component_ref idref="oc-488"/>
      </symbol>
      <symbol id="sm-b96">
         <name>GPIOPinTypeGPIOOutput</name>
         <value>0x3671</value>
         <object_component_ref idref="oc-25a"/>
      </symbol>
      <symbol id="sm-b97">
         <name>GPIOPinRead</name>
         <value>0x3925</value>
         <object_component_ref idref="oc-494"/>
      </symbol>
      <symbol id="sm-b98">
         <name>GPIODirModeSet</name>
         <value>0x3379</value>
         <object_component_ref idref="oc-46a"/>
      </symbol>
      <symbol id="sm-b99">
         <name>GPIOPinWrite</name>
         <value>0x392b</value>
         <object_component_ref idref="oc-338"/>
      </symbol>
      <symbol id="sm-b9a">
         <name>GPIOPadConfigSet</name>
         <value>0xac9</value>
         <object_component_ref idref="oc-266"/>
      </symbol>
      <symbol id="sm-b9b">
         <name>GPIOPinTypeSSI</name>
         <value>0x3791</value>
         <object_component_ref idref="oc-31a"/>
      </symbol>
      <symbol id="sm-bdd">
         <name>IntEnable</name>
         <value>0x225d</value>
         <object_component_ref idref="oc-27f"/>
      </symbol>
      <symbol id="sm-bde">
         <name>IntRegister</name>
         <value>0x3169</value>
         <object_component_ref idref="oc-47c"/>
      </symbol>
      <symbol id="sm-bdf">
         <name>g_pfnRAMVectors</name>
         <value>0x20000000</value>
         <object_component_ref idref="oc-677"/>
      </symbol>
      <symbol id="sm-be0">
         <name>IntMasterEnable</name>
         <value>0x37fb</value>
         <object_component_ref idref="oc-188"/>
      </symbol>
      <symbol id="sm-c20">
         <name>SSIDataPut</name>
         <value>0x38ef</value>
         <object_component_ref idref="oc-4f9"/>
      </symbol>
      <symbol id="sm-c21">
         <name>SSIDataGetNonBlocking</name>
         <value>0x37b5</value>
         <object_component_ref idref="oc-332"/>
      </symbol>
      <symbol id="sm-c22">
         <name>SSIConfigSetExpClk</name>
         <value>0x300d</value>
         <object_component_ref idref="oc-326"/>
      </symbol>
      <symbol id="sm-c23">
         <name>SSIEnable</name>
         <value>0x3903</value>
         <object_component_ref idref="oc-32c"/>
      </symbol>
      <symbol id="sm-c24">
         <name>SSIClockSourceSet</name>
         <value>0x3937</value>
         <object_component_ref idref="oc-320"/>
      </symbol>
      <symbol id="sm-c25">
         <name>SSIBusy</name>
         <value>0x3917</value>
         <object_component_ref idref="oc-4f3"/>
      </symbol>
      <symbol id="sm-c26">
         <name>SSIDisable</name>
         <value>0x38f9</value>
         <object_component_ref idref="oc-314"/>
      </symbol>
      <symbol id="sm-c78">
         <name>SysCtlClockSet</name>
         <value>0x1131</value>
         <object_component_ref idref="oc-12e"/>
      </symbol>
      <symbol id="sm-c79">
         <name>SysCtlDelay</name>
         <value>0x393d</value>
         <object_component_ref idref="oc-24c"/>
      </symbol>
      <symbol id="sm-c7a">
         <name>SysCtlPeripheralEnable</name>
         <value>0x319d</value>
         <object_component_ref idref="oc-254"/>
      </symbol>
      <symbol id="sm-c7b">
         <name>SysCtlClockGet</name>
         <value>0xd15</value>
         <object_component_ref idref="oc-2cb"/>
      </symbol>
      <symbol id="sm-cae">
         <name>TimerLoadSet</name>
         <value>0x37c7</value>
         <object_component_ref idref="oc-2d1"/>
      </symbol>
      <symbol id="sm-caf">
         <name>TimerEnable</name>
         <value>0x3875</value>
         <object_component_ref idref="oc-301"/>
      </symbol>
      <symbol id="sm-cb0">
         <name>TimerControlTrigger</name>
         <value>0x27bd</value>
         <object_component_ref idref="oc-2e3"/>
      </symbol>
      <symbol id="sm-cb1">
         <name>TimerConfigure</name>
         <value>0x258d</value>
         <object_component_ref idref="oc-2c5"/>
      </symbol>
      <symbol id="sm-cce">
         <name>UARTClockSourceSet</name>
         <value>0x3943</value>
         <object_component_ref idref="oc-2a0"/>
      </symbol>
      <symbol id="sm-ccf">
         <name>UARTFIFOEnable</name>
         <value>0x390d</value>
         <object_component_ref idref="oc-2b2"/>
      </symbol>
      <symbol id="sm-cd0">
         <name>UARTFIFOLevelSet</name>
         <value>0x3949</value>
         <object_component_ref idref="oc-2ac"/>
      </symbol>
      <symbol id="sm-cda">
         <name>CPUcpsie</name>
         <value>0x3891</value>
         <object_component_ref idref="oc-3d0"/>
      </symbol>
      <symbol id="sm-cdb">
         <name>__TI_static_base__</name>
         <value>0x0</value>
      </symbol>
      <symbol id="sm-cde">
         <name>__mpu_init</name>
         <value>0x0</value>
      </symbol>
      <symbol id="sm-cdf">
         <name>_system_post_cinit</name>
         <value>0x0</value>
      </symbol>
   </symbol_table>
   <title>Link successful</title>
</link_info>
